
> react-typescript-starter@0.1.0 test
> react-scripts test --coverage

Browserslist: caniuse-lite is outdated. Please run:
  npx browserslist@latest --update-db
  Why you should do it regularly: https://github.com/browserslist/browserslist#browsers-data-updating
Browserslist: caniuse-lite is outdated. Please run:
  npx browserslist@latest --update-db
  Why you should do it regularly: https://github.com/browserslist/browserslist#browsers-data-updating
Browserslist: caniuse-lite is outdated. Please run:
  npx browserslist@latest --update-db
  Why you should do it regularly: https://github.com/browserslist/browserslist#browsers-data-updating
PASS src/objects.test.ts
PASS src/arrays.test.ts
PASS src/nested.test.ts
PASS src/components/StartAttempt.test.tsx
  ● Console

    console.error
      Warning: ReactDOM.render is no longer supported in React 18. Use createRoot instead. Until you switch to the new API, your app will behave as if it's running React 17. Learn more: https://reactjs.org/link/switch-to-createroot

      26 | describe("StartAttempt Component tests", () => {
      27 |     beforeEach(() => {
    > 28 |         render(<StartAttempt />);
         |         ^
      29 |     });
      30 |     test("The Number of attempts is displayed initially, without other numbers", () => {
      31 |         const attemptNumber = screen.getByText(/(\d+)/);

      at printWarning (node_modules/react-dom/cjs/react-dom.development.js:86:30)
      at error (node_modules/react-dom/cjs/react-dom.development.js:60:7)
      at Object.render (node_modules/react-dom/cjs/react-dom.development.js:29670:5)
      at node_modules/@testing-library/react/dist/pure.js:101:25
      at act (node_modules/react/cjs/react.development.js:2512:16)
      at render (node_modules/@testing-library/react/dist/pure.js:97:26)
      at Object.<anonymous> (src/components/StartAttempt.test.tsx:28:9)

    console.error
      Warning: ReactDOM.render is no longer supported in React 18. Use createRoot instead. Until you switch to the new API, your app will behave as if it's running React 17. Learn more: https://reactjs.org/link/switch-to-createroot

      26 | describe("StartAttempt Component tests", () => {
      27 |     beforeEach(() => {
    > 28 |         render(<StartAttempt />);
         |         ^
      29 |     });
      30 |     test("The Number of attempts is displayed initially, without other numbers", () => {
      31 |         const attemptNumber = screen.getByText(/(\d+)/);

      at printWarning (node_modules/react-dom/cjs/react-dom.development.js:86:30)
      at error (node_modules/react-dom/cjs/react-dom.development.js:60:7)
      at Object.render (node_modules/react-dom/cjs/react-dom.development.js:29670:5)
      at node_modules/@testing-library/react/dist/pure.js:101:25
      at act (node_modules/react/cjs/react.development.js:2512:16)
      at render (node_modules/@testing-library/react/dist/pure.js:97:26)
      at Object.<anonymous> (src/components/StartAttempt.test.tsx:28:9)

    console.error
      Warning: ReactDOM.render is no longer supported in React 18. Use createRoot instead. Until you switch to the new API, your app will behave as if it's running React 17. Learn more: https://reactjs.org/link/switch-to-createroot

      26 | describe("StartAttempt Component tests", () => {
      27 |     beforeEach(() => {
    > 28 |         render(<StartAttempt />);
         |         ^
      29 |     });
      30 |     test("The Number of attempts is displayed initially, without other numbers", () => {
      31 |         const attemptNumber = screen.getByText(/(\d+)/);

      at printWarning (node_modules/react-dom/cjs/react-dom.development.js:86:30)
      at error (node_modules/react-dom/cjs/react-dom.development.js:60:7)
      at Object.render (node_modules/react-dom/cjs/react-dom.development.js:29670:5)
      at node_modules/@testing-library/react/dist/pure.js:101:25
      at act (node_modules/react/cjs/react.development.js:2512:16)
      at render (node_modules/@testing-library/react/dist/pure.js:97:26)
      at Object.<anonymous> (src/components/StartAttempt.test.tsx:28:9)

    console.error
      Warning: ReactDOM.render is no longer supported in React 18. Use createRoot instead. Until you switch to the new API, your app will behave as if it's running React 17. Learn more: https://reactjs.org/link/switch-to-createroot

      26 | describe("StartAttempt Component tests", () => {
      27 |     beforeEach(() => {
    > 28 |         render(<StartAttempt />);
         |         ^
      29 |     });
      30 |     test("The Number of attempts is displayed initially, without other numbers", () => {
      31 |         const attemptNumber = screen.getByText(/(\d+)/);

      at printWarning (node_modules/react-dom/cjs/react-dom.development.js:86:30)
      at error (node_modules/react-dom/cjs/react-dom.development.js:60:7)
      at Object.render (node_modules/react-dom/cjs/react-dom.development.js:29670:5)
      at node_modules/@testing-library/react/dist/pure.js:101:25
      at act (node_modules/react/cjs/react.development.js:2512:16)
      at render (node_modules/@testing-library/react/dist/pure.js:97:26)
      at Object.<anonymous> (src/components/StartAttempt.test.tsx:28:9)

    console.error
      Warning: ReactDOM.render is no longer supported in React 18. Use createRoot instead. Until you switch to the new API, your app will behave as if it's running React 17. Learn more: https://reactjs.org/link/switch-to-createroot

      26 | describe("StartAttempt Component tests", () => {
      27 |     beforeEach(() => {
    > 28 |         render(<StartAttempt />);
         |         ^
      29 |     });
      30 |     test("The Number of attempts is displayed initially, without other numbers", () => {
      31 |         const attemptNumber = screen.getByText(/(\d+)/);

      at printWarning (node_modules/react-dom/cjs/react-dom.development.js:86:30)
      at error (node_modules/react-dom/cjs/react-dom.development.js:60:7)
      at Object.render (node_modules/react-dom/cjs/react-dom.development.js:29670:5)
      at node_modules/@testing-library/react/dist/pure.js:101:25
      at act (node_modules/react/cjs/react.development.js:2512:16)
      at render (node_modules/@testing-library/react/dist/pure.js:97:26)
      at Object.<anonymous> (src/components/StartAttempt.test.tsx:28:9)

    console.error
      Warning: ReactDOM.render is no longer supported in React 18. Use createRoot instead. Until you switch to the new API, your app will behave as if it's running React 17. Learn more: https://reactjs.org/link/switch-to-createroot

      26 | describe("StartAttempt Component tests", () => {
      27 |     beforeEach(() => {
    > 28 |         render(<StartAttempt />);
         |         ^
      29 |     });
      30 |     test("The Number of attempts is displayed initially, without other numbers", () => {
      31 |         const attemptNumber = screen.getByText(/(\d+)/);

      at printWarning (node_modules/react-dom/cjs/react-dom.development.js:86:30)
      at error (node_modules/react-dom/cjs/react-dom.development.js:60:7)
      at Object.render (node_modules/react-dom/cjs/react-dom.development.js:29670:5)
      at node_modules/@testing-library/react/dist/pure.js:101:25
      at act (node_modules/react/cjs/react.development.js:2512:16)
      at render (node_modules/@testing-library/react/dist/pure.js:97:26)
      at Object.<anonymous> (src/components/StartAttempt.test.tsx:28:9)

    console.error
      Warning: ReactDOM.render is no longer supported in React 18. Use createRoot instead. Until you switch to the new API, your app will behave as if it's running React 17. Learn more: https://reactjs.org/link/switch-to-createroot

      26 | describe("StartAttempt Component tests", () => {
      27 |     beforeEach(() => {
    > 28 |         render(<StartAttempt />);
         |         ^
      29 |     });
      30 |     test("The Number of attempts is displayed initially, without other numbers", () => {
      31 |         const attemptNumber = screen.getByText(/(\d+)/);

      at printWarning (node_modules/react-dom/cjs/react-dom.development.js:86:30)
      at error (node_modules/react-dom/cjs/react-dom.development.js:60:7)
      at Object.render (node_modules/react-dom/cjs/react-dom.development.js:29670:5)
      at node_modules/@testing-library/react/dist/pure.js:101:25
      at act (node_modules/react/cjs/react.development.js:2512:16)
      at render (node_modules/@testing-library/react/dist/pure.js:97:26)
      at Object.<anonymous> (src/components/StartAttempt.test.tsx:28:9)

    console.error
      Warning: ReactDOM.render is no longer supported in React 18. Use createRoot instead. Until you switch to the new API, your app will behave as if it's running React 17. Learn more: https://reactjs.org/link/switch-to-createroot

      26 | describe("StartAttempt Component tests", () => {
      27 |     beforeEach(() => {
    > 28 |         render(<StartAttempt />);
         |         ^
      29 |     });
      30 |     test("The Number of attempts is displayed initially, without other numbers", () => {
      31 |         const attemptNumber = screen.getByText(/(\d+)/);

      at printWarning (node_modules/react-dom/cjs/react-dom.development.js:86:30)
      at error (node_modules/react-dom/cjs/react-dom.development.js:60:7)
      at Object.render (node_modules/react-dom/cjs/react-dom.development.js:29670:5)
      at node_modules/@testing-library/react/dist/pure.js:101:25
      at act (node_modules/react/cjs/react.development.js:2512:16)
      at render (node_modules/@testing-library/react/dist/pure.js:97:26)
      at Object.<anonymous> (src/components/StartAttempt.test.tsx:28:9)

    console.error
      Warning: ReactDOM.render is no longer supported in React 18. Use createRoot instead. Until you switch to the new API, your app will behave as if it's running React 17. Learn more: https://reactjs.org/link/switch-to-createroot

      26 | describe("StartAttempt Component tests", () => {
      27 |     beforeEach(() => {
    > 28 |         render(<StartAttempt />);
         |         ^
      29 |     });
      30 |     test("The Number of attempts is displayed initially, without other numbers", () => {
      31 |         const attemptNumber = screen.getByText(/(\d+)/);

      at printWarning (node_modules/react-dom/cjs/react-dom.development.js:86:30)
      at error (node_modules/react-dom/cjs/react-dom.development.js:60:7)
      at Object.render (node_modules/react-dom/cjs/react-dom.development.js:29670:5)
      at node_modules/@testing-library/react/dist/pure.js:101:25
      at act (node_modules/react/cjs/react.development.js:2512:16)
      at render (node_modules/@testing-library/react/dist/pure.js:97:26)
      at Object.<anonymous> (src/components/StartAttempt.test.tsx:28:9)

    console.error
      Warning: ReactDOM.render is no longer supported in React 18. Use createRoot instead. Until you switch to the new API, your app will behave as if it's running React 17. Learn more: https://reactjs.org/link/switch-to-createroot

      26 | describe("StartAttempt Component tests", () => {
      27 |     beforeEach(() => {
    > 28 |         render(<StartAttempt />);
         |         ^
      29 |     });
      30 |     test("The Number of attempts is displayed initially, without other numbers", () => {
      31 |         const attemptNumber = screen.getByText(/(\d+)/);

      at printWarning (node_modules/react-dom/cjs/react-dom.development.js:86:30)
      at error (node_modules/react-dom/cjs/react-dom.development.js:60:7)
      at Object.render (node_modules/react-dom/cjs/react-dom.development.js:29670:5)
      at node_modules/@testing-library/react/dist/pure.js:101:25
      at act (node_modules/react/cjs/react.development.js:2512:16)
      at render (node_modules/@testing-library/react/dist/pure.js:97:26)
      at Object.<anonymous> (src/components/StartAttempt.test.tsx:28:9)

    console.error
      Warning: ReactDOM.render is no longer supported in React 18. Use createRoot instead. Until you switch to the new API, your app will behave as if it's running React 17. Learn more: https://reactjs.org/link/switch-to-createroot

      26 | describe("StartAttempt Component tests", () => {
      27 |     beforeEach(() => {
    > 28 |         render(<StartAttempt />);
         |         ^
      29 |     });
      30 |     test("The Number of attempts is displayed initially, without other numbers", () => {
      31 |         const attemptNumber = screen.getByText(/(\d+)/);

      at printWarning (node_modules/react-dom/cjs/react-dom.development.js:86:30)
      at error (node_modules/react-dom/cjs/react-dom.development.js:60:7)
      at Object.render (node_modules/react-dom/cjs/react-dom.development.js:29670:5)
      at node_modules/@testing-library/react/dist/pure.js:101:25
      at act (node_modules/react/cjs/react.development.js:2512:16)
      at render (node_modules/@testing-library/react/dist/pure.js:97:26)
      at Object.<anonymous> (src/components/StartAttempt.test.tsx:28:9)

    console.error
      Warning: ReactDOM.render is no longer supported in React 18. Use createRoot instead. Until you switch to the new API, your app will behave as if it's running React 17. Learn more: https://reactjs.org/link/switch-to-createroot

      26 | describe("StartAttempt Component tests", () => {
      27 |     beforeEach(() => {
    > 28 |         render(<StartAttempt />);
         |         ^
      29 |     });
      30 |     test("The Number of attempts is displayed initially, without other numbers", () => {
      31 |         const attemptNumber = screen.getByText(/(\d+)/);

      at printWarning (node_modules/react-dom/cjs/react-dom.development.js:86:30)
      at error (node_modules/react-dom/cjs/react-dom.development.js:60:7)
      at Object.render (node_modules/react-dom/cjs/react-dom.development.js:29670:5)
      at node_modules/@testing-library/react/dist/pure.js:101:25
      at act (node_modules/react/cjs/react.development.js:2512:16)
      at render (node_modules/@testing-library/react/dist/pure.js:97:26)
      at Object.<anonymous> (src/components/StartAttempt.test.tsx:28:9)

    console.error
      Warning: ReactDOM.render is no longer supported in React 18. Use createRoot instead. Until you switch to the new API, your app will behave as if it's running React 17. Learn more: https://reactjs.org/link/switch-to-createroot

      26 | describe("StartAttempt Component tests", () => {
      27 |     beforeEach(() => {
    > 28 |         render(<StartAttempt />);
         |         ^
      29 |     });
      30 |     test("The Number of attempts is displayed initially, without other numbers", () => {
      31 |         const attemptNumber = screen.getByText(/(\d+)/);

      at printWarning (node_modules/react-dom/cjs/react-dom.development.js:86:30)
      at error (node_modules/react-dom/cjs/react-dom.development.js:60:7)
      at Object.render (node_modules/react-dom/cjs/react-dom.development.js:29670:5)
      at node_modules/@testing-library/react/dist/pure.js:101:25
      at act (node_modules/react/cjs/react.development.js:2512:16)
      at render (node_modules/@testing-library/react/dist/pure.js:97:26)
      at Object.<anonymous> (src/components/StartAttempt.test.tsx:28:9)

PASS src/form-components/MultipleChoiceQuestion.test.tsx
  ● Console

    console.error
      Warning: ReactDOM.render is no longer supported in React 18. Use createRoot instead. Until you switch to the new API, your app will behave as if it's running React 17. Learn more: https://reactjs.org/link/switch-to-createroot

       6 | describe("MultipleChoiceQuestion Component tests", () => {
       7 |     test("There is a select box", () => {
    >  8 |         render(
         |         ^
       9 |             <MultipleChoiceQuestion
      10 |                 expectedAnswer="2"
      11 |                 options={["1", "2", "3"]}

      at printWarning (node_modules/react-dom/cjs/react-dom.development.js:86:30)
      at error (node_modules/react-dom/cjs/react-dom.development.js:60:7)
      at Object.render (node_modules/react-dom/cjs/react-dom.development.js:29670:5)
      at node_modules/@testing-library/react/dist/pure.js:101:25
      at act (node_modules/react/cjs/react.development.js:2512:16)
      at render (node_modules/@testing-library/react/dist/pure.js:97:26)
      at Object.<anonymous> (src/form-components/MultipleChoiceQuestion.test.tsx:8:9)

    console.error
      Warning: ReactDOM.render is no longer supported in React 18. Use createRoot instead. Until you switch to the new API, your app will behave as if it's running React 17. Learn more: https://reactjs.org/link/switch-to-createroot

      15 |     });
      16 |     test("The answer is initially incorrect", () => {
    > 17 |         render(
         |         ^
      18 |             <MultipleChoiceQuestion
      19 |                 expectedAnswer="2"
      20 |                 options={["1", "2", "3"]}

      at printWarning (node_modules/react-dom/cjs/react-dom.development.js:86:30)
      at error (node_modules/react-dom/cjs/react-dom.development.js:60:7)
      at Object.render (node_modules/react-dom/cjs/react-dom.development.js:29670:5)
      at node_modules/@testing-library/react/dist/pure.js:101:25
      at act (node_modules/react/cjs/react.development.js:2512:16)
      at render (node_modules/@testing-library/react/dist/pure.js:97:26)
      at Object.<anonymous> (src/form-components/MultipleChoiceQuestion.test.tsx:17:9)

    console.error
      Warning: ReactDOM.render is no longer supported in React 18. Use createRoot instead. Until you switch to the new API, your app will behave as if it's running React 17. Learn more: https://reactjs.org/link/switch-to-createroot

      25 |     });
      26 |     test("Can choose the correct answer", () => {
    > 27 |         render(
         |         ^
      28 |             <MultipleChoiceQuestion
      29 |                 expectedAnswer="2"
      30 |                 options={["1", "2", "3"]}

      at printWarning (node_modules/react-dom/cjs/react-dom.development.js:86:30)
      at error (node_modules/react-dom/cjs/react-dom.development.js:60:7)
      at Object.render (node_modules/react-dom/cjs/react-dom.development.js:29670:5)
      at node_modules/@testing-library/react/dist/pure.js:101:25
      at act (node_modules/react/cjs/react.development.js:2512:16)
      at render (node_modules/@testing-library/react/dist/pure.js:97:26)
      at Object.<anonymous> (src/form-components/MultipleChoiceQuestion.test.tsx:27:9)

    console.error
      Warning: ReactDOM.render is no longer supported in React 18. Use createRoot instead. Until you switch to the new API, your app will behave as if it's running React 17. Learn more: https://reactjs.org/link/switch-to-createroot

      37 |     });
      38 |     test("Can choose the correct answer and then incorrect", () => {
    > 39 |         render(
         |         ^
      40 |             <MultipleChoiceQuestion
      41 |                 expectedAnswer="2"
      42 |                 options={["1", "2", "3"]}

      at printWarning (node_modules/react-dom/cjs/react-dom.development.js:86:30)
      at error (node_modules/react-dom/cjs/react-dom.development.js:60:7)
      at Object.render (node_modules/react-dom/cjs/react-dom.development.js:29670:5)
      at node_modules/@testing-library/react/dist/pure.js:101:25
      at act (node_modules/react/cjs/react.development.js:2512:16)
      at render (node_modules/@testing-library/react/dist/pure.js:97:26)
      at Object.<anonymous> (src/form-components/MultipleChoiceQuestion.test.tsx:39:9)

    console.error
      Warning: ReactDOM.render is no longer supported in React 18. Use createRoot instead. Until you switch to the new API, your app will behave as if it's running React 17. Learn more: https://reactjs.org/link/switch-to-createroot

      52 |     });
      53 |     test("Can start off initially correct", () => {
    > 54 |         render(
         |         ^
      55 |             <MultipleChoiceQuestion
      56 |                 expectedAnswer="Alpha"
      57 |                 options={["Alpha", "Beta", "Gamma"]}

      at printWarning (node_modules/react-dom/cjs/react-dom.development.js:86:30)
      at error (node_modules/react-dom/cjs/react-dom.development.js:60:7)
      at Object.render (node_modules/react-dom/cjs/react-dom.development.js:29670:5)
      at node_modules/@testing-library/react/dist/pure.js:101:25
      at act (node_modules/react/cjs/react.development.js:2512:16)
      at render (node_modules/@testing-library/react/dist/pure.js:97:26)
      at Object.<anonymous> (src/form-components/MultipleChoiceQuestion.test.tsx:54:9)

    console.error
      Warning: ReactDOM.render is no longer supported in React 18. Use createRoot instead. Until you switch to the new API, your app will behave as if it's running React 17. Learn more: https://reactjs.org/link/switch-to-createroot

      64 |     });
      65 |     test("One more test of choosing the right answer", () => {
    > 66 |         render(
         |         ^
      67 |             <MultipleChoiceQuestion
      68 |                 expectedAnswer="World"
      69 |                 options={["Hello", "World"]}

      at printWarning (node_modules/react-dom/cjs/react-dom.development.js:86:30)
      at error (node_modules/react-dom/cjs/react-dom.development.js:60:7)
      at Object.render (node_modules/react-dom/cjs/react-dom.development.js:29670:5)
      at node_modules/@testing-library/react/dist/pure.js:101:25
      at act (node_modules/react/cjs/react.development.js:2512:16)
      at render (node_modules/@testing-library/react/dist/pure.js:97:26)
      at Object.<anonymous> (src/form-components/MultipleChoiceQuestion.test.tsx:66:9)

PASS src/components/TwoDice.test.tsx
  ● Console

    console.error
      Warning: ReactDOM.render is no longer supported in React 18. Use createRoot instead. Until you switch to the new API, your app will behave as if it's running React 17. Learn more: https://reactjs.org/link/switch-to-createroot

      26 | describe("StartAttempt Component tests", () => {
      27 |     beforeEach(() => {
    > 28 |         render(<StartAttempt />);
         |         ^
      29 |     });
      30 |     test("The Number of attempts is displayed initially, without other numbers", () => {
      31 |         const attemptNumber = screen.getByText(/(\d+)/);

      at printWarning (node_modules/react-dom/cjs/react-dom.development.js:86:30)
      at error (node_modules/react-dom/cjs/react-dom.development.js:60:7)
      at Object.render (node_modules/react-dom/cjs/react-dom.development.js:29670:5)
      at node_modules/@testing-library/react/dist/pure.js:101:25
      at act (node_modules/react/cjs/react.development.js:2512:16)
      at render (node_modules/@testing-library/react/dist/pure.js:97:26)
      at Object.<anonymous> (src/components/StartAttempt.test.tsx:28:9)

    console.error
      Warning: ReactDOM.render is no longer supported in React 18. Use createRoot instead. Until you switch to the new API, your app will behave as if it's running React 17. Learn more: https://reactjs.org/link/switch-to-createroot

      26 | describe("StartAttempt Component tests", () => {
      27 |     beforeEach(() => {
    > 28 |         render(<StartAttempt />);
         |         ^
      29 |     });
      30 |     test("The Number of attempts is displayed initially, without other numbers", () => {
      31 |         const attemptNumber = screen.getByText(/(\d+)/);

      at printWarning (node_modules/react-dom/cjs/react-dom.development.js:86:30)
      at error (node_modules/react-dom/cjs/react-dom.development.js:60:7)
      at Object.render (node_modules/react-dom/cjs/react-dom.development.js:29670:5)
      at node_modules/@testing-library/react/dist/pure.js:101:25
      at act (node_modules/react/cjs/react.development.js:2512:16)
      at render (node_modules/@testing-library/react/dist/pure.js:97:26)
      at Object.<anonymous> (src/components/StartAttempt.test.tsx:28:9)

    console.error
      Warning: ReactDOM.render is no longer supported in React 18. Use createRoot instead. Until you switch to the new API, your app will behave as if it's running React 17. Learn more: https://reactjs.org/link/switch-to-createroot

      26 | describe("StartAttempt Component tests", () => {
      27 |     beforeEach(() => {
    > 28 |         render(<StartAttempt />);
         |         ^
      29 |     });
      30 |     test("The Number of attempts is displayed initially, without other numbers", () => {
      31 |         const attemptNumber = screen.getByText(/(\d+)/);

      at printWarning (node_modules/react-dom/cjs/react-dom.development.js:86:30)
      at error (node_modules/react-dom/cjs/react-dom.development.js:60:7)
      at Object.render (node_modules/react-dom/cjs/react-dom.development.js:29670:5)
      at node_modules/@testing-library/react/dist/pure.js:101:25
      at act (node_modules/react/cjs/react.development.js:2512:16)
      at render (node_modules/@testing-library/react/dist/pure.js:97:26)
      at Object.<anonymous> (src/components/StartAttempt.test.tsx:28:9)

    console.error
      Warning: ReactDOM.render is no longer supported in React 18. Use createRoot instead. Until you switch to the new API, your app will behave as if it's running React 17. Learn more: https://reactjs.org/link/switch-to-createroot

      26 | describe("StartAttempt Component tests", () => {
      27 |     beforeEach(() => {
    > 28 |         render(<StartAttempt />);
         |         ^
      29 |     });
      30 |     test("The Number of attempts is displayed initially, without other numbers", () => {
      31 |         const attemptNumber = screen.getByText(/(\d+)/);

      at printWarning (node_modules/react-dom/cjs/react-dom.development.js:86:30)
      at error (node_modules/react-dom/cjs/react-dom.development.js:60:7)
      at Object.render (node_modules/react-dom/cjs/react-dom.development.js:29670:5)
      at node_modules/@testing-library/react/dist/pure.js:101:25
      at act (node_modules/react/cjs/react.development.js:2512:16)
      at render (node_modules/@testing-library/react/dist/pure.js:97:26)
      at Object.<anonymous> (src/components/StartAttempt.test.tsx:28:9)

    console.error
      Warning: ReactDOM.render is no longer supported in React 18. Use createRoot instead. Until you switch to the new API, your app will behave as if it's running React 17. Learn more: https://reactjs.org/link/switch-to-createroot

      26 | describe("StartAttempt Component tests", () => {
      27 |     beforeEach(() => {
    > 28 |         render(<StartAttempt />);
         |         ^
      29 |     });
      30 |     test("The Number of attempts is displayed initially, without other numbers", () => {
      31 |         const attemptNumber = screen.getByText(/(\d+)/);

      at printWarning (node_modules/react-dom/cjs/react-dom.development.js:86:30)
      at error (node_modules/react-dom/cjs/react-dom.development.js:60:7)
      at Object.render (node_modules/react-dom/cjs/react-dom.development.js:29670:5)
      at node_modules/@testing-library/react/dist/pure.js:101:25
      at act (node_modules/react/cjs/react.development.js:2512:16)
      at render (node_modules/@testing-library/react/dist/pure.js:97:26)
      at Object.<anonymous> (src/components/StartAttempt.test.tsx:28:9)

    console.error
      Warning: ReactDOM.render is no longer supported in React 18. Use createRoot instead. Until you switch to the new API, your app will behave as if it's running React 17. Learn more: https://reactjs.org/link/switch-to-createroot

      26 | describe("StartAttempt Component tests", () => {
      27 |     beforeEach(() => {
    > 28 |         render(<StartAttempt />);
         |         ^
      29 |     });
      30 |     test("The Number of attempts is displayed initially, without other numbers", () => {
      31 |         const attemptNumber = screen.getByText(/(\d+)/);

      at printWarning (node_modules/react-dom/cjs/react-dom.development.js:86:30)
      at error (node_modules/react-dom/cjs/react-dom.development.js:60:7)
      at Object.render (node_modules/react-dom/cjs/react-dom.development.js:29670:5)
      at node_modules/@testing-library/react/dist/pure.js:101:25
      at act (node_modules/react/cjs/react.development.js:2512:16)
      at render (node_modules/@testing-library/react/dist/pure.js:97:26)
      at Object.<anonymous> (src/components/StartAttempt.test.tsx:28:9)

    console.error
      Warning: ReactDOM.render is no longer supported in React 18. Use createRoot instead. Until you switch to the new API, your app will behave as if it's running React 17. Learn more: https://reactjs.org/link/switch-to-createroot

      26 | describe("StartAttempt Component tests", () => {
      27 |     beforeEach(() => {
    > 28 |         render(<StartAttempt />);
         |         ^
      29 |     });
      30 |     test("The Number of attempts is displayed initially, without other numbers", () => {
      31 |         const attemptNumber = screen.getByText(/(\d+)/);

      at printWarning (node_modules/react-dom/cjs/react-dom.development.js:86:30)
      at error (node_modules/react-dom/cjs/react-dom.development.js:60:7)
      at Object.render (node_modules/react-dom/cjs/react-dom.development.js:29670:5)
      at node_modules/@testing-library/react/dist/pure.js:101:25
      at act (node_modules/react/cjs/react.development.js:2512:16)
      at render (node_modules/@testing-library/react/dist/pure.js:97:26)
      at Object.<anonymous> (src/components/StartAttempt.test.tsx:28:9)

    console.error
      Warning: ReactDOM.render is no longer supported in React 18. Use createRoot instead. Until you switch to the new API, your app will behave as if it's running React 17. Learn more: https://reactjs.org/link/switch-to-createroot

      26 | describe("StartAttempt Component tests", () => {
      27 |     beforeEach(() => {
    > 28 |         render(<StartAttempt />);
         |         ^
      29 |     });
      30 |     test("The Number of attempts is displayed initially, without other numbers", () => {
      31 |         const attemptNumber = screen.getByText(/(\d+)/);

      at printWarning (node_modules/react-dom/cjs/react-dom.development.js:86:30)
      at error (node_modules/react-dom/cjs/react-dom.development.js:60:7)
      at Object.render (node_modules/react-dom/cjs/react-dom.development.js:29670:5)
      at node_modules/@testing-library/react/dist/pure.js:101:25
      at act (node_modules/react/cjs/react.development.js:2512:16)
      at render (node_modules/@testing-library/react/dist/pure.js:97:26)
      at Object.<anonymous> (src/components/StartAttempt.test.tsx:28:9)

    console.error
      Warning: ReactDOM.render is no longer supported in React 18. Use createRoot instead. Until you switch to the new API, your app will behave as if it's running React 17. Learn more: https://reactjs.org/link/switch-to-createroot

      26 | describe("StartAttempt Component tests", () => {
      27 |     beforeEach(() => {
    > 28 |         render(<StartAttempt />);
         |         ^
      29 |     });
      30 |     test("The Number of attempts is displayed initially, without other numbers", () => {
      31 |         const attemptNumber = screen.getByText(/(\d+)/);

      at printWarning (node_modules/react-dom/cjs/react-dom.development.js:86:30)
      at error (node_modules/react-dom/cjs/react-dom.development.js:60:7)
      at Object.render (node_modules/react-dom/cjs/react-dom.development.js:29670:5)
      at node_modules/@testing-library/react/dist/pure.js:101:25
      at act (node_modules/react/cjs/react.development.js:2512:16)
      at render (node_modules/@testing-library/react/dist/pure.js:97:26)
      at Object.<anonymous> (src/components/StartAttempt.test.tsx:28:9)

    console.error
      Warning: ReactDOM.render is no longer supported in React 18. Use createRoot instead. Until you switch to the new API, your app will behave as if it's running React 17. Learn more: https://reactjs.org/link/switch-to-createroot

      26 | describe("StartAttempt Component tests", () => {
      27 |     beforeEach(() => {
    > 28 |         render(<StartAttempt />);
         |         ^
      29 |     });
      30 |     test("The Number of attempts is displayed initially, without other numbers", () => {
      31 |         const attemptNumber = screen.getByText(/(\d+)/);

      at printWarning (node_modules/react-dom/cjs/react-dom.development.js:86:30)
      at error (node_modules/react-dom/cjs/react-dom.development.js:60:7)
      at Object.render (node_modules/react-dom/cjs/react-dom.development.js:29670:5)
      at node_modules/@testing-library/react/dist/pure.js:101:25
      at act (node_modules/react/cjs/react.development.js:2512:16)
      at render (node_modules/@testing-library/react/dist/pure.js:97:26)
      at Object.<anonymous> (src/components/StartAttempt.test.tsx:28:9)

    console.error
      Warning: ReactDOM.render is no longer supported in React 18. Use createRoot instead. Until you switch to the new API, your app will behave as if it's running React 17. Learn more: https://reactjs.org/link/switch-to-createroot

      26 | describe("StartAttempt Component tests", () => {
      27 |     beforeEach(() => {
    > 28 |         render(<StartAttempt />);
         |         ^
      29 |     });
      30 |     test("The Number of attempts is displayed initially, without other numbers", () => {
      31 |         const attemptNumber = screen.getByText(/(\d+)/);

      at printWarning (node_modules/react-dom/cjs/react-dom.development.js:86:30)
      at error (node_modules/react-dom/cjs/react-dom.development.js:60:7)
      at Object.render (node_modules/react-dom/cjs/react-dom.development.js:29670:5)
      at node_modules/@testing-library/react/dist/pure.js:101:25
      at act (node_modules/react/cjs/react.development.js:2512:16)
      at render (node_modules/@testing-library/react/dist/pure.js:97:26)
      at Object.<anonymous> (src/components/StartAttempt.test.tsx:28:9)

    console.error
      Warning: ReactDOM.render is no longer supported in React 18. Use createRoot instead. Until you switch to the new API, your app will behave as if it's running React 17. Learn more: https://reactjs.org/link/switch-to-createroot

      26 | describe("StartAttempt Component tests", () => {
      27 |     beforeEach(() => {
    > 28 |         render(<StartAttempt />);
         |         ^
      29 |     });
      30 |     test("The Number of attempts is displayed initially, without other numbers", () => {
      31 |         const attemptNumber = screen.getByText(/(\d+)/);

      at printWarning (node_modules/react-dom/cjs/react-dom.development.js:86:30)
      at error (node_modules/react-dom/cjs/react-dom.development.js:60:7)
      at Object.render (node_modules/react-dom/cjs/react-dom.development.js:29670:5)
      at node_modules/@testing-library/react/dist/pure.js:101:25
      at act (node_modules/react/cjs/react.development.js:2512:16)
      at render (node_modules/@testing-library/react/dist/pure.js:97:26)
      at Object.<anonymous> (src/components/StartAttempt.test.tsx:28:9)

    console.error
      Warning: ReactDOM.render is no longer supported in React 18. Use createRoot instead. Until you switch to the new API, your app will behave as if it's running React 17. Learn more: https://reactjs.org/link/switch-to-createroot

      26 | describe("StartAttempt Component tests", () => {
      27 |     beforeEach(() => {
    > 28 |         render(<StartAttempt />);
         |         ^
      29 |     });
      30 |     test("The Number of attempts is displayed initially, without other numbers", () => {
      31 |         const attemptNumber = screen.getByText(/(\d+)/);

      at printWarning (node_modules/react-dom/cjs/react-dom.development.js:86:30)
      at error (node_modules/react-dom/cjs/react-dom.development.js:60:7)
      at Object.render (node_modules/react-dom/cjs/react-dom.development.js:29670:5)
      at node_modules/@testing-library/react/dist/pure.js:101:25
      at act (node_modules/react/cjs/react.development.js:2512:16)
      at render (node_modules/@testing-library/react/dist/pure.js:97:26)
      at Object.<anonymous> (src/components/StartAttempt.test.tsx:28:9)

    console.error
      Warning: ReactDOM.render is no longer supported in React 18. Use createRoot instead. Until you switch to the new API, your app will behave as if it's running React 17. Learn more: https://reactjs.org/link/switch-to-createroot

      21 |     });
      22 |     beforeEach(() => {
    > 23 |         render(<TwoDice />);
         |         ^
      24 |     });
      25 |     test("There is a `left-die` and `right-die` testid", () => {
      26 |         const leftDie = screen.getByTestId("left-die");

      at printWarning (node_modules/react-dom/cjs/react-dom.development.js:86:30)
      at error (node_modules/react-dom/cjs/react-dom.development.js:60:7)
      at Object.render (node_modules/react-dom/cjs/react-dom.development.js:29670:5)
      at node_modules/@testing-library/react/dist/pure.js:101:25
      at act (node_modules/react/cjs/react.development.js:2512:16)
      at render (node_modules/@testing-library/react/dist/pure.js:97:26)
      at Object.<anonymous> (src/components/TwoDice.test.tsx:23:9)

    console.error
      Warning: ReactDOM.render is no longer supported in React 18. Use createRoot instead. Until you switch to the new API, your app will behave as if it's running React 17. Learn more: https://reactjs.org/link/switch-to-createroot

      21 |     });
      22 |     beforeEach(() => {
    > 23 |         render(<TwoDice />);
         |         ^
      24 |     });
      25 |     test("There is a `left-die` and `right-die` testid", () => {
      26 |         const leftDie = screen.getByTestId("left-die");

      at printWarning (node_modules/react-dom/cjs/react-dom.development.js:86:30)
      at error (node_modules/react-dom/cjs/react-dom.development.js:60:7)
      at Object.render (node_modules/react-dom/cjs/react-dom.development.js:29670:5)
      at node_modules/@testing-library/react/dist/pure.js:101:25
      at act (node_modules/react/cjs/react.development.js:2512:16)
      at render (node_modules/@testing-library/react/dist/pure.js:97:26)
      at Object.<anonymous> (src/components/TwoDice.test.tsx:23:9)

    console.error
      Warning: ReactDOM.render is no longer supported in React 18. Use createRoot instead. Until you switch to the new API, your app will behave as if it's running React 17. Learn more: https://reactjs.org/link/switch-to-createroot

      21 |     });
      22 |     beforeEach(() => {
    > 23 |         render(<TwoDice />);
         |         ^
      24 |     });
      25 |     test("There is a `left-die` and `right-die` testid", () => {
      26 |         const leftDie = screen.getByTestId("left-die");

      at printWarning (node_modules/react-dom/cjs/react-dom.development.js:86:30)
      at error (node_modules/react-dom/cjs/react-dom.development.js:60:7)
      at Object.render (node_modules/react-dom/cjs/react-dom.development.js:29670:5)
      at node_modules/@testing-library/react/dist/pure.js:101:25
      at act (node_modules/react/cjs/react.development.js:2512:16)
      at render (node_modules/@testing-library/react/dist/pure.js:97:26)
      at Object.<anonymous> (src/components/TwoDice.test.tsx:23:9)

    console.error
      Warning: ReactDOM.render is no longer supported in React 18. Use createRoot instead. Until you switch to the new API, your app will behave as if it's running React 17. Learn more: https://reactjs.org/link/switch-to-createroot

      21 |     });
      22 |     beforeEach(() => {
    > 23 |         render(<TwoDice />);
         |         ^
      24 |     });
      25 |     test("There is a `left-die` and `right-die` testid", () => {
      26 |         const leftDie = screen.getByTestId("left-die");

      at printWarning (node_modules/react-dom/cjs/react-dom.development.js:86:30)
      at error (node_modules/react-dom/cjs/react-dom.development.js:60:7)
      at Object.render (node_modules/react-dom/cjs/react-dom.development.js:29670:5)
      at node_modules/@testing-library/react/dist/pure.js:101:25
      at act (node_modules/react/cjs/react.development.js:2512:16)
      at render (node_modules/@testing-library/react/dist/pure.js:97:26)
      at Object.<anonymous> (src/components/TwoDice.test.tsx:23:9)

    console.error
      Warning: ReactDOM.render is no longer supported in React 18. Use createRoot instead. Until you switch to the new API, your app will behave as if it's running React 17. Learn more: https://reactjs.org/link/switch-to-createroot

      21 |     });
      22 |     beforeEach(() => {
    > 23 |         render(<TwoDice />);
         |         ^
      24 |     });
      25 |     test("There is a `left-die` and `right-die` testid", () => {
      26 |         const leftDie = screen.getByTestId("left-die");

      at printWarning (node_modules/react-dom/cjs/react-dom.development.js:86:30)
      at error (node_modules/react-dom/cjs/react-dom.development.js:60:7)
      at Object.render (node_modules/react-dom/cjs/react-dom.development.js:29670:5)
      at node_modules/@testing-library/react/dist/pure.js:101:25
      at act (node_modules/react/cjs/react.development.js:2512:16)
      at render (node_modules/@testing-library/react/dist/pure.js:97:26)
      at Object.<anonymous> (src/components/TwoDice.test.tsx:23:9)

    console.error
      Warning: ReactDOM.render is no longer supported in React 18. Use createRoot instead. Until you switch to the new API, your app will behave as if it's running React 17. Learn more: https://reactjs.org/link/switch-to-createroot

      21 |     });
      22 |     beforeEach(() => {
    > 23 |         render(<TwoDice />);
         |         ^
      24 |     });
      25 |     test("There is a `left-die` and `right-die` testid", () => {
      26 |         const leftDie = screen.getByTestId("left-die");

      at printWarning (node_modules/react-dom/cjs/react-dom.development.js:86:30)
      at error (node_modules/react-dom/cjs/react-dom.development.js:60:7)
      at Object.render (node_modules/react-dom/cjs/react-dom.development.js:29670:5)
      at node_modules/@testing-library/react/dist/pure.js:101:25
      at act (node_modules/react/cjs/react.development.js:2512:16)
      at render (node_modules/@testing-library/react/dist/pure.js:97:26)
      at Object.<anonymous> (src/components/TwoDice.test.tsx:23:9)

    console.error
      Warning: ReactDOM.render is no longer supported in React 18. Use createRoot instead. Until you switch to the new API, your app will behave as if it's running React 17. Learn more: https://reactjs.org/link/switch-to-createroot

      21 |     });
      22 |     beforeEach(() => {
    > 23 |         render(<TwoDice />);
         |         ^
      24 |     });
      25 |     test("There is a `left-die` and `right-die` testid", () => {
      26 |         const leftDie = screen.getByTestId("left-die");

      at printWarning (node_modules/react-dom/cjs/react-dom.development.js:86:30)
      at error (node_modules/react-dom/cjs/react-dom.development.js:60:7)
      at Object.render (node_modules/react-dom/cjs/react-dom.development.js:29670:5)
      at node_modules/@testing-library/react/dist/pure.js:101:25
      at act (node_modules/react/cjs/react.development.js:2512:16)
      at render (node_modules/@testing-library/react/dist/pure.js:97:26)
      at Object.<anonymous> (src/components/TwoDice.test.tsx:23:9)

    console.error
      Warning: ReactDOM.render is no longer supported in React 18. Use createRoot instead. Until you switch to the new API, your app will behave as if it's running React 17. Learn more: https://reactjs.org/link/switch-to-createroot

      21 |     });
      22 |     beforeEach(() => {
    > 23 |         render(<TwoDice />);
         |         ^
      24 |     });
      25 |     test("There is a `left-die` and `right-die` testid", () => {
      26 |         const leftDie = screen.getByTestId("left-die");

      at printWarning (node_modules/react-dom/cjs/react-dom.development.js:86:30)
      at error (node_modules/react-dom/cjs/react-dom.development.js:60:7)
      at Object.render (node_modules/react-dom/cjs/react-dom.development.js:29670:5)
      at node_modules/@testing-library/react/dist/pure.js:101:25
      at act (node_modules/react/cjs/react.development.js:2512:16)
      at render (node_modules/@testing-library/react/dist/pure.js:97:26)
      at Object.<anonymous> (src/components/TwoDice.test.tsx:23:9)

PASS src/bad-components/DoubleHalf.test.tsx
  ● Console

    console.error
      Warning: ReactDOM.render is no longer supported in React 18. Use createRoot instead. Until you switch to the new API, your app will behave as if it's running React 17. Learn more: https://reactjs.org/link/switch-to-createroot

       5 | describe("DoubleHalf Component tests", () => {
       6 |     beforeEach(() => {
    >  7 |         render(<DoubleHalf />);
         |         ^
       8 |     });
       9 |     test("The DoubleHalf value is initially 10", () => {
      10 |         expect(screen.getByText("10")).toBeInTheDocument();

      at printWarning (node_modules/react-dom/cjs/react-dom.development.js:86:30)
      at error (node_modules/react-dom/cjs/react-dom.development.js:60:7)
      at Object.render (node_modules/react-dom/cjs/react-dom.development.js:29670:5)
      at node_modules/@testing-library/react/dist/pure.js:101:25
      at act (node_modules/react/cjs/react.development.js:2512:16)
      at render (node_modules/@testing-library/react/dist/pure.js:97:26)
      at Object.<anonymous> (src/bad-components/DoubleHalf.test.tsx:7:9)

    console.error
      Warning: ReactDOM.render is no longer supported in React 18. Use createRoot instead. Until you switch to the new API, your app will behave as if it's running React 17. Learn more: https://reactjs.org/link/switch-to-createroot

       5 | describe("DoubleHalf Component tests", () => {
       6 |     beforeEach(() => {
    >  7 |         render(<DoubleHalf />);
         |         ^
       8 |     });
       9 |     test("The DoubleHalf value is initially 10", () => {
      10 |         expect(screen.getByText("10")).toBeInTheDocument();

      at printWarning (node_modules/react-dom/cjs/react-dom.development.js:86:30)
      at error (node_modules/react-dom/cjs/react-dom.development.js:60:7)
      at Object.render (node_modules/react-dom/cjs/react-dom.development.js:29670:5)
      at node_modules/@testing-library/react/dist/pure.js:101:25
      at act (node_modules/react/cjs/react.development.js:2512:16)
      at render (node_modules/@testing-library/react/dist/pure.js:97:26)
      at Object.<anonymous> (src/bad-components/DoubleHalf.test.tsx:7:9)

    console.error
      Warning: ReactDOM.render is no longer supported in React 18. Use createRoot instead. Until you switch to the new API, your app will behave as if it's running React 17. Learn more: https://reactjs.org/link/switch-to-createroot

       5 | describe("DoubleHalf Component tests", () => {
       6 |     beforeEach(() => {
    >  7 |         render(<DoubleHalf />);
         |         ^
       8 |     });
       9 |     test("The DoubleHalf value is initially 10", () => {
      10 |         expect(screen.getByText("10")).toBeInTheDocument();

      at printWarning (node_modules/react-dom/cjs/react-dom.development.js:86:30)
      at error (node_modules/react-dom/cjs/react-dom.development.js:60:7)
      at Object.render (node_modules/react-dom/cjs/react-dom.development.js:29670:5)
      at node_modules/@testing-library/react/dist/pure.js:101:25
      at act (node_modules/react/cjs/react.development.js:2512:16)
      at render (node_modules/@testing-library/react/dist/pure.js:97:26)
      at Object.<anonymous> (src/bad-components/DoubleHalf.test.tsx:7:9)

    console.error
      Warning: ReactDOM.render is no longer supported in React 18. Use createRoot instead. Until you switch to the new API, your app will behave as if it's running React 17. Learn more: https://reactjs.org/link/switch-to-createroot

       5 | describe("DoubleHalf Component tests", () => {
       6 |     beforeEach(() => {
    >  7 |         render(<DoubleHalf />);
         |         ^
       8 |     });
       9 |     test("The DoubleHalf value is initially 10", () => {
      10 |         expect(screen.getByText("10")).toBeInTheDocument();

      at printWarning (node_modules/react-dom/cjs/react-dom.development.js:86:30)
      at error (node_modules/react-dom/cjs/react-dom.development.js:60:7)
      at Object.render (node_modules/react-dom/cjs/react-dom.development.js:29670:5)
      at node_modules/@testing-library/react/dist/pure.js:101:25
      at act (node_modules/react/cjs/react.development.js:2512:16)
      at render (node_modules/@testing-library/react/dist/pure.js:97:26)
      at Object.<anonymous> (src/bad-components/DoubleHalf.test.tsx:7:9)

    console.error
      Warning: ReactDOM.render is no longer supported in React 18. Use createRoot instead. Until you switch to the new API, your app will behave as if it's running React 17. Learn more: https://reactjs.org/link/switch-to-createroot

       5 | describe("DoubleHalf Component tests", () => {
       6 |     beforeEach(() => {
    >  7 |         render(<DoubleHalf />);
         |         ^
       8 |     });
       9 |     test("The DoubleHalf value is initially 10", () => {
      10 |         expect(screen.getByText("10")).toBeInTheDocument();

      at printWarning (node_modules/react-dom/cjs/react-dom.development.js:86:30)
      at error (node_modules/react-dom/cjs/react-dom.development.js:60:7)
      at Object.render (node_modules/react-dom/cjs/react-dom.development.js:29670:5)
      at node_modules/@testing-library/react/dist/pure.js:101:25
      at act (node_modules/react/cjs/react.development.js:2512:16)
      at render (node_modules/@testing-library/react/dist/pure.js:97:26)
      at Object.<anonymous> (src/bad-components/DoubleHalf.test.tsx:7:9)

PASS src/bad-components/ChooseTeam.test.tsx
  ● Console

    console.error
      Warning: ReactDOM.render is no longer supported in React 18. Use createRoot instead. Until you switch to the new API, your app will behave as if it's running React 17. Learn more: https://reactjs.org/link/switch-to-createroot

       5 | describe("ChooseTeam Component tests", () => {
       6 |     beforeEach(() => {
    >  7 |         render(<ChooseTeam />);
         |         ^
       8 |     });
       9 |     test("The initial team is empty", () => {
      10 |         const currentTeam = screen.queryAllByRole("listitem");

      at printWarning (node_modules/react-dom/cjs/react-dom.development.js:86:30)
      at error (node_modules/react-dom/cjs/react-dom.development.js:60:7)
      at Object.render (node_modules/react-dom/cjs/react-dom.development.js:29670:5)
      at node_modules/@testing-library/react/dist/pure.js:101:25
      at act (node_modules/react/cjs/react.development.js:2512:16)
      at render (node_modules/@testing-library/react/dist/pure.js:97:26)
      at Object.<anonymous> (src/bad-components/ChooseTeam.test.tsx:7:9)

    console.error
      Warning: ReactDOM.render is no longer supported in React 18. Use createRoot instead. Until you switch to the new API, your app will behave as if it's running React 17. Learn more: https://reactjs.org/link/switch-to-createroot

       5 | describe("ChooseTeam Component tests", () => {
       6 |     beforeEach(() => {
    >  7 |         render(<ChooseTeam />);
         |         ^
       8 |     });
       9 |     test("The initial team is empty", () => {
      10 |         const currentTeam = screen.queryAllByRole("listitem");

      at printWarning (node_modules/react-dom/cjs/react-dom.development.js:86:30)
      at error (node_modules/react-dom/cjs/react-dom.development.js:60:7)
      at Object.render (node_modules/react-dom/cjs/react-dom.development.js:29670:5)
      at node_modules/@testing-library/react/dist/pure.js:101:25
      at act (node_modules/react/cjs/react.development.js:2512:16)
      at render (node_modules/@testing-library/react/dist/pure.js:97:26)
      at Object.<anonymous> (src/bad-components/ChooseTeam.test.tsx:7:9)

    console.error
      Warning: ReactDOM.render is no longer supported in React 18. Use createRoot instead. Until you switch to the new API, your app will behave as if it's running React 17. Learn more: https://reactjs.org/link/switch-to-createroot

       5 | describe("ChooseTeam Component tests", () => {
       6 |     beforeEach(() => {
    >  7 |         render(<ChooseTeam />);
         |         ^
       8 |     });
       9 |     test("The initial team is empty", () => {
      10 |         const currentTeam = screen.queryAllByRole("listitem");

      at printWarning (node_modules/react-dom/cjs/react-dom.development.js:86:30)
      at error (node_modules/react-dom/cjs/react-dom.development.js:60:7)
      at Object.render (node_modules/react-dom/cjs/react-dom.development.js:29670:5)
      at node_modules/@testing-library/react/dist/pure.js:101:25
      at act (node_modules/react/cjs/react.development.js:2512:16)
      at render (node_modules/@testing-library/react/dist/pure.js:97:26)
      at Object.<anonymous> (src/bad-components/ChooseTeam.test.tsx:7:9)

    console.error
      Warning: ReactDOM.render is no longer supported in React 18. Use createRoot instead. Until you switch to the new API, your app will behave as if it's running React 17. Learn more: https://reactjs.org/link/switch-to-createroot

       5 | describe("ChooseTeam Component tests", () => {
       6 |     beforeEach(() => {
    >  7 |         render(<ChooseTeam />);
         |         ^
       8 |     });
       9 |     test("The initial team is empty", () => {
      10 |         const currentTeam = screen.queryAllByRole("listitem");

      at printWarning (node_modules/react-dom/cjs/react-dom.development.js:86:30)
      at error (node_modules/react-dom/cjs/react-dom.development.js:60:7)
      at Object.render (node_modules/react-dom/cjs/react-dom.development.js:29670:5)
      at node_modules/@testing-library/react/dist/pure.js:101:25
      at act (node_modules/react/cjs/react.development.js:2512:16)
      at render (node_modules/@testing-library/react/dist/pure.js:97:26)
      at Object.<anonymous> (src/bad-components/ChooseTeam.test.tsx:7:9)

    console.error
      Warning: ReactDOM.render is no longer supported in React 18. Use createRoot instead. Until you switch to the new API, your app will behave as if it's running React 17. Learn more: https://reactjs.org/link/switch-to-createroot

       5 | describe("ChooseTeam Component tests", () => {
       6 |     beforeEach(() => {
    >  7 |         render(<ChooseTeam />);
         |         ^
       8 |     });
       9 |     test("The initial team is empty", () => {
      10 |         const currentTeam = screen.queryAllByRole("listitem");

      at printWarning (node_modules/react-dom/cjs/react-dom.development.js:86:30)
      at error (node_modules/react-dom/cjs/react-dom.development.js:60:7)
      at Object.render (node_modules/react-dom/cjs/react-dom.development.js:29670:5)
      at node_modules/@testing-library/react/dist/pure.js:101:25
      at act (node_modules/react/cjs/react.development.js:2512:16)
      at render (node_modules/@testing-library/react/dist/pure.js:97:26)
      at Object.<anonymous> (src/bad-components/ChooseTeam.test.tsx:7:9)

    console.error
      Warning: ReactDOM.render is no longer supported in React 18. Use createRoot instead. Until you switch to the new API, your app will behave as if it's running React 17. Learn more: https://reactjs.org/link/switch-to-createroot

       5 | describe("ChooseTeam Component tests", () => {
       6 |     beforeEach(() => {
    >  7 |         render(<ChooseTeam />);
         |         ^
       8 |     });
       9 |     test("The initial team is empty", () => {
      10 |         const currentTeam = screen.queryAllByRole("listitem");

      at printWarning (node_modules/react-dom/cjs/react-dom.development.js:86:30)
      at error (node_modules/react-dom/cjs/react-dom.development.js:60:7)
      at Object.render (node_modules/react-dom/cjs/react-dom.development.js:29670:5)
      at node_modules/@testing-library/react/dist/pure.js:101:25
      at act (node_modules/react/cjs/react.development.js:2512:16)
      at render (node_modules/@testing-library/react/dist/pure.js:97:26)
      at Object.<anonymous> (src/bad-components/ChooseTeam.test.tsx:7:9)

PASS src/functions.test.ts
PASS src/form-components/CheckAnswer.test.tsx
  ● Console

    console.error
      Warning: ReactDOM.render is no longer supported in React 18. Use createRoot instead. Until you switch to the new API, your app will behave as if it's running React 17. Learn more: https://reactjs.org/link/switch-to-createroot

       6 | describe("CheckAnswer Component tests", () => {
       7 |     test("There is an input box", () => {
    >  8 |         render(<CheckAnswer expectedAnswer="42" />);
         |         ^
       9 |         const inputBox = screen.getByRole("textbox");
      10 |         expect(inputBox).toBeInTheDocument();
      11 |     });

      at printWarning (node_modules/react-dom/cjs/react-dom.development.js:86:30)
      at error (node_modules/react-dom/cjs/react-dom.development.js:60:7)
      at Object.render (node_modules/react-dom/cjs/react-dom.development.js:29670:5)
      at node_modules/@testing-library/react/dist/pure.js:101:25
      at act (node_modules/react/cjs/react.development.js:2512:16)
      at render (node_modules/@testing-library/react/dist/pure.js:97:26)
      at Object.<anonymous> (src/form-components/CheckAnswer.test.tsx:8:9)

    console.error
      Warning: ReactDOM.render is no longer supported in React 18. Use createRoot instead. Until you switch to the new API, your app will behave as if it's running React 17. Learn more: https://reactjs.org/link/switch-to-createroot

      11 |     });
      12 |     test("The answer is originally incorrect.", () => {
    > 13 |         render(<CheckAnswer expectedAnswer="42" />);
         |         ^
      14 |         expect(screen.getByText(/❌/i)).toBeInTheDocument();
      15 |         expect(screen.queryByText(/✔️/i)).not.toBeInTheDocument();
      16 |     });

      at printWarning (node_modules/react-dom/cjs/react-dom.development.js:86:30)
      at error (node_modules/react-dom/cjs/react-dom.development.js:60:7)
      at Object.render (node_modules/react-dom/cjs/react-dom.development.js:29670:5)
      at node_modules/@testing-library/react/dist/pure.js:101:25
      at act (node_modules/react/cjs/react.development.js:2512:16)
      at render (node_modules/@testing-library/react/dist/pure.js:97:26)
      at Object.<anonymous> (src/form-components/CheckAnswer.test.tsx:13:9)

    console.error
      Warning: ReactDOM.render is no longer supported in React 18. Use createRoot instead. Until you switch to the new API, your app will behave as if it's running React 17. Learn more: https://reactjs.org/link/switch-to-createroot

      16 |     });
      17 |     test("Entering the right answer makes it correct.", () => {
    > 18 |         render(<CheckAnswer expectedAnswer="42" />);
         |         ^
      19 |         const inputBox = screen.getByRole("textbox");
      20 |         userEvent.type(inputBox, "42");
      21 |         expect(screen.getByText(/✔️/i)).toBeInTheDocument();

      at printWarning (node_modules/react-dom/cjs/react-dom.development.js:86:30)
      at error (node_modules/react-dom/cjs/react-dom.development.js:60:7)
      at Object.render (node_modules/react-dom/cjs/react-dom.development.js:29670:5)
      at node_modules/@testing-library/react/dist/pure.js:101:25
      at act (node_modules/react/cjs/react.development.js:2512:16)
      at render (node_modules/@testing-library/react/dist/pure.js:97:26)
      at Object.<anonymous> (src/form-components/CheckAnswer.test.tsx:18:9)

    console.error
      Warning: ReactDOM.render is no longer supported in React 18. Use createRoot instead. Until you switch to the new API, your app will behave as if it's running React 17. Learn more: https://reactjs.org/link/switch-to-createroot

      23 |     });
      24 |     test("Entering the wrong answer makes it incorrect.", () => {
    > 25 |         render(<CheckAnswer expectedAnswer="42" />);
         |         ^
      26 |         const inputBox = screen.getByRole("textbox");
      27 |         userEvent.type(inputBox, "43");
      28 |         expect(screen.getByText(/❌/i)).toBeInTheDocument();

      at printWarning (node_modules/react-dom/cjs/react-dom.development.js:86:30)
      at error (node_modules/react-dom/cjs/react-dom.development.js:60:7)
      at Object.render (node_modules/react-dom/cjs/react-dom.development.js:29670:5)
      at node_modules/@testing-library/react/dist/pure.js:101:25
      at act (node_modules/react/cjs/react.development.js:2512:16)
      at render (node_modules/@testing-library/react/dist/pure.js:97:26)
      at Object.<anonymous> (src/form-components/CheckAnswer.test.tsx:25:9)

    console.error
      Warning: ReactDOM.render is no longer supported in React 18. Use createRoot instead. Until you switch to the new API, your app will behave as if it's running React 17. Learn more: https://reactjs.org/link/switch-to-createroot

      30 |     });
      31 |     test("Entering a different right answer makes it correct.", () => {
    > 32 |         render(<CheckAnswer expectedAnswer="Hello" />);
         |         ^
      33 |         const inputBox = screen.getByRole("textbox");
      34 |         userEvent.type(inputBox, "Hello");
      35 |         expect(screen.getByText(/✔️/i)).toBeInTheDocument();

      at printWarning (node_modules/react-dom/cjs/react-dom.development.js:86:30)
      at error (node_modules/react-dom/cjs/react-dom.development.js:60:7)
      at Object.render (node_modules/react-dom/cjs/react-dom.development.js:29670:5)
      at node_modules/@testing-library/react/dist/pure.js:101:25
      at act (node_modules/react/cjs/react.development.js:2512:16)
      at render (node_modules/@testing-library/react/dist/pure.js:97:26)
      at Object.<anonymous> (src/form-components/CheckAnswer.test.tsx:32:9)

    console.error
      Warning: ReactDOM.render is no longer supported in React 18. Use createRoot instead. Until you switch to the new API, your app will behave as if it's running React 17. Learn more: https://reactjs.org/link/switch-to-createroot

      37 |     });
      38 |     test("Entering a different wrong answer still makes it incorrect.", () => {
    > 39 |         render(<CheckAnswer expectedAnswer="Hello" />);
         |         ^
      40 |         const inputBox = screen.getByRole("textbox");
      41 |         userEvent.type(inputBox, "42");
      42 |         expect(screen.getByText(/❌/i)).toBeInTheDocument();

      at printWarning (node_modules/react-dom/cjs/react-dom.development.js:86:30)
      at error (node_modules/react-dom/cjs/react-dom.development.js:60:7)
      at Object.render (node_modules/react-dom/cjs/react-dom.development.js:29670:5)
      at node_modules/@testing-library/react/dist/pure.js:101:25
      at act (node_modules/react/cjs/react.development.js:2512:16)
      at render (node_modules/@testing-library/react/dist/pure.js:97:26)
      at Object.<anonymous> (src/form-components/CheckAnswer.test.tsx:39:9)

PASS src/form-components/EditMode.test.tsx
  ● Console

    console.error
      Warning: ReactDOM.render is no longer supported in React 18. Use createRoot instead. Until you switch to the new API, your app will behave as if it's running React 17. Learn more: https://reactjs.org/link/switch-to-createroot

       5 |
       6 | describe("EditMode Component tests", () => {
    >  7 |     beforeEach(() => render(<EditMode />));
         |                      ^
       8 |     test("There is one checkbox and no textboxes", () => {
       9 |         const switchButton = screen.getByRole("checkbox");
      10 |         expect(switchButton).toBeInTheDocument();

      at printWarning (node_modules/react-dom/cjs/react-dom.development.js:86:30)
      at error (node_modules/react-dom/cjs/react-dom.development.js:60:7)
      at Object.render (node_modules/react-dom/cjs/react-dom.development.js:29670:5)
      at node_modules/@testing-library/react/dist/pure.js:101:25
      at act (node_modules/react/cjs/react.development.js:2512:16)
      at render (node_modules/@testing-library/react/dist/pure.js:97:26)
      at Object.<anonymous> (src/form-components/EditMode.test.tsx:7:22)

    console.error
      Warning: ReactDOM.render is no longer supported in React 18. Use createRoot instead. Until you switch to the new API, your app will behave as if it's running React 17. Learn more: https://reactjs.org/link/switch-to-createroot

       5 |
       6 | describe("EditMode Component tests", () => {
    >  7 |     beforeEach(() => render(<EditMode />));
         |                      ^
       8 |     test("There is one checkbox and no textboxes", () => {
       9 |         const switchButton = screen.getByRole("checkbox");
      10 |         expect(switchButton).toBeInTheDocument();

      at printWarning (node_modules/react-dom/cjs/react-dom.development.js:86:30)
      at error (node_modules/react-dom/cjs/react-dom.development.js:60:7)
      at Object.render (node_modules/react-dom/cjs/react-dom.development.js:29670:5)
      at node_modules/@testing-library/react/dist/pure.js:101:25
      at act (node_modules/react/cjs/react.development.js:2512:16)
      at render (node_modules/@testing-library/react/dist/pure.js:97:26)
      at Object.<anonymous> (src/form-components/EditMode.test.tsx:7:22)

    console.error
      Warning: ReactDOM.render is no longer supported in React 18. Use createRoot instead. Until you switch to the new API, your app will behave as if it's running React 17. Learn more: https://reactjs.org/link/switch-to-createroot

       5 |
       6 | describe("EditMode Component tests", () => {
    >  7 |     beforeEach(() => render(<EditMode />));
         |                      ^
       8 |     test("There is one checkbox and no textboxes", () => {
       9 |         const switchButton = screen.getByRole("checkbox");
      10 |         expect(switchButton).toBeInTheDocument();

      at printWarning (node_modules/react-dom/cjs/react-dom.development.js:86:30)
      at error (node_modules/react-dom/cjs/react-dom.development.js:60:7)
      at Object.render (node_modules/react-dom/cjs/react-dom.development.js:29670:5)
      at node_modules/@testing-library/react/dist/pure.js:101:25
      at act (node_modules/react/cjs/react.development.js:2512:16)
      at render (node_modules/@testing-library/react/dist/pure.js:97:26)
      at Object.<anonymous> (src/form-components/EditMode.test.tsx:7:22)

    console.error
      Warning: ReactDOM.render is no longer supported in React 18. Use createRoot instead. Until you switch to the new API, your app will behave as if it's running React 17. Learn more: https://reactjs.org/link/switch-to-createroot

       5 |
       6 | describe("EditMode Component tests", () => {
    >  7 |     beforeEach(() => render(<EditMode />));
         |                      ^
       8 |     test("There is one checkbox and no textboxes", () => {
       9 |         const switchButton = screen.getByRole("checkbox");
      10 |         expect(switchButton).toBeInTheDocument();

      at printWarning (node_modules/react-dom/cjs/react-dom.development.js:86:30)
      at error (node_modules/react-dom/cjs/react-dom.development.js:60:7)
      at Object.render (node_modules/react-dom/cjs/react-dom.development.js:29670:5)
      at node_modules/@testing-library/react/dist/pure.js:101:25
      at act (node_modules/react/cjs/react.development.js:2512:16)
      at render (node_modules/@testing-library/react/dist/pure.js:97:26)
      at Object.<anonymous> (src/form-components/EditMode.test.tsx:7:22)

    console.error
      Warning: ReactDOM.render is no longer supported in React 18. Use createRoot instead. Until you switch to the new API, your app will behave as if it's running React 17. Learn more: https://reactjs.org/link/switch-to-createroot

       5 |
       6 | describe("EditMode Component tests", () => {
    >  7 |     beforeEach(() => render(<EditMode />));
         |                      ^
       8 |     test("There is one checkbox and no textboxes", () => {
       9 |         const switchButton = screen.getByRole("checkbox");
      10 |         expect(switchButton).toBeInTheDocument();

      at printWarning (node_modules/react-dom/cjs/react-dom.development.js:86:30)
      at error (node_modules/react-dom/cjs/react-dom.development.js:60:7)
      at Object.render (node_modules/react-dom/cjs/react-dom.development.js:29670:5)
      at node_modules/@testing-library/react/dist/pure.js:101:25
      at act (node_modules/react/cjs/react.development.js:2512:16)
      at render (node_modules/@testing-library/react/dist/pure.js:97:26)
      at Object.<anonymous> (src/form-components/EditMode.test.tsx:7:22)

PASS src/components/ChangeType.test.tsx
  ● Console

    console.error
      Warning: ReactDOM.render is no longer supported in React 18. Use createRoot instead. Until you switch to the new API, your app will behave as if it's running React 17. Learn more: https://reactjs.org/link/switch-to-createroot

       5 | describe("ChangeType Component tests", () => {
       6 |     beforeEach(() => {
    >  7 |         render(<ChangeType />);
         |         ^
       8 |     });
       9 |     test("The initial type is Short Answer", () => {
      10 |         // We use `getByText` because the text MUST be there

      at printWarning (node_modules/react-dom/cjs/react-dom.development.js:86:30)
      at error (node_modules/react-dom/cjs/react-dom.development.js:60:7)
      at Object.render (node_modules/react-dom/cjs/react-dom.development.js:29670:5)
      at node_modules/@testing-library/react/dist/pure.js:101:25
      at act (node_modules/react/cjs/react.development.js:2512:16)
      at render (node_modules/@testing-library/react/dist/pure.js:97:26)
      at Object.<anonymous> (src/components/ChangeType.test.tsx:7:9)

    console.error
      Warning: ReactDOM.render is no longer supported in React 18. Use createRoot instead. Until you switch to the new API, your app will behave as if it's running React 17. Learn more: https://reactjs.org/link/switch-to-createroot

       5 | describe("ChangeType Component tests", () => {
       6 |     beforeEach(() => {
    >  7 |         render(<ChangeType />);
         |         ^
       8 |     });
       9 |     test("The initial type is Short Answer", () => {
      10 |         // We use `getByText` because the text MUST be there

      at printWarning (node_modules/react-dom/cjs/react-dom.development.js:86:30)
      at error (node_modules/react-dom/cjs/react-dom.development.js:60:7)
      at Object.render (node_modules/react-dom/cjs/react-dom.development.js:29670:5)
      at node_modules/@testing-library/react/dist/pure.js:101:25
      at act (node_modules/react/cjs/react.development.js:2512:16)
      at render (node_modules/@testing-library/react/dist/pure.js:97:26)
      at Object.<anonymous> (src/components/ChangeType.test.tsx:7:9)

    console.error
      Warning: ReactDOM.render is no longer supported in React 18. Use createRoot instead. Until you switch to the new API, your app will behave as if it's running React 17. Learn more: https://reactjs.org/link/switch-to-createroot

       5 | describe("ChangeType Component tests", () => {
       6 |     beforeEach(() => {
    >  7 |         render(<ChangeType />);
         |         ^
       8 |     });
       9 |     test("The initial type is Short Answer", () => {
      10 |         // We use `getByText` because the text MUST be there

      at printWarning (node_modules/react-dom/cjs/react-dom.development.js:86:30)
      at error (node_modules/react-dom/cjs/react-dom.development.js:60:7)
      at Object.render (node_modules/react-dom/cjs/react-dom.development.js:29670:5)
      at node_modules/@testing-library/react/dist/pure.js:101:25
      at act (node_modules/react/cjs/react.development.js:2512:16)
      at render (node_modules/@testing-library/react/dist/pure.js:97:26)
      at Object.<anonymous> (src/components/ChangeType.test.tsx:7:9)

    console.error
      Warning: ReactDOM.render is no longer supported in React 18. Use createRoot instead. Until you switch to the new API, your app will behave as if it's running React 17. Learn more: https://reactjs.org/link/switch-to-createroot

       5 | describe("ChangeType Component tests", () => {
       6 |     beforeEach(() => {
    >  7 |         render(<ChangeType />);
         |         ^
       8 |     });
       9 |     test("The initial type is Short Answer", () => {
      10 |         // We use `getByText` because the text MUST be there

      at printWarning (node_modules/react-dom/cjs/react-dom.development.js:86:30)
      at error (node_modules/react-dom/cjs/react-dom.development.js:60:7)
      at Object.render (node_modules/react-dom/cjs/react-dom.development.js:29670:5)
      at node_modules/@testing-library/react/dist/pure.js:101:25
      at act (node_modules/react/cjs/react.development.js:2512:16)
      at render (node_modules/@testing-library/react/dist/pure.js:97:26)
      at Object.<anonymous> (src/components/ChangeType.test.tsx:7:9)

    console.error
      Warning: ReactDOM.render is no longer supported in React 18. Use createRoot instead. Until you switch to the new API, your app will behave as if it's running React 17. Learn more: https://reactjs.org/link/switch-to-createroot

       5 | describe("ChangeType Component tests", () => {
       6 |     beforeEach(() => {
    >  7 |         render(<ChangeType />);
         |         ^
       8 |     });
       9 |     test("The initial type is Short Answer", () => {
      10 |         // We use `getByText` because the text MUST be there

      at printWarning (node_modules/react-dom/cjs/react-dom.development.js:86:30)
      at error (node_modules/react-dom/cjs/react-dom.development.js:60:7)
      at Object.render (node_modules/react-dom/cjs/react-dom.development.js:29670:5)
      at node_modules/@testing-library/react/dist/pure.js:101:25
      at act (node_modules/react/cjs/react.development.js:2512:16)
      at render (node_modules/@testing-library/react/dist/pure.js:97:26)
      at Object.<anonymous> (src/components/ChangeType.test.tsx:7:9)

PASS src/components/CycleHoliday.test.tsx
  ● Console

    console.error
      Warning: ReactDOM.render is no longer supported in React 18. Use createRoot instead. Until you switch to the new API, your app will behave as if it's running React 17. Learn more: https://reactjs.org/link/switch-to-createroot

       5 | describe("CycleHoliday Component tests", () => {
       6 |     beforeEach(() => {
    >  7 |         render(<CycleHoliday />);
         |         ^
       8 |     });
       9 |
      10 |     test("An initial holiday is displayed", () => {

      at printWarning (node_modules/react-dom/cjs/react-dom.development.js:86:30)
      at error (node_modules/react-dom/cjs/react-dom.development.js:60:7)
      at Object.render (node_modules/react-dom/cjs/react-dom.development.js:29670:5)
      at node_modules/@testing-library/react/dist/pure.js:101:25
      at act (node_modules/react/cjs/react.development.js:2512:16)
      at render (node_modules/@testing-library/react/dist/pure.js:97:26)
      at Object.<anonymous> (src/components/CycleHoliday.test.tsx:7:9)

    console.error
      Warning: ReactDOM.render is no longer supported in React 18. Use createRoot instead. Until you switch to the new API, your app will behave as if it's running React 17. Learn more: https://reactjs.org/link/switch-to-createroot

       5 | describe("CycleHoliday Component tests", () => {
       6 |     beforeEach(() => {
    >  7 |         render(<CycleHoliday />);
         |         ^
       8 |     });
       9 |
      10 |     test("An initial holiday is displayed", () => {

      at printWarning (node_modules/react-dom/cjs/react-dom.development.js:86:30)
      at error (node_modules/react-dom/cjs/react-dom.development.js:60:7)
      at Object.render (node_modules/react-dom/cjs/react-dom.development.js:29670:5)
      at node_modules/@testing-library/react/dist/pure.js:101:25
      at act (node_modules/react/cjs/react.development.js:2512:16)
      at render (node_modules/@testing-library/react/dist/pure.js:97:26)
      at Object.<anonymous> (src/components/CycleHoliday.test.tsx:7:9)

    console.error
      Warning: ReactDOM.render is no longer supported in React 18. Use createRoot instead. Until you switch to the new API, your app will behave as if it's running React 17. Learn more: https://reactjs.org/link/switch-to-createroot

       5 | describe("CycleHoliday Component tests", () => {
       6 |     beforeEach(() => {
    >  7 |         render(<CycleHoliday />);
         |         ^
       8 |     });
       9 |
      10 |     test("An initial holiday is displayed", () => {

      at printWarning (node_modules/react-dom/cjs/react-dom.development.js:86:30)
      at error (node_modules/react-dom/cjs/react-dom.development.js:60:7)
      at Object.render (node_modules/react-dom/cjs/react-dom.development.js:29670:5)
      at node_modules/@testing-library/react/dist/pure.js:101:25
      at act (node_modules/react/cjs/react.development.js:2512:16)
      at render (node_modules/@testing-library/react/dist/pure.js:97:26)
      at Object.<anonymous> (src/components/CycleHoliday.test.tsx:7:9)

    console.error
      Warning: ReactDOM.render is no longer supported in React 18. Use createRoot instead. Until you switch to the new API, your app will behave as if it's running React 17. Learn more: https://reactjs.org/link/switch-to-createroot

       5 | describe("CycleHoliday Component tests", () => {
       6 |     beforeEach(() => {
    >  7 |         render(<CycleHoliday />);
         |         ^
       8 |     });
       9 |
      10 |     test("An initial holiday is displayed", () => {

      at printWarning (node_modules/react-dom/cjs/react-dom.development.js:86:30)
      at error (node_modules/react-dom/cjs/react-dom.development.js:60:7)
      at Object.render (node_modules/react-dom/cjs/react-dom.development.js:29670:5)
      at node_modules/@testing-library/react/dist/pure.js:101:25
      at act (node_modules/react/cjs/react.development.js:2512:16)
      at render (node_modules/@testing-library/react/dist/pure.js:97:26)
      at Object.<anonymous> (src/components/CycleHoliday.test.tsx:7:9)

PASS src/form-components/GiveAttempts.test.tsx
  ● Console

    console.error
      Warning: ReactDOM.render is no longer supported in React 18. Use createRoot instead. Until you switch to the new API, your app will behave as if it's running React 17. Learn more: https://reactjs.org/link/switch-to-createroot

       6 | describe("GiveAttempts Component tests", () => {
       7 |     beforeEach(() => {
    >  8 |         render(<GiveAttempts />);
         |         ^
       9 |     });
      10 |
      11 |     test("There is a number entry box and two buttons", () => {

      at printWarning (node_modules/react-dom/cjs/react-dom.development.js:86:30)
      at error (node_modules/react-dom/cjs/react-dom.development.js:60:7)
      at Object.render (node_modules/react-dom/cjs/react-dom.development.js:29670:5)
      at node_modules/@testing-library/react/dist/pure.js:101:25
      at act (node_modules/react/cjs/react.development.js:2512:16)
      at render (node_modules/@testing-library/react/dist/pure.js:97:26)
      at Object.<anonymous> (src/form-components/GiveAttempts.test.tsx:8:9)

    console.error
      Warning: ReactDOM.render is no longer supported in React 18. Use createRoot instead. Until you switch to the new API, your app will behave as if it's running React 17. Learn more: https://reactjs.org/link/switch-to-createroot

       6 | describe("GiveAttempts Component tests", () => {
       7 |     beforeEach(() => {
    >  8 |         render(<GiveAttempts />);
         |         ^
       9 |     });
      10 |
      11 |     test("There is a number entry box and two buttons", () => {

      at printWarning (node_modules/react-dom/cjs/react-dom.development.js:86:30)
      at error (node_modules/react-dom/cjs/react-dom.development.js:60:7)
      at Object.render (node_modules/react-dom/cjs/react-dom.development.js:29670:5)
      at node_modules/@testing-library/react/dist/pure.js:101:25
      at act (node_modules/react/cjs/react.development.js:2512:16)
      at render (node_modules/@testing-library/react/dist/pure.js:97:26)
      at Object.<anonymous> (src/form-components/GiveAttempts.test.tsx:8:9)

    console.error
      Warning: ReactDOM.render is no longer supported in React 18. Use createRoot instead. Until you switch to the new API, your app will behave as if it's running React 17. Learn more: https://reactjs.org/link/switch-to-createroot

       6 | describe("GiveAttempts Component tests", () => {
       7 |     beforeEach(() => {
    >  8 |         render(<GiveAttempts />);
         |         ^
       9 |     });
      10 |
      11 |     test("There is a number entry box and two buttons", () => {

      at printWarning (node_modules/react-dom/cjs/react-dom.development.js:86:30)
      at error (node_modules/react-dom/cjs/react-dom.development.js:60:7)
      at Object.render (node_modules/react-dom/cjs/react-dom.development.js:29670:5)
      at node_modules/@testing-library/react/dist/pure.js:101:25
      at act (node_modules/react/cjs/react.development.js:2512:16)
      at render (node_modules/@testing-library/react/dist/pure.js:97:26)
      at Object.<anonymous> (src/form-components/GiveAttempts.test.tsx:8:9)

    console.error
      Warning: ReactDOM.render is no longer supported in React 18. Use createRoot instead. Until you switch to the new API, your app will behave as if it's running React 17. Learn more: https://reactjs.org/link/switch-to-createroot

       6 | describe("GiveAttempts Component tests", () => {
       7 |     beforeEach(() => {
    >  8 |         render(<GiveAttempts />);
         |         ^
       9 |     });
      10 |
      11 |     test("There is a number entry box and two buttons", () => {

      at printWarning (node_modules/react-dom/cjs/react-dom.development.js:86:30)
      at error (node_modules/react-dom/cjs/react-dom.development.js:60:7)
      at Object.render (node_modules/react-dom/cjs/react-dom.development.js:29670:5)
      at node_modules/@testing-library/react/dist/pure.js:101:25
      at act (node_modules/react/cjs/react.development.js:2512:16)
      at render (node_modules/@testing-library/react/dist/pure.js:97:26)
      at Object.<anonymous> (src/form-components/GiveAttempts.test.tsx:8:9)

    console.error
      Warning: ReactDOM.render is no longer supported in React 18. Use createRoot instead. Until you switch to the new API, your app will behave as if it's running React 17. Learn more: https://reactjs.org/link/switch-to-createroot

       6 | describe("GiveAttempts Component tests", () => {
       7 |     beforeEach(() => {
    >  8 |         render(<GiveAttempts />);
         |         ^
       9 |     });
      10 |
      11 |     test("There is a number entry box and two buttons", () => {

      at printWarning (node_modules/react-dom/cjs/react-dom.development.js:86:30)
      at error (node_modules/react-dom/cjs/react-dom.development.js:60:7)
      at Object.render (node_modules/react-dom/cjs/react-dom.development.js:29670:5)
      at node_modules/@testing-library/react/dist/pure.js:101:25
      at act (node_modules/react/cjs/react.development.js:2512:16)
      at render (node_modules/@testing-library/react/dist/pure.js:97:26)
      at Object.<anonymous> (src/form-components/GiveAttempts.test.tsx:8:9)

PASS src/components/Counter.test.tsx
  ● Console

    console.error
      Warning: ReactDOM.render is no longer supported in React 18. Use createRoot instead. Until you switch to the new API, your app will behave as if it's running React 17. Learn more: https://reactjs.org/link/switch-to-createroot

       5 | describe("Counter Component tests", () => {
       6 |     beforeEach(() => {
    >  7 |         render(<Counter />);
         |         ^
       8 |     });
       9 |     test("The initial value is 0", () => {
      10 |         // We use `getByText` because the text MUST be there

      at printWarning (node_modules/react-dom/cjs/react-dom.development.js:86:30)
      at error (node_modules/react-dom/cjs/react-dom.development.js:60:7)
      at Object.render (node_modules/react-dom/cjs/react-dom.development.js:29670:5)
      at node_modules/@testing-library/react/dist/pure.js:101:25
      at act (node_modules/react/cjs/react.development.js:2512:16)
      at render (node_modules/@testing-library/react/dist/pure.js:97:26)
      at Object.<anonymous> (src/components/Counter.test.tsx:7:9)

    console.error
      Warning: ReactDOM.render is no longer supported in React 18. Use createRoot instead. Until you switch to the new API, your app will behave as if it's running React 17. Learn more: https://reactjs.org/link/switch-to-createroot

       5 | describe("Counter Component tests", () => {
       6 |     beforeEach(() => {
    >  7 |         render(<Counter />);
         |         ^
       8 |     });
       9 |     test("The initial value is 0", () => {
      10 |         // We use `getByText` because the text MUST be there

      at printWarning (node_modules/react-dom/cjs/react-dom.development.js:86:30)
      at error (node_modules/react-dom/cjs/react-dom.development.js:60:7)
      at Object.render (node_modules/react-dom/cjs/react-dom.development.js:29670:5)
      at node_modules/@testing-library/react/dist/pure.js:101:25
      at act (node_modules/react/cjs/react.development.js:2512:16)
      at render (node_modules/@testing-library/react/dist/pure.js:97:26)
      at Object.<anonymous> (src/components/Counter.test.tsx:7:9)

    console.error
      Warning: ReactDOM.render is no longer supported in React 18. Use createRoot instead. Until you switch to the new API, your app will behave as if it's running React 17. Learn more: https://reactjs.org/link/switch-to-createroot

       5 | describe("Counter Component tests", () => {
       6 |     beforeEach(() => {
    >  7 |         render(<Counter />);
         |         ^
       8 |     });
       9 |     test("The initial value is 0", () => {
      10 |         // We use `getByText` because the text MUST be there

      at printWarning (node_modules/react-dom/cjs/react-dom.development.js:86:30)
      at error (node_modules/react-dom/cjs/react-dom.development.js:60:7)
      at Object.render (node_modules/react-dom/cjs/react-dom.development.js:29670:5)
      at node_modules/@testing-library/react/dist/pure.js:101:25
      at act (node_modules/react/cjs/react.development.js:2512:16)
      at render (node_modules/@testing-library/react/dist/pure.js:97:26)
      at Object.<anonymous> (src/components/Counter.test.tsx:7:9)

    console.error
      Warning: ReactDOM.render is no longer supported in React 18. Use createRoot instead. Until you switch to the new API, your app will behave as if it's running React 17. Learn more: https://reactjs.org/link/switch-to-createroot

       5 | describe("Counter Component tests", () => {
       6 |     beforeEach(() => {
    >  7 |         render(<Counter />);
         |         ^
       8 |     });
       9 |     test("The initial value is 0", () => {
      10 |         // We use `getByText` because the text MUST be there

      at printWarning (node_modules/react-dom/cjs/react-dom.development.js:86:30)
      at error (node_modules/react-dom/cjs/react-dom.development.js:60:7)
      at Object.render (node_modules/react-dom/cjs/react-dom.development.js:29670:5)
      at node_modules/@testing-library/react/dist/pure.js:101:25
      at act (node_modules/react/cjs/react.development.js:2512:16)
      at render (node_modules/@testing-library/react/dist/pure.js:97:26)
      at Object.<anonymous> (src/components/Counter.test.tsx:7:9)

    console.error
      Warning: ReactDOM.render is no longer supported in React 18. Use createRoot instead. Until you switch to the new API, your app will behave as if it's running React 17. Learn more: https://reactjs.org/link/switch-to-createroot

       5 | describe("Counter Component tests", () => {
       6 |     beforeEach(() => {
    >  7 |         render(<Counter />);
         |         ^
       8 |     });
       9 |     test("The initial value is 0", () => {
      10 |         // We use `getByText` because the text MUST be there

      at printWarning (node_modules/react-dom/cjs/react-dom.development.js:86:30)
      at error (node_modules/react-dom/cjs/react-dom.development.js:60:7)
      at Object.render (node_modules/react-dom/cjs/react-dom.development.js:29670:5)
      at node_modules/@testing-library/react/dist/pure.js:101:25
      at act (node_modules/react/cjs/react.development.js:2512:16)
      at render (node_modules/@testing-library/react/dist/pure.js:97:26)
      at Object.<anonymous> (src/components/Counter.test.tsx:7:9)

PASS src/form-components/ChangeColor.test.tsx
  ● Console

    console.error
      Warning: ReactDOM.render is no longer supported in React 18. Use createRoot instead. Until you switch to the new API, your app will behave as if it's running React 17. Learn more: https://reactjs.org/link/switch-to-createroot

      4 |
      5 | describe("ChangeColor Component tests", () => {
    > 6 |     beforeEach(() => render(<ChangeColor />));
        |                      ^
      7 |     test("There are at least 8 radio buttons and the colored box", () => {
      8 |         const radios = screen.getAllByRole("radio");
      9 |         expect(radios.length).toBeGreaterThanOrEqual(8);

      at printWarning (node_modules/react-dom/cjs/react-dom.development.js:86:30)
      at error (node_modules/react-dom/cjs/react-dom.development.js:60:7)
      at Object.render (node_modules/react-dom/cjs/react-dom.development.js:29670:5)
      at node_modules/@testing-library/react/dist/pure.js:101:25
      at act (node_modules/react/cjs/react.development.js:2512:16)
      at render (node_modules/@testing-library/react/dist/pure.js:97:26)
      at Object.<anonymous> (src/form-components/ChangeColor.test.tsx:6:22)

    console.error
      Warning: ReactDOM.render is no longer supported in React 18. Use createRoot instead. Until you switch to the new API, your app will behave as if it's running React 17. Learn more: https://reactjs.org/link/switch-to-createroot

      4 |
      5 | describe("ChangeColor Component tests", () => {
    > 6 |     beforeEach(() => render(<ChangeColor />));
        |                      ^
      7 |     test("There are at least 8 radio buttons and the colored box", () => {
      8 |         const radios = screen.getAllByRole("radio");
      9 |         expect(radios.length).toBeGreaterThanOrEqual(8);

      at printWarning (node_modules/react-dom/cjs/react-dom.development.js:86:30)
      at error (node_modules/react-dom/cjs/react-dom.development.js:60:7)
      at Object.render (node_modules/react-dom/cjs/react-dom.development.js:29670:5)
      at node_modules/@testing-library/react/dist/pure.js:101:25
      at act (node_modules/react/cjs/react.development.js:2512:16)
      at render (node_modules/@testing-library/react/dist/pure.js:97:26)
      at Object.<anonymous> (src/form-components/ChangeColor.test.tsx:6:22)

PASS src/bad-components/ColoredBox.test.tsx
  ● Console

    console.error
      Warning: ReactDOM.render is no longer supported in React 18. Use createRoot instead. Until you switch to the new API, your app will behave as if it's running React 17. Learn more: https://reactjs.org/link/switch-to-createroot

       5 | describe("ColoredBox Component tests", () => {
       6 |     beforeEach(() => {
    >  7 |         render(<ColoredBox />);
         |         ^
       8 |     });
       9 |     test("The ColoredBox is initially red.", () => {
      10 |         const box = screen.getByTestId("colored-box");

      at printWarning (node_modules/react-dom/cjs/react-dom.development.js:86:30)
      at error (node_modules/react-dom/cjs/react-dom.development.js:60:7)
      at Object.render (node_modules/react-dom/cjs/react-dom.development.js:29670:5)
      at node_modules/@testing-library/react/dist/pure.js:101:25
      at act (node_modules/react/cjs/react.development.js:2512:16)
      at render (node_modules/@testing-library/react/dist/pure.js:97:26)
      at Object.<anonymous> (src/bad-components/ColoredBox.test.tsx:7:9)

    console.error
      Warning: ReactDOM.render is no longer supported in React 18. Use createRoot instead. Until you switch to the new API, your app will behave as if it's running React 17. Learn more: https://reactjs.org/link/switch-to-createroot

       5 | describe("ColoredBox Component tests", () => {
       6 |     beforeEach(() => {
    >  7 |         render(<ColoredBox />);
         |         ^
       8 |     });
       9 |     test("The ColoredBox is initially red.", () => {
      10 |         const box = screen.getByTestId("colored-box");

      at printWarning (node_modules/react-dom/cjs/react-dom.development.js:86:30)
      at error (node_modules/react-dom/cjs/react-dom.development.js:60:7)
      at Object.render (node_modules/react-dom/cjs/react-dom.development.js:29670:5)
      at node_modules/@testing-library/react/dist/pure.js:101:25
      at act (node_modules/react/cjs/react.development.js:2512:16)
      at render (node_modules/@testing-library/react/dist/pure.js:97:26)
      at Object.<anonymous> (src/bad-components/ColoredBox.test.tsx:7:9)

    console.error
      Warning: ReactDOM.render is no longer supported in React 18. Use createRoot instead. Until you switch to the new API, your app will behave as if it's running React 17. Learn more: https://reactjs.org/link/switch-to-createroot

       5 | describe("ColoredBox Component tests", () => {
       6 |     beforeEach(() => {
    >  7 |         render(<ColoredBox />);
         |         ^
       8 |     });
       9 |     test("The ColoredBox is initially red.", () => {
      10 |         const box = screen.getByTestId("colored-box");

      at printWarning (node_modules/react-dom/cjs/react-dom.development.js:86:30)
      at error (node_modules/react-dom/cjs/react-dom.development.js:60:7)
      at Object.render (node_modules/react-dom/cjs/react-dom.development.js:29670:5)
      at node_modules/@testing-library/react/dist/pure.js:101:25
      at act (node_modules/react/cjs/react.development.js:2512:16)
      at render (node_modules/@testing-library/react/dist/pure.js:97:26)
      at Object.<anonymous> (src/bad-components/ColoredBox.test.tsx:7:9)

PASS src/components/RevealAnswer.test.tsx
  ● Console

    console.error
      Warning: ReactDOM.render is no longer supported in React 18. Use createRoot instead. Until you switch to the new API, your app will behave as if it's running React 17. Learn more: https://reactjs.org/link/switch-to-createroot

       5 | describe("RevealAnswer Component tests", () => {
       6 |     beforeEach(() => {
    >  7 |         render(<RevealAnswer />);
         |         ^
       8 |     });
       9 |     test("The answer '42' is not visible initially", () => {
      10 |         const answerText = screen.queryByText(/42/);

      at printWarning (node_modules/react-dom/cjs/react-dom.development.js:86:30)
      at error (node_modules/react-dom/cjs/react-dom.development.js:60:7)
      at Object.render (node_modules/react-dom/cjs/react-dom.development.js:29670:5)
      at node_modules/@testing-library/react/dist/pure.js:101:25
      at act (node_modules/react/cjs/react.development.js:2512:16)
      at render (node_modules/@testing-library/react/dist/pure.js:97:26)
      at Object.<anonymous> (src/components/RevealAnswer.test.tsx:7:9)

    console.error
      Warning: ReactDOM.render is no longer supported in React 18. Use createRoot instead. Until you switch to the new API, your app will behave as if it's running React 17. Learn more: https://reactjs.org/link/switch-to-createroot

       5 | describe("RevealAnswer Component tests", () => {
       6 |     beforeEach(() => {
    >  7 |         render(<RevealAnswer />);
         |         ^
       8 |     });
       9 |     test("The answer '42' is not visible initially", () => {
      10 |         const answerText = screen.queryByText(/42/);

      at printWarning (node_modules/react-dom/cjs/react-dom.development.js:86:30)
      at error (node_modules/react-dom/cjs/react-dom.development.js:60:7)
      at Object.render (node_modules/react-dom/cjs/react-dom.development.js:29670:5)
      at node_modules/@testing-library/react/dist/pure.js:101:25
      at act (node_modules/react/cjs/react.development.js:2512:16)
      at render (node_modules/@testing-library/react/dist/pure.js:97:26)
      at Object.<anonymous> (src/components/RevealAnswer.test.tsx:7:9)

    console.error
      Warning: ReactDOM.render is no longer supported in React 18. Use createRoot instead. Until you switch to the new API, your app will behave as if it's running React 17. Learn more: https://reactjs.org/link/switch-to-createroot

       5 | describe("RevealAnswer Component tests", () => {
       6 |     beforeEach(() => {
    >  7 |         render(<RevealAnswer />);
         |         ^
       8 |     });
       9 |     test("The answer '42' is not visible initially", () => {
      10 |         const answerText = screen.queryByText(/42/);

      at printWarning (node_modules/react-dom/cjs/react-dom.development.js:86:30)
      at error (node_modules/react-dom/cjs/react-dom.development.js:60:7)
      at Object.render (node_modules/react-dom/cjs/react-dom.development.js:29670:5)
      at node_modules/@testing-library/react/dist/pure.js:101:25
      at act (node_modules/react/cjs/react.development.js:2512:16)
      at render (node_modules/@testing-library/react/dist/pure.js:97:26)
      at Object.<anonymous> (src/components/RevealAnswer.test.tsx:7:9)

    console.error
      Warning: ReactDOM.render is no longer supported in React 18. Use createRoot instead. Until you switch to the new API, your app will behave as if it's running React 17. Learn more: https://reactjs.org/link/switch-to-createroot

       5 | describe("RevealAnswer Component tests", () => {
       6 |     beforeEach(() => {
    >  7 |         render(<RevealAnswer />);
         |         ^
       8 |     });
       9 |     test("The answer '42' is not visible initially", () => {
      10 |         const answerText = screen.queryByText(/42/);

      at printWarning (node_modules/react-dom/cjs/react-dom.development.js:86:30)
      at error (node_modules/react-dom/cjs/react-dom.development.js:60:7)
      at Object.render (node_modules/react-dom/cjs/react-dom.development.js:29670:5)
      at node_modules/@testing-library/react/dist/pure.js:101:25
      at act (node_modules/react/cjs/react.development.js:2512:16)
      at render (node_modules/@testing-library/react/dist/pure.js:97:26)
      at Object.<anonymous> (src/components/RevealAnswer.test.tsx:7:9)

PASS src/bad-components/ShoveBox.test.tsx
  ● Console

    console.error
      Warning: ReactDOM.render is no longer supported in React 18. Use createRoot instead. Until you switch to the new API, your app will behave as if it's running React 17. Learn more: https://reactjs.org/link/switch-to-createroot

       5 | describe("ShoveBox Component tests", () => {
       6 |     beforeEach(() => {
    >  7 |         render(<ShoveBox />);
         |         ^
       8 |     });
       9 |     test("The MoveableBox is initially nearby.", () => {
      10 |         const box = screen.getByTestId("moveable-box");

      at printWarning (node_modules/react-dom/cjs/react-dom.development.js:86:30)
      at error (node_modules/react-dom/cjs/react-dom.development.js:60:7)
      at Object.render (node_modules/react-dom/cjs/react-dom.development.js:29670:5)
      at node_modules/@testing-library/react/dist/pure.js:101:25
      at act (node_modules/react/cjs/react.development.js:2512:16)
      at render (node_modules/@testing-library/react/dist/pure.js:97:26)
      at Object.<anonymous> (src/bad-components/ShoveBox.test.tsx:7:9)

    console.error
      Warning: ReactDOM.render is no longer supported in React 18. Use createRoot instead. Until you switch to the new API, your app will behave as if it's running React 17. Learn more: https://reactjs.org/link/switch-to-createroot

       5 | describe("ShoveBox Component tests", () => {
       6 |     beforeEach(() => {
    >  7 |         render(<ShoveBox />);
         |         ^
       8 |     });
       9 |     test("The MoveableBox is initially nearby.", () => {
      10 |         const box = screen.getByTestId("moveable-box");

      at printWarning (node_modules/react-dom/cjs/react-dom.development.js:86:30)
      at error (node_modules/react-dom/cjs/react-dom.development.js:60:7)
      at Object.render (node_modules/react-dom/cjs/react-dom.development.js:29670:5)
      at node_modules/@testing-library/react/dist/pure.js:101:25
      at act (node_modules/react/cjs/react.development.js:2512:16)
      at render (node_modules/@testing-library/react/dist/pure.js:97:26)
      at Object.<anonymous> (src/bad-components/ShoveBox.test.tsx:7:9)

    console.error
      Warning: ReactDOM.render is no longer supported in React 18. Use createRoot instead. Until you switch to the new API, your app will behave as if it's running React 17. Learn more: https://reactjs.org/link/switch-to-createroot

       5 | describe("ShoveBox Component tests", () => {
       6 |     beforeEach(() => {
    >  7 |         render(<ShoveBox />);
         |         ^
       8 |     });
       9 |     test("The MoveableBox is initially nearby.", () => {
      10 |         const box = screen.getByTestId("moveable-box");

      at printWarning (node_modules/react-dom/cjs/react-dom.development.js:86:30)
      at error (node_modules/react-dom/cjs/react-dom.development.js:60:7)
      at Object.render (node_modules/react-dom/cjs/react-dom.development.js:29670:5)
      at node_modules/@testing-library/react/dist/pure.js:101:25
      at act (node_modules/react/cjs/react.development.js:2512:16)
      at render (node_modules/@testing-library/react/dist/pure.js:97:26)
      at Object.<anonymous> (src/bad-components/ShoveBox.test.tsx:7:9)

PASS src/text.test.tsx
  ● Console

    console.error
      Warning: ReactDOM.render is no longer supported in React 18. Use createRoot instead. Until you switch to the new API, your app will behave as if it's running React 17. Learn more: https://reactjs.org/link/switch-to-createroot

      4 |
      5 | test("renders the text 'Hello World' somewhere", () => {
    > 6 |     render(<App />);
        |     ^
      7 |     const texts = screen.getAllByText(/Hello World/);
      8 |     expect(texts.length).toBeGreaterThanOrEqual(1);
      9 | });

      at printWarning (node_modules/react-dom/cjs/react-dom.development.js:86:30)
      at error (node_modules/react-dom/cjs/react-dom.development.js:60:7)
      at Object.render (node_modules/react-dom/cjs/react-dom.development.js:29670:5)
      at node_modules/@testing-library/react/dist/pure.js:101:25
      at act (node_modules/react/cjs/react.development.js:2512:16)
      at render (node_modules/@testing-library/react/dist/pure.js:97:26)
      at Object.<anonymous> (src/text.test.tsx:6:5)

PASS src/App.test.tsx
  ● Console

    console.error
      Warning: ReactDOM.render is no longer supported in React 18. Use createRoot instead. Until you switch to the new API, your app will behave as if it's running React 17. Learn more: https://reactjs.org/link/switch-to-createroot

      4 |
      5 | test("renders the course name somewhere", () => {
    > 6 |     render(<App />);
        |     ^
      7 |     const linkElement = screen.getByText(/CISC275/i);
      8 |     expect(linkElement).toBeInTheDocument();
      9 | });

      at printWarning (node_modules/react-dom/cjs/react-dom.development.js:86:30)
      at error (node_modules/react-dom/cjs/react-dom.development.js:60:7)
      at Object.render (node_modules/react-dom/cjs/react-dom.development.js:29670:5)
      at node_modules/@testing-library/react/dist/pure.js:101:25
      at act (node_modules/react/cjs/react.development.js:2512:16)
      at render (node_modules/@testing-library/react/dist/pure.js:97:26)
      at Object.<anonymous> (src/App.test.tsx:6:5)

FAIL src/HtmlCss.test.tsx (5.053 s)
  ● Console

    console.error
      Warning: ReactDOM.render is no longer supported in React 18. Use createRoot instead. Until you switch to the new API, your app will behave as if it's running React 17. Learn more: https://reactjs.org/link/switch-to-createroot

       6 | describe("Some HTML Elements are added.", () => {
       7 |     test("There is a header", () => {
    >  8 |         render(<App />);
         |         ^
       9 |         const header = screen.getByRole("heading");
      10 |         expect(header).toBeInTheDocument();
      11 |     });

      at printWarning (node_modules/react-dom/cjs/react-dom.development.js:86:30)
      at error (node_modules/react-dom/cjs/react-dom.development.js:60:7)
      at Object.render (node_modules/react-dom/cjs/react-dom.development.js:29670:5)
      at node_modules/@testing-library/react/dist/pure.js:101:25
      at act (node_modules/react/cjs/react.development.js:2512:16)
      at render (node_modules/@testing-library/react/dist/pure.js:97:26)
      at Object.<anonymous> (src/HtmlCss.test.tsx:8:9)

    console.error
      Warning: ReactDOM.render is no longer supported in React 18. Use createRoot instead. Until you switch to the new API, your app will behave as if it's running React 17. Learn more: https://reactjs.org/link/switch-to-createroot

      12 |
      13 |     test("There is an image with alt text", () => {
    > 14 |         render(<App />);
         |         ^
      15 |         const image = screen.getByRole("img");
      16 |         expect(image).toBeInTheDocument();
      17 |         expect(image).toHaveAttribute("alt");

      at printWarning (node_modules/react-dom/cjs/react-dom.development.js:86:30)
      at error (node_modules/react-dom/cjs/react-dom.development.js:60:7)
      at Object.render (node_modules/react-dom/cjs/react-dom.development.js:29670:5)
      at node_modules/@testing-library/react/dist/pure.js:101:25
      at act (node_modules/react/cjs/react.development.js:2512:16)
      at render (node_modules/@testing-library/react/dist/pure.js:97:26)
      at Object.<anonymous> (src/HtmlCss.test.tsx:14:9)

    console.error
      Warning: ReactDOM.render is no longer supported in React 18. Use createRoot instead. Until you switch to the new API, your app will behave as if it's running React 17. Learn more: https://reactjs.org/link/switch-to-createroot

      19 |
      20 |     test("There is a list with at least three elements", () => {
    > 21 |         render(<App />);
         |         ^
      22 |         const list = screen.getByRole("list");
      23 |         expect(list).toBeInTheDocument();
      24 |         expect(list.children.length).toBeGreaterThanOrEqual(3);

      at printWarning (node_modules/react-dom/cjs/react-dom.development.js:86:30)
      at error (node_modules/react-dom/cjs/react-dom.development.js:60:7)
      at Object.render (node_modules/react-dom/cjs/react-dom.development.js:29670:5)
      at node_modules/@testing-library/react/dist/pure.js:101:25
      at act (node_modules/react/cjs/react.development.js:2512:16)
      at render (node_modules/@testing-library/react/dist/pure.js:97:26)
      at Object.<anonymous> (src/HtmlCss.test.tsx:21:9)

    console.error
      Warning: ReactDOM.render is no longer supported in React 18. Use createRoot instead. Until you switch to the new API, your app will behave as if it's running React 17. Learn more: https://reactjs.org/link/switch-to-createroot

      28 | describe("Some basic CSS is added.", () => {
      29 |     test("The background color of the header area is different", () => {
    > 30 |         render(<App />);
         |         ^
      31 |         const banner = screen.getByRole("banner");
      32 |         expect(banner).not.toHaveStyle({
      33 |             "background-color": "rgb(40, 44, 52)"

      at printWarning (node_modules/react-dom/cjs/react-dom.development.js:86:30)
      at error (node_modules/react-dom/cjs/react-dom.development.js:60:7)
      at Object.render (node_modules/react-dom/cjs/react-dom.development.js:29670:5)
      at node_modules/@testing-library/react/dist/pure.js:101:25
      at act (node_modules/react/cjs/react.development.js:2512:16)
      at render (node_modules/@testing-library/react/dist/pure.js:97:26)
      at Object.<anonymous> (src/HtmlCss.test.tsx:30:9)

    console.error
      Warning: ReactDOM.render is no longer supported in React 18. Use createRoot instead. Until you switch to the new API, your app will behave as if it's running React 17. Learn more: https://reactjs.org/link/switch-to-createroot

      38 | describe("Some Bootstrap Elements are added", () => {
      39 |     test("There is one bootstrap button with the text 'Log Hello World'", () => {
    > 40 |         render(<App />);
         |         ^
      41 |         const button = screen.getByRole("button", { name: /Log Hello World/i });
      42 |         expect(button).toBeInTheDocument();
      43 |         expect(button).toHaveClass("btn");

      at printWarning (node_modules/react-dom/cjs/react-dom.development.js:86:30)
      at error (node_modules/react-dom/cjs/react-dom.development.js:60:7)
      at Object.render (node_modules/react-dom/cjs/react-dom.development.js:29670:5)
      at node_modules/@testing-library/react/dist/pure.js:101:25
      at act (node_modules/react/cjs/react.development.js:2512:16)
      at render (node_modules/@testing-library/react/dist/pure.js:97:26)
      at Object.<anonymous> (src/HtmlCss.test.tsx:40:9)

    console.error
      Warning: ReactDOM.render is no longer supported in React 18. Use createRoot instead. Until you switch to the new API, your app will behave as if it's running React 17. Learn more: https://reactjs.org/link/switch-to-createroot

      47 |     test("Not clicking the bootstrap button does not logs 'Hello World!'", () => {
      48 |         const consoleSpy = jest.spyOn(console, "log");
    > 49 |         render(<App />);
         |         ^
      50 |         expect(consoleSpy).not.toHaveBeenCalledWith("Hello World!");
      51 |     });
      52 |

      at printWarning (node_modules/react-dom/cjs/react-dom.development.js:86:30)
      at error (node_modules/react-dom/cjs/react-dom.development.js:60:7)
      at Object.render (node_modules/react-dom/cjs/react-dom.development.js:29670:5)
      at node_modules/@testing-library/react/dist/pure.js:101:25
      at act (node_modules/react/cjs/react.development.js:2512:16)
      at render (node_modules/@testing-library/react/dist/pure.js:97:26)
      at Object.<anonymous> (src/HtmlCss.test.tsx:49:9)

    console.error
      Warning: ReactDOM.render is no longer supported in React 18. Use createRoot instead. Until you switch to the new API, your app will behave as if it's running React 17. Learn more: https://reactjs.org/link/switch-to-createroot

      53 |     test("Clicking the bootstrap button logs 'Hello World!'", () => {
      54 |         const consoleSpy = jest.spyOn(console, "log");
    > 55 |         render(<App />);
         |         ^
      56 |         const button = screen.getByRole("button", { name: /Log Hello World/i });
      57 |         userEvent.click(button);
      58 |         expect(consoleSpy).toHaveBeenCalledWith("Hello World!");

      at printWarning (node_modules/react-dom/cjs/react-dom.development.js:86:30)
      at error (node_modules/react-dom/cjs/react-dom.development.js:60:7)
      at Object.render (node_modules/react-dom/cjs/react-dom.development.js:29670:5)
      at node_modules/@testing-library/react/dist/pure.js:101:25
      at act (node_modules/react/cjs/react.development.js:2512:16)
      at render (node_modules/@testing-library/react/dist/pure.js:97:26)
      at Object.<anonymous> (src/HtmlCss.test.tsx:55:9)

  ● Some HTML Elements are added. › There is a header

    TestingLibraryElementError: Found multiple elements with the role "heading"

    Here are the matching elements:

    Ignored nodes: comments, <script />, <style />
    [36m<h3>[39m
      [0mCheck Answer[0m
    [36m</h3>[39m

    Ignored nodes: comments, <script />, <style />
    [36m<h3>[39m
      [0mGive Attempts[0m
    [36m</h3>[39m

    Ignored nodes: comments, <script />, <style />
    [36m<h3>[39m
      [0mEdit Mode[0m
    [36m</h3>[39m

    Ignored nodes: comments, <script />, <style />
    [36m<h3>[39m
      [0mChange Color[0m
    [36m</h3>[39m

    Ignored nodes: comments, <script />, <style />
    [36m<h4>[39m
      [0mYou have choosen[0m
      [0m [0m
      [36m<span[39m
        [33mstyle[39m=[32m"background-color: blue;"[39m
      [36m>[39m
        [0mblue[0m
      [36m</span>[39m
    [36m</h4>[39m

    Ignored nodes: comments, <script />, <style />
    [36m<h3>[39m
      [0mMultiple Choice Question[0m
    [36m</h3>[39m

    Ignored nodes: comments, <script />, <style />
    [36m<h3>[39m
      [0mDouble Half[0m
    [36m</h3>[39m

    Ignored nodes: comments, <script />, <style />
    [36m<h3>[39m
      [0mChoose Team[0m
    [36m</h3>[39m

    Ignored nodes: comments, <script />, <style />
    [36m<h3>[39m
      [0mColored Box[0m
    [36m</h3>[39m

    (If this is intentional, then use the `*AllBy*` variant of the query (like `queryAllByText`, `getAllByText`, or `findAllByText`)).

    Ignored nodes: comments, <script />, <style />
    [36m<body>[39m
      [36m<div>[39m
        [36m<div[39m
          [33mclass[39m=[32m"App"[39m
        [36m>[39m
          [36m<header[39m
            [33mclass[39m=[32m"App-header"[39m
          [36m>[39m
            [0mUD CISC275 with React Hooks and TypeScript[0m
          [36m</header>[39m
          [36m<p>[39m
            [0mHello World[0m
          [36m</p>[39m
          [36m<hr />[39m
          [36m<div>[39m
            [36m<h3>[39m
              [0mCheck Answer[0m
            [36m</h3>[39m
            [36m<form>[39m
              [36m<label>[39m
                [0mEnter Answer:[0m
                [36m<input[39m
                  [33mtype[39m=[32m"text"[39m
                [36m/>[39m
                [36m<button[39m
                  [33mtype[39m=[32m"button"[39m
                [36m>[39m
                  [0mCheck Answer[0m
                [36m</button>[39m
              [36m</label>[39m
              [36m<div>[39m
                [36m<p>[39m
                  [0m❌[0m
                [36m</p>[39m
              [36m</div>[39m
            [36m</form>[39m
          [36m</div>[39m
          [36m<hr />[39m
          [36m<div>[39m
            [36m<h3>[39m
              [0mGive Attempts[0m
            [36m</h3>[39m
            [36m<button>[39m
              [0muse[0m
            [36m</button>[39m
            [36m<form>[39m
              [36m<input[39m
                [33mplaceholder[39m=[32m"Enter a number"[39m
                [33mtype[39m=[32m"number"[39m
              [36m/>[39m
              [36m<button[39m
                [33mtype[39m=[32m"submit"[39m
              [36m>[39m
                [0mgain[0m
              [36m</button>[39m
            [36m</form>[39m
            [36m<p>[39m
              [0mAttempts Left: [0m
              [0m3[0m
            [36m</p>[39m
          [36m</div>[39m
          [36m<hr />[39m
          [36m<div>[39m
            [36m<h3>[39m
              [0mEdit Mode[0m
            [36m</h3>[39m
            [36m<div[39m
              [33mclass[39m=[32m"form-check form-switch"[39m
            [36m>[39m
              [36m<input[39m
                [33mclass[39m=[32m"form-check-input"[39m
                [33mid[39m=[32m"in-edit"[39m
                [33mtype[39m=[32m"checkbox"[39m
              [36m/>[39m
              [36m<label[39m
                [33mclass[39m=[32m"form-check-label"[39m
                [33mfor[39m=[32m"in-edit"[39m
                [33mtitle[39m=[32m""[39m
              [36m>[39m
                [0mEdit Mode[0m
              [36m</label>[39m
            [36m</div>[39m
            [0mYour Name[0m
            [0m is [0m
            [0m a student[0m
            [0m [0m
          [36m</div>[39m
          [36m<hr />[39m
          [36m<div>[39m
            [36m<h3>[39m
              [0mChange Color[0m
            [36m</h3>[39m
            [36m<form[39m
              [33mdata-testid[39m=[32m"colored-box"[39m
              [33mstyle[39m=[32m"background-color: blue; justify-content: center; display: flex; padding: 20px;"[39m
            [36m>[39m
              [36m<div[39m
                [33mclass[39m=[32m"form-check"[39m
                [33mstyle[39m=[32m"padding: 20px;"[39m
              [36m>[39m
                [36m<input[39m
                  [33mchecked[39m=[32m""[39m
                  [33mclass[39m=[32m"form-check-input"[39m
                  [33mtype[39m=[32m"radio"[39m
                  [33mvalue[39m=[32m"blue"[39m
                [36m/>[39m
                [36m<label[39m
                  [33mclass[39m=[32m"form-check-label"[39m
                  [33mtitle[39m=[32m""[39m
                [36m>[39m
                  [0mblue[0m
                [36m</label>[39m
              [36m</div>[39m
              [36m<div[39m
                [33mclass[39m=[32m"form-check"[39m
                [33mstyle[39m=[32m"padding: 20px;"[39m
              [36m>[39m
                [36m<input[39m
                  [33mclass[39m=[32m"form-check-input"[39m
                  [33mtype[39m=[32m"radio"[39m
                  [33mvalue[39m=[32m"red"[39m
                [36m/>[39m
                [36m<label[39m
                  [33mclass[39m=[32m"form-check-label"[39m
                  [33mtitle[39m=[32m""[39m
                [36m>[39m
                  [0mred[0m
                [36m</label>[39m
              [36m</div>[39m
              [36m<div[39m
                [33mclass[39m=[32m"form-check"[39m
                [33mstyle[39m=[32m"padding: 20px;"[39m
              [36m>[39m
                [36m<input[39m
                  [33mclass[39m=[32m"form-check-input"[39m
                  [33mtype[39m=[32m"radio"[39m
                  [33mvalue[39m=[32m"yellow"[39m
                [36m/>[39m
                [36m<label[39m
                  [33mclass[39m=[32m"form-check-label"[39m
                  [33mtitle[39m=[32m""[39m
                [36m>[39m
                  [0myellow[0m
                [36m</label>[39m
              [36m</div>[39m
              [36m<div[39m
                [33mclass[39m=[32m"form-check"[39m
                [33mstyle[39m=[32m"padding: 20px;"[39m
              [36m>[39m
                [36m<input[39m
                  [33mclass[39m=[32m"form-check-input"[39m
                  [33mtype[39m=[32m"radio"[39m
                  [33mvalue[39m=[32m"green"[39m
                [36m/>[39m
                [36m<label[39m
                  [33mclass[39m=[32m"form-check-label"[39m
                  [33mtitle[39m=[32m""[39m
                [36m>[39m
                  [0mgreen[0m
                [36m</label>[39m
              [36m</div>[39m
              [36m<div[39m
                [33mclass[39m=[32m"form-check"[39m
                [33mstyle[39m=[32m"padding: 20px;"[39m
              [36m>[39m
                [36m<input[39m
                  [33mclass[39m=[32m"form-check-input"[39m
                  [33mtype[39m=[32m"radio"[39m
                  [33mvalue[39m=[32m"orange"[39m
                [36m/>[39m
                [36m<label[39m
                  [33mclass[39m=[32m"form-check-label"[39m
                  [33mtitle[39m=[32m""[39m
                [36m>[39m
                  [0morange[0m
                [36m</label>[39m
              [36m</div>[39m
              [36m<div[39m
                [33mclass[39m=[32m"form-check"[39m
                [33mstyle[39m=[32m"padding: 20px;"[39m
              [36m>[39m
                [36m<input[39m
                  [33mclass[39m=[32m"form-check-input"[39m
                  [33mtype[39m=[32m"radio"[39m
                  [33mvalue[39m=[32m"purple"[39m
                [36m/>[39m
                [36m<label[39m
                  [33mclass[39m=[32m"form-check-label"[39m
                  [33mtitle[39m=[32m""[39m
                [36m>[39m
                  [0mpurple[0m
                [36m</label>[39m
              [36m</div>[39m
              [36m<div[39m
                [33mclass[39m=[32m"form-check"[39m
                [33mstyle[39m=[32m"padding: 20px;"[39m
              [36m>[39m
                [36m<input[39m
                  [33mclass[39m=[32m"form-check-input"[39m
                  [33mtype[39m=[32m"radio"[39m
                  [33mvalue[39m=[32m"pink"[39m
                [36m/>[39m
                [36m<label[39m
                  [33mclass[39m=[32m"form-check-label"[39m
                  [33mtitle[39m=[32m""[39m
                [36m>[39m
                  [0mpink[0m
                [36m</label>[39m
              [36m</div>[39m
              [36m<div[39m
                [33mclass[39m=[32m"form-check"[39m
                [33mstyle[39m=[32m"padding: 20px;"[39m
              [36m>[39m
                [36m<input[39m
                  [33mclass[39m=[32m"form-check-input"[39m
                  [33mtype[39m=[32m"radio"[39m
                  [33mvalue[39m=[32m"gray"[39m
                [36m/>[39m
                [36m<label[39m
                  [33mclass[39m=[32m"form-check-label"[39m
                  [33mtitle[39m=[32m""[39m
                [36m>[39m
                  [0mgray[0m
                [36m</label>[39m
              [36m</div>[39m
            [36m</form>[39m
            [36m<h4>[39m
              [0mYou have choosen[0m
              [0m [0m
              [36m<span[39m
                [33mstyle[39m=[32m"background-color: blue;"[39m
              [36m>[39m
                [0mblue[0m
              [36m</span>[39m
            [36m</h4>[39m
          [36m</div>[39m
          [36m<hr />[39m
          [36m<div>[39m
            [36m<h3>[39m
              [0mMultiple Choice Question[0m
            [36m</h3>[39m
            [36m<div>[39m
              [36m<label[39m
                [33mclass[39m=[32m"form-label"[39m
                [33mfor[39m=[32m"favoriteColors"[39m
              [36m>[39m
                [0mChoose the correct answer[0m
              [36m</label>[39m
              [36m<select[39m
                [33mclass[39m=[32m"form-select"[39m
                [33mid[39m=[32m"favoriteColors"[39m
              [36m>[39m
                [36m<option[39m
                  [33mvalue[39m=[32m"a"[39m
                [36m>[39m
                  [0ma[0m
                [36m</option>[39m
                [36m<option[39m
                  [33mvalue[39m=[32m"b"[39m
                [36m>[39m
                  [0mb[0m
                [36m</option>[39m
                [36m<option[39m
                  [33mvalue[39m=[32m"c"[39m
                [36m>[39m
                  [0mc[0m
                [36m</option>[39m
              [36m</select>[39m
            [36m</div>[39m
            [36m<p>[39m
              [0m❌[0m
            [36m</p>[39m
          [36m</div>[39m
          [36m<hr />[39m
          [36m<div>[39m
            [36m<h3>[39m
              [0mDouble Half[0m
            [36m</h3>[39m
            [36m<div>[39m
              [0mThe current value is: [0m
              [36m<span>[39m
                [0m10[0m
              [36m</span>[39m
            [36m</div>[39m
            [36m<button[39m
              [33mclass[39m=[32m"btn btn-primary"[39m
              [33mtype[39m=[32m"button"[39m
            [36m>[39m
              [0mDouble[0m
            [36m</button>[39m
            [36m<button[39m
              [33mclass[39m=[32m"btn btn-primary"[39m
              [33mtype[39m=[32m"button"[39m
            [36m>[39m
              [0mHalve[0m
            [36m</button>[39m
          [36m</div>[39m
          [36m<hr />[39m
          [36m<div>[39m
            [36m<h3>[39m
              [0mChoose Team[0m
            [36m</h3>[39m
            [36m<div[39m
              [33mclass[39m=[32m"row"[39m
            [36m>[39m
              [36m<div[39m
                [33mclass[39m=[32m"col"[39m
              [36m>[39m
                [36m<div[39m
                  [33mstyle[39m=[32m"margin-bottom: 4px;"[39m
                [36m>[39m
                  [0mAdd[0m
                  [0m [0m
                  [36m<button[39m
                    [33mclass[39m=[32m"btn btn-primary btn-sm"[39m
                    [33mtype[39m=[32m"button"[39m
                  [36m>[39m
                    [0mAlan Turing[0m
                  [36m</button>[39m
                [36m</div>[39m
                [36m<div[39m
                  [33mstyle[39m=[32m"margin-bottom: 4px;"[39m
                [36m>[39m
                  [0mAdd[0m
                  [0m [0m
                  [36m<button[39m
                    [33mclass[39m=[32m"btn btn-primary btn-sm"[39m
                    [33mtype[39m=[32m"button"[39m
                  [36m>[39m
                    [0mGrace Hopper[0m
                  [36m</button>[39m
                [36m</div>[39m
                [36m<div[39m
                  [33mstyle[39m=[32m"margin-bottom: 4px;"[39m
                [36m>[39m
                  [0mAdd[0m
                  [0m [0m
                  [36m<button[39m
                    [33mclass[39m=[32m"btn btn-primary btn-sm"[39m
                    [33mtype[39m=[32m"button"[39m
                  [36m>[39m
                    [0mAda Lovelace[0m
                  [36m</button>[39m
                [36m</div>[39m
                [36m<div[39m
                  [33mstyle[39m=[32m"margin-bottom: 4px;"[39m
                [36m>[39m
                  [0mAdd[0m
                  [0m [0m
                  [36m<button[39m
                    [33mclass[39m=[32m"btn btn-primary btn-sm"[39m
                    [33mtype[39m=[32m"button"[39m
                  [36m>[39m
                    [0mCharles Babbage[0m
                  [36m</button>[39m
                [36m</div>[39m
                [36m<div[39m
                  [33mstyle[39m=[32m"margin-bottom: 4px;"[39m
                [36m>[39m
                  [0mAdd[0m
                  [0m [0m
                  [36m<button[39m
                    [33mclass[39m=[32m"btn btn-primary btn-sm"[39m
                    [33mtype[39m=[32m"button"[39m
                  [36m>[39m
                    [0mBarbara Liskov[0m
                  [36m</button>[39m
                [36m</div>[39m
                [36m<div[39m
                  [33mstyle[39m=[32m"margin-bottom: 4px;"[39m
                [36m>[39m
                  [0mAdd[0m
                  [0m [0m
                  [36m<button[39m
                    [33mclass[39m=[32m"btn btn-primary btn-sm"[39m
                    [33mtype[39m=[32m"button"[39m
                  [36m>[39m
                    [0mMargaret Hamilton[0m
                  [36m</button>[39m
                [36m</div>[39m
              [36m</div>[39m
              [36m<div[39m
                [33mclass[39m=[32m"col"[39m
              [36m>[39m
                [36m<strong>[39m
                  [0mTeam:[0m
                [36m</strong>[39m
                [36m<button[39m
                  [33mclass[39m=[32m"btn btn-primary"[39m
                  [33mtype[39m=[32m"button"[39m
                [36m>[39m
                  [0mClear Team[0m
                [36m</button>[39m
              [36m</div>[39m
            [36m</div>[39m
          [36m</div>[39m
          [36m<hr />[39m
          [36m<div>[39m
            [36m<h3>[39m
              [0mColored Box[0m
            [36m</h3>[39m
            [36m<span>[39m
              [0mThe current color is: [0m
              [0mred[0m
            [36m</span>[39m
            [36m<div>[39m
              [36m<button[39m
                [33mclass[39m=[32m"btn btn-primary"[39m
                [33mtype[39m=[32m"button"[39m
              [36m>[39m
                [0mNext Color[0m
              [36m</button>[39m
              [36m<div[39m
                [33mdata-testid[39m=[32m"colored-box"[39m
                [33mstyle[39m=[32m"width: 50px; height: 50px; background-color: red; display: inline-block; vertical-align: bottom; margin-left: 5px;"[39m
              [36m/>[39m
            [36m</div>[39m
          [36m</div>[39m
          [36m<hr />[39m
          [36m<div>[39m
            [36m<span>[39m
              [0mShove Box[0m
            [36m</span>[39m
            [36m<span>[39m
              [0mThe box is at: [0m
              [0m10[0m
            [36m</span>[39m
            [36m<div>[39m
              [36m<button[39m
                [33mclass[39m=[32m"btn btn-primary"[39m
                [33mtype[39m=[32m"button"[39m
              [36m>[39m
                [0mShove the Box[0m
              [36m</button>[39m
              [36m<div[39m
                [33mdata-testid[39m=[32m"moveable-box"[39m
                [33mstyle[39m=[32m"width: 50px; height: 50px; background-color: lightblue; border: 1px solid blue; display: inline-block; vertical-align: bottom; margin-left: 10px;"[39m
              [36m/>[39m
            [36m</div>[39m
          [36m</div>[39m
          [36m<hr />[39m
          [36m<span>[39m
            [36m<button[39m
              [33mclass[39m=[32m"btn btn-primary"[39m
              [33mtype[39m=[32m"button"[39m
            [36m>[39m
              [0mAdd One[0m
            [36m</button>[39m
            [0mto [0m
            [0m0[0m
            [0m.[0m
          [36m</span>[39m
          [36m<hr />[39m
          [36m<div>[39m
            [36m<button[39m
              [33mclass[39m=[32m"btn btn-primary"[39m
              [33mtype[39m=[32m"button"[39m
            [36m>[39m
              [0mReveal Answer[0m
            [36m</button>[39m
            [36m<hr />[39m
          [36m</div>[39m
          [36m<hr />[39m
          [36m<div>[39m
            [0mCurrent Attempt: [0m
            [36m<span>[39m
              [0m4[0m
            [36m</span>[39m
            [36m<button[39m
              [33mclass[39m=[32m"btn btn-primary"[39m
              [33mtype[39m=[32m"button"[39m
            [36m>[39m
              [0mMulligan[0m
            [36m</button>[39m
            [36m<div>[39m
              [36m<button[39m
                [33mclass[39m=[32m"btn btn-primary"[39m
                [33mtype[39m=[32m"button"[39m
              [36m>[39m
                [0mStart Quiz[0m
              [36m</button>[39m
            [36m</div>[39m
            [36m<div>[39m
              [36m<button[39m
                [33mclass[39m=[32m"btn btn-primary"[39m
                [33mdisabled[39m=[32m""[39m
                [33mtype[39m=[32m"button"[39m
              [36m>[39m
                [0mStop Quiz[0m
              [36m</button>[39m
            [36m</div>[39m
          [36m</div>[39m
          [36m<hr />[39m
          [36m<div>[39m
            [36m<span[39m
              [33mdata-testid[39m=[32m"left-die"[39m
            [36m>[39m
              [0m0[0m
            [36m</span>[39m
            [36m<button[39m
              [33mclass[39m=[32m"btn btn-primary"[39m
              [33mtype[39m=[32m"button"[39m
            [36m>[39m
              [0mRoll Left[0m
            [36m</button>[39m
            [36m<button[39m
              [33mclass[39m=[32m"btn btn-primary"[39m
              [33mtype[39m=[32m"button"[39m
            [36m>[39m
              [0mRoll Right[0m
            [36m</button>[39m
            [36m<span[39m
              [33mdata-testid[39m=[32m"right-die"[39m
            [36m>[39m
              [0m1[0m
            [36m</span>[39m
          [36m</div>[39m
          [36m<hr />[39m
          [36m<div>[39m
            [36m<button[39m
              [33mclass[39m=[32m"btn btn-primary"[39m
              [33mtype[39m=[32m"button"[39m
            [36m>[39m
              [0mChange Type[0m
            [36m</button>[39m
            [36m<div>[39m
              [0mShort Answer[0m
            [36m</div>[39m
          [36m</div>[39m
          [36m<hr />[39m
          [36m<div>[39m
            [36m<button[39m
              [33mclass[39m=[32m"btn btn-primary"[39m
              [33mtype[39m=[32m"button"[39m
            [36m>[39m
              [0mAdvance by Alphabet[0m
            [36m</button>[39m
            [36m<button[39m
              [33mclass[39m=[32m"btn btn-primary"[39m
              [33mtype[39m=[32m"button"[39m
            [36m>[39m
              [0mAdvance by Year[0m
            [36m</button>[39m
            [36m<hr />[39m
            [36m<span>[39m
              [0mHoliday: [0m
              [0m🌛[0m
            [36m</span>[39m
          [36m</div>[39m
        [36m</div>[39m
      [36m</div>[39m
    [36m</body>[39m

       7 |     test("There is a header", () => {
       8 |         render(<App />);
    >  9 |         const header = screen.getByRole("heading");
         |                               ^
      10 |         expect(header).toBeInTheDocument();
      11 |     });
      12 |

      at Object.getElementError (node_modules/@testing-library/dom/dist/config.js:38:19)
      at getElementError (node_modules/@testing-library/dom/dist/query-helpers.js:25:35)
      at getMultipleElementsFoundError (node_modules/@testing-library/dom/dist/query-helpers.js:29:10)
      at node_modules/@testing-library/dom/dist/query-helpers.js:66:13
      at getByRole (node_modules/@testing-library/dom/dist/query-helpers.js:111:19)
      at Object.<anonymous> (src/HtmlCss.test.tsx:9:31)

  ● Some HTML Elements are added. › There is an image with alt text

    TestingLibraryElementError: Unable to find an accessible element with the role "img"

    Here are the accessible roles:

      banner:

      Name "":
      [36m<header[39m
        [33mclass[39m=[32m"App-header"[39m
      [36m/>[39m

      --------------------------------------------------
      separator:

      Name "":
      [36m<hr />[39m

      Name "":
      [36m<hr />[39m

      Name "":
      [36m<hr />[39m

      Name "":
      [36m<hr />[39m

      Name "":
      [36m<hr />[39m

      Name "":
      [36m<hr />[39m

      Name "":
      [36m<hr />[39m

      Name "":
      [36m<hr />[39m

      Name "":
      [36m<hr />[39m

      Name "":
      [36m<hr />[39m

      Name "":
      [36m<hr />[39m

      Name "":
      [36m<hr />[39m

      Name "":
      [36m<hr />[39m

      Name "":
      [36m<hr />[39m

      Name "":
      [36m<hr />[39m

      Name "":
      [36m<hr />[39m

      Name "":
      [36m<hr />[39m

      --------------------------------------------------
      heading:

      Name "Check Answer":
      [36m<h3 />[39m

      Name "Give Attempts":
      [36m<h3 />[39m

      Name "Edit Mode":
      [36m<h3 />[39m

      Name "Change Color":
      [36m<h3 />[39m

      Name "You have choosen blue":
      [36m<h4 />[39m

      Name "Multiple Choice Question":
      [36m<h3 />[39m

      Name "Double Half":
      [36m<h3 />[39m

      Name "Choose Team":
      [36m<h3 />[39m

      Name "Colored Box":
      [36m<h3 />[39m

      --------------------------------------------------
      textbox:

      Name "Enter Answer: Check Answer":
      [36m<input[39m
        [33mtype[39m=[32m"text"[39m
      [36m/>[39m

      --------------------------------------------------
      button:

      Name "Check Answer":
      [36m<button[39m
        [33mtype[39m=[32m"button"[39m
      [36m/>[39m

      Name "use":
      [36m<button />[39m

      Name "gain":
      [36m<button[39m
        [33mtype[39m=[32m"submit"[39m
      [36m/>[39m

      Name "Double":
      [36m<button[39m
        [33mclass[39m=[32m"btn btn-primary"[39m
        [33mtype[39m=[32m"button"[39m
      [36m/>[39m

      Name "Halve":
      [36m<button[39m
        [33mclass[39m=[32m"btn btn-primary"[39m
        [33mtype[39m=[32m"button"[39m
      [36m/>[39m

      Name "Alan Turing":
      [36m<button[39m
        [33mclass[39m=[32m"btn btn-primary btn-sm"[39m
        [33mtype[39m=[32m"button"[39m
      [36m/>[39m

      Name "Grace Hopper":
      [36m<button[39m
        [33mclass[39m=[32m"btn btn-primary btn-sm"[39m
        [33mtype[39m=[32m"button"[39m
      [36m/>[39m

      Name "Ada Lovelace":
      [36m<button[39m
        [33mclass[39m=[32m"btn btn-primary btn-sm"[39m
        [33mtype[39m=[32m"button"[39m
      [36m/>[39m

      Name "Charles Babbage":
      [36m<button[39m
        [33mclass[39m=[32m"btn btn-primary btn-sm"[39m
        [33mtype[39m=[32m"button"[39m
      [36m/>[39m

      Name "Barbara Liskov":
      [36m<button[39m
        [33mclass[39m=[32m"btn btn-primary btn-sm"[39m
        [33mtype[39m=[32m"button"[39m
      [36m/>[39m

      Name "Margaret Hamilton":
      [36m<button[39m
        [33mclass[39m=[32m"btn btn-primary btn-sm"[39m
        [33mtype[39m=[32m"button"[39m
      [36m/>[39m

      Name "Clear Team":
      [36m<button[39m
        [33mclass[39m=[32m"btn btn-primary"[39m
        [33mtype[39m=[32m"button"[39m
      [36m/>[39m

      Name "Next Color":
      [36m<button[39m
        [33mclass[39m=[32m"btn btn-primary"[39m
        [33mtype[39m=[32m"button"[39m
      [36m/>[39m

      Name "Shove the Box":
      [36m<button[39m
        [33mclass[39m=[32m"btn btn-primary"[39m
        [33mtype[39m=[32m"button"[39m
      [36m/>[39m

      Name "Add One":
      [36m<button[39m
        [33mclass[39m=[32m"btn btn-primary"[39m
        [33mtype[39m=[32m"button"[39m
      [36m/>[39m

      Name "Reveal Answer":
      [36m<button[39m
        [33mclass[39m=[32m"btn btn-primary"[39m
        [33mtype[39m=[32m"button"[39m
      [36m/>[39m

      Name "Mulligan":
      [36m<button[39m
        [33mclass[39m=[32m"btn btn-primary"[39m
        [33mtype[39m=[32m"button"[39m
      [36m/>[39m

      Name "Start Quiz":
      [36m<button[39m
        [33mclass[39m=[32m"btn btn-primary"[39m
        [33mtype[39m=[32m"button"[39m
      [36m/>[39m

      Name "Stop Quiz":
      [36m<button[39m
        [33mclass[39m=[32m"btn btn-primary"[39m
        [33mdisabled[39m=[32m""[39m
        [33mtype[39m=[32m"button"[39m
      [36m/>[39m

      Name "Roll Left":
      [36m<button[39m
        [33mclass[39m=[32m"btn btn-primary"[39m
        [33mtype[39m=[32m"button"[39m
      [36m/>[39m

      Name "Roll Right":
      [36m<button[39m
        [33mclass[39m=[32m"btn btn-primary"[39m
        [33mtype[39m=[32m"button"[39m
      [36m/>[39m

      Name "Change Type":
      [36m<button[39m
        [33mclass[39m=[32m"btn btn-primary"[39m
        [33mtype[39m=[32m"button"[39m
      [36m/>[39m

      Name "Advance by Alphabet":
      [36m<button[39m
        [33mclass[39m=[32m"btn btn-primary"[39m
        [33mtype[39m=[32m"button"[39m
      [36m/>[39m

      Name "Advance by Year":
      [36m<button[39m
        [33mclass[39m=[32m"btn btn-primary"[39m
        [33mtype[39m=[32m"button"[39m
      [36m/>[39m

      --------------------------------------------------
      spinbutton:

      Name "":
      [36m<input[39m
        [33mplaceholder[39m=[32m"Enter a number"[39m
        [33mtype[39m=[32m"number"[39m
      [36m/>[39m

      --------------------------------------------------
      checkbox:

      Name "Edit Mode":
      [36m<input[39m
        [33mclass[39m=[32m"form-check-input"[39m
        [33mid[39m=[32m"in-edit"[39m
        [33mtype[39m=[32m"checkbox"[39m
      [36m/>[39m

      --------------------------------------------------
      radio:

      Name "":
      [36m<input[39m
        [33mchecked[39m=[32m""[39m
        [33mclass[39m=[32m"form-check-input"[39m
        [33mtype[39m=[32m"radio"[39m
        [33mvalue[39m=[32m"blue"[39m
      [36m/>[39m

      Name "":
      [36m<input[39m
        [33mclass[39m=[32m"form-check-input"[39m
        [33mtype[39m=[32m"radio"[39m
        [33mvalue[39m=[32m"red"[39m
      [36m/>[39m

      Name "":
      [36m<input[39m
        [33mclass[39m=[32m"form-check-input"[39m
        [33mtype[39m=[32m"radio"[39m
        [33mvalue[39m=[32m"yellow"[39m
      [36m/>[39m

      Name "":
      [36m<input[39m
        [33mclass[39m=[32m"form-check-input"[39m
        [33mtype[39m=[32m"radio"[39m
        [33mvalue[39m=[32m"green"[39m
      [36m/>[39m

      Name "":
      [36m<input[39m
        [33mclass[39m=[32m"form-check-input"[39m
        [33mtype[39m=[32m"radio"[39m
        [33mvalue[39m=[32m"orange"[39m
      [36m/>[39m

      Name "":
      [36m<input[39m
        [33mclass[39m=[32m"form-check-input"[39m
        [33mtype[39m=[32m"radio"[39m
        [33mvalue[39m=[32m"purple"[39m
      [36m/>[39m

      Name "":
      [36m<input[39m
        [33mclass[39m=[32m"form-check-input"[39m
        [33mtype[39m=[32m"radio"[39m
        [33mvalue[39m=[32m"pink"[39m
      [36m/>[39m

      Name "":
      [36m<input[39m
        [33mclass[39m=[32m"form-check-input"[39m
        [33mtype[39m=[32m"radio"[39m
        [33mvalue[39m=[32m"gray"[39m
      [36m/>[39m

      --------------------------------------------------
      combobox:

      Name "Choose the correct answer":
      [36m<select[39m
        [33mclass[39m=[32m"form-select"[39m
        [33mid[39m=[32m"favoriteColors"[39m
      [36m/>[39m

      --------------------------------------------------
      option:

      Name "a":
      [36m<option[39m
        [33mvalue[39m=[32m"a"[39m
      [36m/>[39m

      Name "b":
      [36m<option[39m
        [33mvalue[39m=[32m"b"[39m
      [36m/>[39m

      Name "c":
      [36m<option[39m
        [33mvalue[39m=[32m"c"[39m
      [36m/>[39m

      --------------------------------------------------

    Ignored nodes: comments, <script />, <style />
    [36m<body>[39m
      [36m<div>[39m
        [36m<div[39m
          [33mclass[39m=[32m"App"[39m
        [36m>[39m
          [36m<header[39m
            [33mclass[39m=[32m"App-header"[39m
          [36m>[39m
            [0mUD CISC275 with React Hooks and TypeScript[0m
          [36m</header>[39m
          [36m<p>[39m
            [0mHello World[0m
          [36m</p>[39m
          [36m<hr />[39m
          [36m<div>[39m
            [36m<h3>[39m
              [0mCheck Answer[0m
            [36m</h3>[39m
            [36m<form>[39m
              [36m<label>[39m
                [0mEnter Answer:[0m
                [36m<input[39m
                  [33mtype[39m=[32m"text"[39m
                [36m/>[39m
                [36m<button[39m
                  [33mtype[39m=[32m"button"[39m
                [36m>[39m
                  [0mCheck Answer[0m
                [36m</button>[39m
              [36m</label>[39m
              [36m<div>[39m
                [36m<p>[39m
                  [0m❌[0m
                [36m</p>[39m
              [36m</div>[39m
            [36m</form>[39m
          [36m</div>[39m
          [36m<hr />[39m
          [36m<div>[39m
            [36m<h3>[39m
              [0mGive Attempts[0m
            [36m</h3>[39m
            [36m<button>[39m
              [0muse[0m
            [36m</button>[39m
            [36m<form>[39m
              [36m<input[39m
                [33mplaceholder[39m=[32m"Enter a number"[39m
                [33mtype[39m=[32m"number"[39m
              [36m/>[39m
              [36m<button[39m
                [33mtype[39m=[32m"submit"[39m
              [36m>[39m
                [0mgain[0m
              [36m</button>[39m
            [36m</form>[39m
            [36m<p>[39m
              [0mAttempts Left: [0m
              [0m3[0m
            [36m</p>[39m
          [36m</div>[39m
          [36m<hr />[39m
          [36m<div>[39m
            [36m<h3>[39m
              [0mEdit Mode[0m
            [36m</h3>[39m
            [36m<div[39m
              [33mclass[39m=[32m"form-check form-switch"[39m
            [36m>[39m
              [36m<input[39m
                [33mclass[39m=[32m"form-check-input"[39m
                [33mid[39m=[32m"in-edit"[39m
                [33mtype[39m=[32m"checkbox"[39m
              [36m/>[39m
              [36m<label[39m
                [33mclass[39m=[32m"form-check-label"[39m
                [33mfor[39m=[32m"in-edit"[39m
                [33mtitle[39m=[32m""[39m
              [36m>[39m
                [0mEdit Mode[0m
              [36m</label>[39m
            [36m</div>[39m
            [0mYour Name[0m
            [0m is [0m
            [0m a student[0m
            [0m [0m
          [36m</div>[39m
          [36m<hr />[39m
          [36m<div>[39m
            [36m<h3>[39m
              [0mChange Color[0m
            [36m</h3>[39m
            [36m<form[39m
              [33mdata-testid[39m=[32m"colored-box"[39m
              [33mstyle[39m=[32m"background-color: blue; justify-content: center; display: flex; padding: 20px;"[39m
            [36m>[39m
              [36m<div[39m
                [33mclass[39m=[32m"form-check"[39m
                [33mstyle[39m=[32m"padding: 20px;"[39m
              [36m>[39m
                [36m<input[39m
                  [33mchecked[39m=[32m""[39m
                  [33mclass[39m=[32m"form-check-input"[39m
                  [33mtype[39m=[32m"radio"[39m
                  [33mvalue[39m=[32m"blue"[39m
                [36m/>[39m
                [36m<label[39m
                  [33mclass[39m=[32m"form-check-label"[39m
                  [33mtitle[39m=[32m""[39m
                [36m>[39m
                  [0mblue[0m
                [36m</label>[39m
              [36m</div>[39m
              [36m<div[39m
                [33mclass[39m=[32m"form-check"[39m
                [33mstyle[39m=[32m"padding: 20px;"[39m
              [36m>[39m
                [36m<input[39m
                  [33mclass[39m=[32m"form-check-input"[39m
                  [33mtype[39m=[32m"radio"[39m
                  [33mvalue[39m=[32m"red"[39m
                [36m/>[39m
                [36m<label[39m
                  [33mclass[39m=[32m"form-check-label"[39m
                  [33mtitle[39m=[32m""[39m
                [36m>[39m
                  [0mred[0m
                [36m</label>[39m
              [36m</div>[39m
              [36m<div[39m
                [33mclass[39m=[32m"form-check"[39m
                [33mstyle[39m=[32m"padding: 20px;"[39m
              [36m>[39m
                [36m<input[39m
                  [33mclass[39m=[32m"form-check-input"[39m
                  [33mtype[39m=[32m"radio"[39m
                  [33mvalue[39m=[32m"yellow"[39m
                [36m/>[39m
                [36m<label[39m
                  [33mclass[39m=[32m"form-check-label"[39m
                  [33mtitle[39m=[32m""[39m
                [36m>[39m
                  [0myellow[0m
                [36m</label>[39m
              [36m</div>[39m
              [36m<div[39m
                [33mclass[39m=[32m"form-check"[39m
                [33mstyle[39m=[32m"padding: 20px;"[39m
              [36m>[39m
                [36m<input[39m
                  [33mclass[39m=[32m"form-check-input"[39m
                  [33mtype[39m=[32m"radio"[39m
                  [33mvalue[39m=[32m"green"[39m
                [36m/>[39m
                [36m<label[39m
                  [33mclass[39m=[32m"form-check-label"[39m
                  [33mtitle[39m=[32m""[39m
                [36m>[39m
                  [0mgreen[0m
                [36m</label>[39m
              [36m</div>[39m
              [36m<div[39m
                [33mclass[39m=[32m"form-check"[39m
                [33mstyle[39m=[32m"padding: 20px;"[39m
              [36m>[39m
                [36m<input[39m
                  [33mclass[39m=[32m"form-check-input"[39m
                  [33mtype[39m=[32m"radio"[39m
                  [33mvalue[39m=[32m"orange"[39m
                [36m/>[39m
                [36m<label[39m
                  [33mclass[39m=[32m"form-check-label"[39m
                  [33mtitle[39m=[32m""[39m
                [36m>[39m
                  [0morange[0m
                [36m</label>[39m
              [36m</div>[39m
              [36m<div[39m
                [33mclass[39m=[32m"form-check"[39m
                [33mstyle[39m=[32m"padding: 20px;"[39m
              [36m>[39m
                [36m<input[39m
                  [33mclass[39m=[32m"form-check-input"[39m
                  [33mtype[39m=[32m"radio"[39m
                  [33mvalue[39m=[32m"purple"[39m
                [36m/>[39m
                [36m<label[39m
                  [33mclass[39m=[32m"form-check-label"[39m
                  [33mtitle[39m=[32m""[39m
                [36m>[39m
                  [0mpurple[0m
                [36m</label>[39m
              [36m</div>[39m
              [36m<div[39m
                [33mclass[39m=[32m"form-check"[39m
                [33mstyle[39m=[32m"padding: 20px;"[39m
              [36m>[39m
                [36m<input[39m
                  [33mclass[39m=[32m"form-check-input"[39m
                  [33mtype[39m=[32m"radio"[39m
                  [33mvalue[39m=[32m"pink"[39m
                [36m/>[39m
                [36m<label[39m
                  [33mclass[39m=[32m"form-check-label"[39m
                  [33mtitle[39m=[32m""[39m
                [36m>[39m
                  [0mpink[0m
                [36m</label>[39m
              [36m</div>[39m
              [36m<div[39m
                [33mclass[39m=[32m"form-check"[39m
                [33mstyle[39m=[32m"padding: 20px;"[39m
              [36m>[39m
                [36m<input[39m
                  [33mclass[39m=[32m"form-check-input"[39m
                  [33mtype[39m=[32m"radio"[39m
                  [33mvalue[39m=[32m"gray"[39m
                [36m/>[39m
                [36m<label[39m
                  [33mclass[39m=[32m"form-check-label"[39m
                  [33mtitle[39m=[32m""[39m
                [36m>[39m
                  [0mgray[0m
                [36m</label>[39m
              [36m</div>[39m
            [36m</form>[39m
            [36m<h4>[39m
              [0mYou have choosen[0m
              [0m [0m
              [36m<span[39m
                [33mstyle[39m=[32m"background-color: blue;"[39m
              [36m>[39m
                [0mblue[0m
              [36m</span>[39m
            [36m</h4>[39m
          [36m</div>[39m
          [36m<hr />[39m
          [36m<div>[39m
            [36m<h3>[39m
              [0mMultiple Choice Question[0m
            [36m</h3>[39m
            [36m<div>[39m
              [36m<label[39m
                [33mclass[39m=[32m"form-label"[39m
                [33mfor[39m=[32m"favoriteColors"[39m
              [36m>[39m
                [0mChoose the correct answer[0m
              [36m</label>[39m
              [36m<select[39m
                [33mclass[39m=[32m"form-select"[39m
                [33mid[39m=[32m"favoriteColors"[39m
              [36m>[39m
                [36m<option[39m
                  [33mvalue[39m=[32m"a"[39m
                [36m>[39m
                  [0ma[0m
                [36m</option>[39m
                [36m<option[39m
                  [33mvalue[39m=[32m"b"[39m
                [36m>[39m
                  [0mb[0m
                [36m</option>[39m
                [36m<option[39m
                  [33mvalue[39m=[32m"c"[39m
                [36m>[39m
                  [0mc[0m
                [36m</option>[39m
              [36m</select>[39m
            [36m</div>[39m
            [36m<p>[39m
              [0m❌[0m
            [36m</p>[39m
          [36m</div>[39m
          [36m<hr />[39m
          [36m<div>[39m
            [36m<h3>[39m
              [0mDouble Half[0m
            [36m</h3>[39m
            [36m<div>[39m
              [0mThe current value is: [0m
              [36m<span>[39m
                [0m10[0m
              [36m</span>[39m
            [36m</div>[39m
            [36m<button[39m
              [33mclass[39m=[32m"btn btn-primary"[39m
              [33mtype[39m=[32m"button"[39m
            [36m>[39m
              [0mDouble[0m
            [36m</button>[39m
            [36m<button[39m
              [33mclass[39m=[32m"btn btn-primary"[39m
              [33mtype[39m=[32m"button"[39m
            [36m>[39m
              [0mHalve[0m
            [36m</button>[39m
          [36m</div>[39m
          [36m<hr />[39m
          [36m<div>[39m
            [36m<h3>[39m
              [0mChoose Team[0m
            [36m</h3>[39m
            [36m<div[39m
              [33mclass[39m=[32m"row"[39m
            [36m>[39m
              [36m<div[39m
                [33mclass[39m=[32m"col"[39m
              [36m>[39m
                [36m<div[39m
                  [33mstyle[39m=[32m"margin-bottom: 4px;"[39m
                [36m>[39m
                  [0mAdd[0m
                  [0m [0m
                  [36m<button[39m
                    [33mclass[39m=[32m"btn btn-primary btn-sm"[39m
                    [33mtype[39m=[32m"button"[39m
                  [36m>[39m
                    [0mAlan Turing[0m
                  [36m</button>[39m
                [36m</div>[39m
                [36m<div[39m
                  [33mstyle[39m=[32m"margin-bottom: 4px;"[39m
                [36m>[39m
                  [0mAdd[0m
                  [0m [0m
                  [36m<button[39m
                    [33mclass[39m=[32m"btn btn-primary btn-sm"[39m
                    [33mtype[39m=[32m"button"[39m
                  [36m>[39m
                    [0mGrace Hopper[0m
                  [36m</button>[39m
                [36m</div>[39m
                [36m<div[39m
                  [33mstyle[39m=[32m"margin-bottom: 4px;"[39m
                [36m>[39m
                  [0mAdd[0m
                  [0m [0m
                  [36m<button[39m
                    [33mclass[39m=[32m"btn btn-primary btn-sm"[39m
                    [33mtype[39m=[32m"button"[39m
                  [36m>[39m
                    [0mAda Lovelace[0m
                  [36m</button>[39m
                [36m</div>[39m
                [36m<div[39m
                  [33mstyle[39m=[32m"margin-bottom: 4px;"[39m
                [36m>[39m
                  [0mAdd[0m
                  [0m [0m
                  [36m<button[39m
                    [33mclass[39m=[32m"btn btn-primary btn-sm"[39m
                    [33mtype[39m=[32m"button"[39m
                  [36m>[39m
                    [0mCharles Babbage[0m
                  [36m</button>[39m
                [36m</div>[39m
                [36m<div[39m
                  [33mstyle[39m=[32m"margin-bottom: 4px;"[39m
                [36m>[39m
                  [0mAdd[0m
                  [0m [0m
                  [36m<button[39m
                    [33mclass[39m=[32m"btn btn-primary btn-sm"[39m
                    [33mtype[39m=[32m"button"[39m
                  [36m>[39m
                    [0mBarbara Liskov[0m
                  [36m</button>[39m
                [36m</div>[39m
                [36m<div[39m
                  [33mstyle[39m=[32m"margin-bottom: 4px;"[39m
                [36m>[39m
                  [0mAdd[0m
                  [0m [0m
                  [36m<button[39m
                    [33mclass[39m=[32m"btn btn-primary btn-sm"[39m
                    [33mtype[39m=[32m"button"[39m
                  [36m>[39m
                    [0mMargaret Hamilton[0m
                  [36m</button>[39m
                [36m</div>[39m
              [36m</div>[39m
              [36m<div[39m
                [33mclass[39m=[32m"col"[39m
              [36m>[39m
                [36m<strong>[39m
                  [0mTeam:[0m
                [36m</strong>[39m
                [36m<button[39m
                  [33mclass[39m=[32m"btn btn-primary"[39m
                  [33mtype[39m=[32m"button"[39m
                [36m>[39m
                  [0mClear Team[0m
                [36m</button>[39m
              [36m</div>[39m
            [36m</div>[39m
          [36m</div>[39m
          [36m<hr />[39m
          [36m<div>[39m
            [36m<h3>[39m
              [0mColored Box[0m
            [36m</h3>[39m
            [36m<span>[39m
              [0mThe current color is: [0m
              [0mred[0m
            [36m</span>[39m
            [36m<div>[39m
              [36m<button[39m
                [33mclass[39m=[32m"btn btn-primary"[39m
                [33mtype[39m=[32m"button"[39m
              [36m>[39m
                [0mNext Color[0m
              [36m</button>[39m
              [36m<div[39m
                [33mdata-testid[39m=[32m"colored-box"[39m
                [33mstyle[39m=[32m"width: 50px; height: 50px; background-color: red; display: inline-block; vertical-align: bottom; margin-left: 5px;"[39m
              [36m/>[39m
            [36m</div>[39m
          [36m</div>[39m
          [36m<hr />[39m
          [36m<div>[39m
            [36m<span>[39m
              [0mShove Box[0m
            [36m</span>[39m
            [36m<span>[39m
              [0mThe box is at: [0m
              [0m10[0m
            [36m</span>[39m
            [36m<div>[39m
              [36m<button[39m
                [33mclass[39m=[32m"btn btn-primary"[39m
                [33mtype[39m=[32m"button"[39m
              [36m>[39m
                [0mShove the Box[0m
              [36m</button>[39m
              [36m<div[39m
                [33mdata-testid[39m=[32m"moveable-box"[39m
                [33mstyle[39m=[32m"width: 50px; height: 50px; background-color: lightblue; border: 1px solid blue; display: inline-block; vertical-align: bottom; margin-left: 10px;"[39m
              [36m/>[39m
            [36m</div>[39m
          [36m</div>[39m
          [36m<hr />[39m
          [36m<span>[39m
            [36m<button[39m
              [33mclass[39m=[32m"btn btn-primary"[39m
              [33mtype[39m=[32m"button"[39m
            [36m>[39m
              [0mAdd One[0m
            [36m</button>[39m
            [0mto [0m
            [0m0[0m
            [0m.[0m
          [36m</span>[39m
          [36m<hr />[39m
          [36m<div>[39m
            [36m<button[39m
              [33mclass[39m=[32m"btn btn-primary"[39m
              [33mtype[39m=[32m"button"[39m
            [36m>[39m
              [0mReveal Answer[0m
            [36m</button>[39m
            [36m<hr />[39m
          [36m</div>[39m
          [36m<hr />[39m
          [36m<div>[39m
            [0mCurrent Attempt: [0m
            [36m<span>[39m
              [0m4[0m
            [36m</span>[39m
            [36m<button[39m
              [33mclass[39m=[32m"btn btn-primary"[39m
              [33mtype[39m=[32m"button"[39m
            [36m>[39m
              [0mMulligan[0m
            [36m</button>[39m
            [36m<div>[39m
              [36m<button[39m
                [33mclass[39m=[32m"btn btn-primary"[39m
                [33mtype[39m=[32m"button"[39m
              [36m>[39m
                [0mStart Quiz[0m
              [36m</button>[39m
            [36m</div>[39m
            [36m<div>[39m
              [36m<button[39m
                [33mclass[39m=[32m"btn btn-primary"[39m
                [33mdisabled[39m=[32m""[39m
                [33mtype[39m=[32m"button"[39m
              [36m>[39m
                [0mStop Quiz[0m
              [36m</button>[39m
            [36m</div>[39m
          [36m</div>[39m
          [36m<hr />[39m
          [36m<div>[39m
            [36m<span[39m
              [33mdata-testid[39m=[32m"left-die"[39m
            [36m>[39m
              [0m0[0m
            [36m</span>[39m
            [36m<button[39m
              [33mclass[39m=[32m"btn btn-primary"[39m
              [33mtype[39m=[32m"button"[39m
            [36m>[39m
              [0mRoll Left[0m
            [36m</button>[39m
            [36m<button[39m
              [33mclass[39m=[32m"btn btn-primary"[39m
              [33mtype[39m=[32m"button"[39m
            [36m>[39m
              [0mRoll Right[0m
            [36m</button>[39m
            [36m<span[39m
              [33mdata-testid[39m=[32m"right-die"[39m
            [36m>[39m
              [0m1[0m
            [36m</span>[39m
          [36m</div>[39m
          [36m<hr />[39m
          [36m<div>[39m
            [36m<button[39m
              [33mclass[39m=[32m"btn btn-primary"[39m
              [33mtype[39m=[32m"button"[39m
            [36m>[39m
              [0mChange Type[0m
            [36m</button>[39m
            [36m<div>[39m
              [0mShort Answer[0m
            [36m</div>[39m
          [36m</div>[39m
          [36m<hr />[39m
          [36m<div>[39m
            [36m<button[39m
              [33mclass[39m=[32m"btn btn-primary"[39m
              [33mtype[39m=[32m"button"[39m
            [36m>[39m
              [0mAdvance by Alphabet[0m
            [36m</button>[39m
            [36m<button[39m
              [33mclass[39m=[32m"btn btn-primary"[39m
              [33mtype[39m=[32m"button"[39m
            [36m>[39m
              [0mAdvance by Year[0m
            [36m</button>[39m
            [36m<hr />[39m
            [36m<span>[39m
              [0mHoliday: [0m
              [0m🌛[0m
            [36m</span>[39m
          [36m</div>[39m
        [36m</div>[39m
      [36m</div>[39m
    [36m</body>[39m

      13 |     test("There is an image with alt text", () => {
      14 |         render(<App />);
    > 15 |         const image = screen.getByRole("img");
         |                              ^
      16 |         expect(image).toBeInTheDocument();
      17 |         expect(image).toHaveAttribute("alt");
      18 |     });

      at Object.getElementError (node_modules/@testing-library/dom/dist/config.js:38:19)
      at node_modules/@testing-library/dom/dist/query-helpers.js:90:38
      at node_modules/@testing-library/dom/dist/query-helpers.js:62:17
      at getByRole (node_modules/@testing-library/dom/dist/query-helpers.js:111:19)
      at Object.<anonymous> (src/HtmlCss.test.tsx:15:30)

  ● Some HTML Elements are added. › There is a list with at least three elements

    TestingLibraryElementError: Unable to find an accessible element with the role "list"

    Here are the accessible roles:

      banner:

      Name "":
      [36m<header[39m
        [33mclass[39m=[32m"App-header"[39m
      [36m/>[39m

      --------------------------------------------------
      separator:

      Name "":
      [36m<hr />[39m

      Name "":
      [36m<hr />[39m

      Name "":
      [36m<hr />[39m

      Name "":
      [36m<hr />[39m

      Name "":
      [36m<hr />[39m

      Name "":
      [36m<hr />[39m

      Name "":
      [36m<hr />[39m

      Name "":
      [36m<hr />[39m

      Name "":
      [36m<hr />[39m

      Name "":
      [36m<hr />[39m

      Name "":
      [36m<hr />[39m

      Name "":
      [36m<hr />[39m

      Name "":
      [36m<hr />[39m

      Name "":
      [36m<hr />[39m

      Name "":
      [36m<hr />[39m

      Name "":
      [36m<hr />[39m

      Name "":
      [36m<hr />[39m

      --------------------------------------------------
      heading:

      Name "Check Answer":
      [36m<h3 />[39m

      Name "Give Attempts":
      [36m<h3 />[39m

      Name "Edit Mode":
      [36m<h3 />[39m

      Name "Change Color":
      [36m<h3 />[39m

      Name "You have choosen blue":
      [36m<h4 />[39m

      Name "Multiple Choice Question":
      [36m<h3 />[39m

      Name "Double Half":
      [36m<h3 />[39m

      Name "Choose Team":
      [36m<h3 />[39m

      Name "Colored Box":
      [36m<h3 />[39m

      --------------------------------------------------
      textbox:

      Name "Enter Answer: Check Answer":
      [36m<input[39m
        [33mtype[39m=[32m"text"[39m
      [36m/>[39m

      --------------------------------------------------
      button:

      Name "Check Answer":
      [36m<button[39m
        [33mtype[39m=[32m"button"[39m
      [36m/>[39m

      Name "use":
      [36m<button />[39m

      Name "gain":
      [36m<button[39m
        [33mtype[39m=[32m"submit"[39m
      [36m/>[39m

      Name "Double":
      [36m<button[39m
        [33mclass[39m=[32m"btn btn-primary"[39m
        [33mtype[39m=[32m"button"[39m
      [36m/>[39m

      Name "Halve":
      [36m<button[39m
        [33mclass[39m=[32m"btn btn-primary"[39m
        [33mtype[39m=[32m"button"[39m
      [36m/>[39m

      Name "Alan Turing":
      [36m<button[39m
        [33mclass[39m=[32m"btn btn-primary btn-sm"[39m
        [33mtype[39m=[32m"button"[39m
      [36m/>[39m

      Name "Grace Hopper":
      [36m<button[39m
        [33mclass[39m=[32m"btn btn-primary btn-sm"[39m
        [33mtype[39m=[32m"button"[39m
      [36m/>[39m

      Name "Ada Lovelace":
      [36m<button[39m
        [33mclass[39m=[32m"btn btn-primary btn-sm"[39m
        [33mtype[39m=[32m"button"[39m
      [36m/>[39m

      Name "Charles Babbage":
      [36m<button[39m
        [33mclass[39m=[32m"btn btn-primary btn-sm"[39m
        [33mtype[39m=[32m"button"[39m
      [36m/>[39m

      Name "Barbara Liskov":
      [36m<button[39m
        [33mclass[39m=[32m"btn btn-primary btn-sm"[39m
        [33mtype[39m=[32m"button"[39m
      [36m/>[39m

      Name "Margaret Hamilton":
      [36m<button[39m
        [33mclass[39m=[32m"btn btn-primary btn-sm"[39m
        [33mtype[39m=[32m"button"[39m
      [36m/>[39m

      Name "Clear Team":
      [36m<button[39m
        [33mclass[39m=[32m"btn btn-primary"[39m
        [33mtype[39m=[32m"button"[39m
      [36m/>[39m

      Name "Next Color":
      [36m<button[39m
        [33mclass[39m=[32m"btn btn-primary"[39m
        [33mtype[39m=[32m"button"[39m
      [36m/>[39m

      Name "Shove the Box":
      [36m<button[39m
        [33mclass[39m=[32m"btn btn-primary"[39m
        [33mtype[39m=[32m"button"[39m
      [36m/>[39m

      Name "Add One":
      [36m<button[39m
        [33mclass[39m=[32m"btn btn-primary"[39m
        [33mtype[39m=[32m"button"[39m
      [36m/>[39m

      Name "Reveal Answer":
      [36m<button[39m
        [33mclass[39m=[32m"btn btn-primary"[39m
        [33mtype[39m=[32m"button"[39m
      [36m/>[39m

      Name "Mulligan":
      [36m<button[39m
        [33mclass[39m=[32m"btn btn-primary"[39m
        [33mtype[39m=[32m"button"[39m
      [36m/>[39m

      Name "Start Quiz":
      [36m<button[39m
        [33mclass[39m=[32m"btn btn-primary"[39m
        [33mtype[39m=[32m"button"[39m
      [36m/>[39m

      Name "Stop Quiz":
      [36m<button[39m
        [33mclass[39m=[32m"btn btn-primary"[39m
        [33mdisabled[39m=[32m""[39m
        [33mtype[39m=[32m"button"[39m
      [36m/>[39m

      Name "Roll Left":
      [36m<button[39m
        [33mclass[39m=[32m"btn btn-primary"[39m
        [33mtype[39m=[32m"button"[39m
      [36m/>[39m

      Name "Roll Right":
      [36m<button[39m
        [33mclass[39m=[32m"btn btn-primary"[39m
        [33mtype[39m=[32m"button"[39m
      [36m/>[39m

      Name "Change Type":
      [36m<button[39m
        [33mclass[39m=[32m"btn btn-primary"[39m
        [33mtype[39m=[32m"button"[39m
      [36m/>[39m

      Name "Advance by Alphabet":
      [36m<button[39m
        [33mclass[39m=[32m"btn btn-primary"[39m
        [33mtype[39m=[32m"button"[39m
      [36m/>[39m

      Name "Advance by Year":
      [36m<button[39m
        [33mclass[39m=[32m"btn btn-primary"[39m
        [33mtype[39m=[32m"button"[39m
      [36m/>[39m

      --------------------------------------------------
      spinbutton:

      Name "":
      [36m<input[39m
        [33mplaceholder[39m=[32m"Enter a number"[39m
        [33mtype[39m=[32m"number"[39m
      [36m/>[39m

      --------------------------------------------------
      checkbox:

      Name "Edit Mode":
      [36m<input[39m
        [33mclass[39m=[32m"form-check-input"[39m
        [33mid[39m=[32m"in-edit"[39m
        [33mtype[39m=[32m"checkbox"[39m
      [36m/>[39m

      --------------------------------------------------
      radio:

      Name "":
      [36m<input[39m
        [33mchecked[39m=[32m""[39m
        [33mclass[39m=[32m"form-check-input"[39m
        [33mtype[39m=[32m"radio"[39m
        [33mvalue[39m=[32m"blue"[39m
      [36m/>[39m

      Name "":
      [36m<input[39m
        [33mclass[39m=[32m"form-check-input"[39m
        [33mtype[39m=[32m"radio"[39m
        [33mvalue[39m=[32m"red"[39m
      [36m/>[39m

      Name "":
      [36m<input[39m
        [33mclass[39m=[32m"form-check-input"[39m
        [33mtype[39m=[32m"radio"[39m
        [33mvalue[39m=[32m"yellow"[39m
      [36m/>[39m

      Name "":
      [36m<input[39m
        [33mclass[39m=[32m"form-check-input"[39m
        [33mtype[39m=[32m"radio"[39m
        [33mvalue[39m=[32m"green"[39m
      [36m/>[39m

      Name "":
      [36m<input[39m
        [33mclass[39m=[32m"form-check-input"[39m
        [33mtype[39m=[32m"radio"[39m
        [33mvalue[39m=[32m"orange"[39m
      [36m/>[39m

      Name "":
      [36m<input[39m
        [33mclass[39m=[32m"form-check-input"[39m
        [33mtype[39m=[32m"radio"[39m
        [33mvalue[39m=[32m"purple"[39m
      [36m/>[39m

      Name "":
      [36m<input[39m
        [33mclass[39m=[32m"form-check-input"[39m
        [33mtype[39m=[32m"radio"[39m
        [33mvalue[39m=[32m"pink"[39m
      [36m/>[39m

      Name "":
      [36m<input[39m
        [33mclass[39m=[32m"form-check-input"[39m
        [33mtype[39m=[32m"radio"[39m
        [33mvalue[39m=[32m"gray"[39m
      [36m/>[39m

      --------------------------------------------------
      combobox:

      Name "Choose the correct answer":
      [36m<select[39m
        [33mclass[39m=[32m"form-select"[39m
        [33mid[39m=[32m"favoriteColors"[39m
      [36m/>[39m

      --------------------------------------------------
      option:

      Name "a":
      [36m<option[39m
        [33mvalue[39m=[32m"a"[39m
      [36m/>[39m

      Name "b":
      [36m<option[39m
        [33mvalue[39m=[32m"b"[39m
      [36m/>[39m

      Name "c":
      [36m<option[39m
        [33mvalue[39m=[32m"c"[39m
      [36m/>[39m

      --------------------------------------------------

    Ignored nodes: comments, <script />, <style />
    [36m<body>[39m
      [36m<div>[39m
        [36m<div[39m
          [33mclass[39m=[32m"App"[39m
        [36m>[39m
          [36m<header[39m
            [33mclass[39m=[32m"App-header"[39m
          [36m>[39m
            [0mUD CISC275 with React Hooks and TypeScript[0m
          [36m</header>[39m
          [36m<p>[39m
            [0mHello World[0m
          [36m</p>[39m
          [36m<hr />[39m
          [36m<div>[39m
            [36m<h3>[39m
              [0mCheck Answer[0m
            [36m</h3>[39m
            [36m<form>[39m
              [36m<label>[39m
                [0mEnter Answer:[0m
                [36m<input[39m
                  [33mtype[39m=[32m"text"[39m
                [36m/>[39m
                [36m<button[39m
                  [33mtype[39m=[32m"button"[39m
                [36m>[39m
                  [0mCheck Answer[0m
                [36m</button>[39m
              [36m</label>[39m
              [36m<div>[39m
                [36m<p>[39m
                  [0m❌[0m
                [36m</p>[39m
              [36m</div>[39m
            [36m</form>[39m
          [36m</div>[39m
          [36m<hr />[39m
          [36m<div>[39m
            [36m<h3>[39m
              [0mGive Attempts[0m
            [36m</h3>[39m
            [36m<button>[39m
              [0muse[0m
            [36m</button>[39m
            [36m<form>[39m
              [36m<input[39m
                [33mplaceholder[39m=[32m"Enter a number"[39m
                [33mtype[39m=[32m"number"[39m
              [36m/>[39m
              [36m<button[39m
                [33mtype[39m=[32m"submit"[39m
              [36m>[39m
                [0mgain[0m
              [36m</button>[39m
            [36m</form>[39m
            [36m<p>[39m
              [0mAttempts Left: [0m
              [0m3[0m
            [36m</p>[39m
          [36m</div>[39m
          [36m<hr />[39m
          [36m<div>[39m
            [36m<h3>[39m
              [0mEdit Mode[0m
            [36m</h3>[39m
            [36m<div[39m
              [33mclass[39m=[32m"form-check form-switch"[39m
            [36m>[39m
              [36m<input[39m
                [33mclass[39m=[32m"form-check-input"[39m
                [33mid[39m=[32m"in-edit"[39m
                [33mtype[39m=[32m"checkbox"[39m
              [36m/>[39m
              [36m<label[39m
                [33mclass[39m=[32m"form-check-label"[39m
                [33mfor[39m=[32m"in-edit"[39m
                [33mtitle[39m=[32m""[39m
              [36m>[39m
                [0mEdit Mode[0m
              [36m</label>[39m
            [36m</div>[39m
            [0mYour Name[0m
            [0m is [0m
            [0m a student[0m
            [0m [0m
          [36m</div>[39m
          [36m<hr />[39m
          [36m<div>[39m
            [36m<h3>[39m
              [0mChange Color[0m
            [36m</h3>[39m
            [36m<form[39m
              [33mdata-testid[39m=[32m"colored-box"[39m
              [33mstyle[39m=[32m"background-color: blue; justify-content: center; display: flex; padding: 20px;"[39m
            [36m>[39m
              [36m<div[39m
                [33mclass[39m=[32m"form-check"[39m
                [33mstyle[39m=[32m"padding: 20px;"[39m
              [36m>[39m
                [36m<input[39m
                  [33mchecked[39m=[32m""[39m
                  [33mclass[39m=[32m"form-check-input"[39m
                  [33mtype[39m=[32m"radio"[39m
                  [33mvalue[39m=[32m"blue"[39m
                [36m/>[39m
                [36m<label[39m
                  [33mclass[39m=[32m"form-check-label"[39m
                  [33mtitle[39m=[32m""[39m
                [36m>[39m
                  [0mblue[0m
                [36m</label>[39m
              [36m</div>[39m
              [36m<div[39m
                [33mclass[39m=[32m"form-check"[39m
                [33mstyle[39m=[32m"padding: 20px;"[39m
              [36m>[39m
                [36m<input[39m
                  [33mclass[39m=[32m"form-check-input"[39m
                  [33mtype[39m=[32m"radio"[39m
                  [33mvalue[39m=[32m"red"[39m
                [36m/>[39m
                [36m<label[39m
                  [33mclass[39m=[32m"form-check-label"[39m
                  [33mtitle[39m=[32m""[39m
                [36m>[39m
                  [0mred[0m
                [36m</label>[39m
              [36m</div>[39m
              [36m<div[39m
                [33mclass[39m=[32m"form-check"[39m
                [33mstyle[39m=[32m"padding: 20px;"[39m
              [36m>[39m
                [36m<input[39m
                  [33mclass[39m=[32m"form-check-input"[39m
                  [33mtype[39m=[32m"radio"[39m
                  [33mvalue[39m=[32m"yellow"[39m
                [36m/>[39m
                [36m<label[39m
                  [33mclass[39m=[32m"form-check-label"[39m
                  [33mtitle[39m=[32m""[39m
                [36m>[39m
                  [0myellow[0m
                [36m</label>[39m
              [36m</div>[39m
              [36m<div[39m
                [33mclass[39m=[32m"form-check"[39m
                [33mstyle[39m=[32m"padding: 20px;"[39m
              [36m>[39m
                [36m<input[39m
                  [33mclass[39m=[32m"form-check-input"[39m
                  [33mtype[39m=[32m"radio"[39m
                  [33mvalue[39m=[32m"green"[39m
                [36m/>[39m
                [36m<label[39m
                  [33mclass[39m=[32m"form-check-label"[39m
                  [33mtitle[39m=[32m""[39m
                [36m>[39m
                  [0mgreen[0m
                [36m</label>[39m
              [36m</div>[39m
              [36m<div[39m
                [33mclass[39m=[32m"form-check"[39m
                [33mstyle[39m=[32m"padding: 20px;"[39m
              [36m>[39m
                [36m<input[39m
                  [33mclass[39m=[32m"form-check-input"[39m
                  [33mtype[39m=[32m"radio"[39m
                  [33mvalue[39m=[32m"orange"[39m
                [36m/>[39m
                [36m<label[39m
                  [33mclass[39m=[32m"form-check-label"[39m
                  [33mtitle[39m=[32m""[39m
                [36m>[39m
                  [0morange[0m
                [36m</label>[39m
              [36m</div>[39m
              [36m<div[39m
                [33mclass[39m=[32m"form-check"[39m
                [33mstyle[39m=[32m"padding: 20px;"[39m
              [36m>[39m
                [36m<input[39m
                  [33mclass[39m=[32m"form-check-input"[39m
                  [33mtype[39m=[32m"radio"[39m
                  [33mvalue[39m=[32m"purple"[39m
                [36m/>[39m
                [36m<label[39m
                  [33mclass[39m=[32m"form-check-label"[39m
                  [33mtitle[39m=[32m""[39m
                [36m>[39m
                  [0mpurple[0m
                [36m</label>[39m
              [36m</div>[39m
              [36m<div[39m
                [33mclass[39m=[32m"form-check"[39m
                [33mstyle[39m=[32m"padding: 20px;"[39m
              [36m>[39m
                [36m<input[39m
                  [33mclass[39m=[32m"form-check-input"[39m
                  [33mtype[39m=[32m"radio"[39m
                  [33mvalue[39m=[32m"pink"[39m
                [36m/>[39m
                [36m<label[39m
                  [33mclass[39m=[32m"form-check-label"[39m
                  [33mtitle[39m=[32m""[39m
                [36m>[39m
                  [0mpink[0m
                [36m</label>[39m
              [36m</div>[39m
              [36m<div[39m
                [33mclass[39m=[32m"form-check"[39m
                [33mstyle[39m=[32m"padding: 20px;"[39m
              [36m>[39m
                [36m<input[39m
                  [33mclass[39m=[32m"form-check-input"[39m
                  [33mtype[39m=[32m"radio"[39m
                  [33mvalue[39m=[32m"gray"[39m
                [36m/>[39m
                [36m<label[39m
                  [33mclass[39m=[32m"form-check-label"[39m
                  [33mtitle[39m=[32m""[39m
                [36m>[39m
                  [0mgray[0m
                [36m</label>[39m
              [36m</div>[39m
            [36m</form>[39m
            [36m<h4>[39m
              [0mYou have choosen[0m
              [0m [0m
              [36m<span[39m
                [33mstyle[39m=[32m"background-color: blue;"[39m
              [36m>[39m
                [0mblue[0m
              [36m</span>[39m
            [36m</h4>[39m
          [36m</div>[39m
          [36m<hr />[39m
          [36m<div>[39m
            [36m<h3>[39m
              [0mMultiple Choice Question[0m
            [36m</h3>[39m
            [36m<div>[39m
              [36m<label[39m
                [33mclass[39m=[32m"form-label"[39m
                [33mfor[39m=[32m"favoriteColors"[39m
              [36m>[39m
                [0mChoose the correct answer[0m
              [36m</label>[39m
              [36m<select[39m
                [33mclass[39m=[32m"form-select"[39m
                [33mid[39m=[32m"favoriteColors"[39m
              [36m>[39m
                [36m<option[39m
                  [33mvalue[39m=[32m"a"[39m
                [36m>[39m
                  [0ma[0m
                [36m</option>[39m
                [36m<option[39m
                  [33mvalue[39m=[32m"b"[39m
                [36m>[39m
                  [0mb[0m
                [36m</option>[39m
                [36m<option[39m
                  [33mvalue[39m=[32m"c"[39m
                [36m>[39m
                  [0mc[0m
                [36m</option>[39m
              [36m</select>[39m
            [36m</div>[39m
            [36m<p>[39m
              [0m❌[0m
            [36m</p>[39m
          [36m</div>[39m
          [36m<hr />[39m
          [36m<div>[39m
            [36m<h3>[39m
              [0mDouble Half[0m
            [36m</h3>[39m
            [36m<div>[39m
              [0mThe current value is: [0m
              [36m<span>[39m
                [0m10[0m
              [36m</span>[39m
            [36m</div>[39m
            [36m<button[39m
              [33mclass[39m=[32m"btn btn-primary"[39m
              [33mtype[39m=[32m"button"[39m
            [36m>[39m
              [0mDouble[0m
            [36m</button>[39m
            [36m<button[39m
              [33mclass[39m=[32m"btn btn-primary"[39m
              [33mtype[39m=[32m"button"[39m
            [36m>[39m
              [0mHalve[0m
            [36m</button>[39m
          [36m</div>[39m
          [36m<hr />[39m
          [36m<div>[39m
            [36m<h3>[39m
              [0mChoose Team[0m
            [36m</h3>[39m
            [36m<div[39m
              [33mclass[39m=[32m"row"[39m
            [36m>[39m
              [36m<div[39m
                [33mclass[39m=[32m"col"[39m
              [36m>[39m
                [36m<div[39m
                  [33mstyle[39m=[32m"margin-bottom: 4px;"[39m
                [36m>[39m
                  [0mAdd[0m
                  [0m [0m
                  [36m<button[39m
                    [33mclass[39m=[32m"btn btn-primary btn-sm"[39m
                    [33mtype[39m=[32m"button"[39m
                  [36m>[39m
                    [0mAlan Turing[0m
                  [36m</button>[39m
                [36m</div>[39m
                [36m<div[39m
                  [33mstyle[39m=[32m"margin-bottom: 4px;"[39m
                [36m>[39m
                  [0mAdd[0m
                  [0m [0m
                  [36m<button[39m
                    [33mclass[39m=[32m"btn btn-primary btn-sm"[39m
                    [33mtype[39m=[32m"button"[39m
                  [36m>[39m
                    [0mGrace Hopper[0m
                  [36m</button>[39m
                [36m</div>[39m
                [36m<div[39m
                  [33mstyle[39m=[32m"margin-bottom: 4px;"[39m
                [36m>[39m
                  [0mAdd[0m
                  [0m [0m
                  [36m<button[39m
                    [33mclass[39m=[32m"btn btn-primary btn-sm"[39m
                    [33mtype[39m=[32m"button"[39m
                  [36m>[39m
                    [0mAda Lovelace[0m
                  [36m</button>[39m
                [36m</div>[39m
                [36m<div[39m
                  [33mstyle[39m=[32m"margin-bottom: 4px;"[39m
                [36m>[39m
                  [0mAdd[0m
                  [0m [0m
                  [36m<button[39m
                    [33mclass[39m=[32m"btn btn-primary btn-sm"[39m
                    [33mtype[39m=[32m"button"[39m
                  [36m>[39m
                    [0mCharles Babbage[0m
                  [36m</button>[39m
                [36m</div>[39m
                [36m<div[39m
                  [33mstyle[39m=[32m"margin-bottom: 4px;"[39m
                [36m>[39m
                  [0mAdd[0m
                  [0m [0m
                  [36m<button[39m
                    [33mclass[39m=[32m"btn btn-primary btn-sm"[39m
                    [33mtype[39m=[32m"button"[39m
                  [36m>[39m
                    [0mBarbara Liskov[0m
                  [36m</button>[39m
                [36m</div>[39m
                [36m<div[39m
                  [33mstyle[39m=[32m"margin-bottom: 4px;"[39m
                [36m>[39m
                  [0mAdd[0m
                  [0m [0m
                  [36m<button[39m
                    [33mclass[39m=[32m"btn btn-primary btn-sm"[39m
                    [33mtype[39m=[32m"button"[39m
                  [36m>[39m
                    [0mMargaret Hamilton[0m
                  [36m</button>[39m
                [36m</div>[39m
              [36m</div>[39m
              [36m<div[39m
                [33mclass[39m=[32m"col"[39m
              [36m>[39m
                [36m<strong>[39m
                  [0mTeam:[0m
                [36m</strong>[39m
                [36m<button[39m
                  [33mclass[39m=[32m"btn btn-primary"[39m
                  [33mtype[39m=[32m"button"[39m
                [36m>[39m
                  [0mClear Team[0m
                [36m</button>[39m
              [36m</div>[39m
            [36m</div>[39m
          [36m</div>[39m
          [36m<hr />[39m
          [36m<div>[39m
            [36m<h3>[39m
              [0mColored Box[0m
            [36m</h3>[39m
            [36m<span>[39m
              [0mThe current color is: [0m
              [0mred[0m
            [36m</span>[39m
            [36m<div>[39m
              [36m<button[39m
                [33mclass[39m=[32m"btn btn-primary"[39m
                [33mtype[39m=[32m"button"[39m
              [36m>[39m
                [0mNext Color[0m
              [36m</button>[39m
              [36m<div[39m
                [33mdata-testid[39m=[32m"colored-box"[39m
                [33mstyle[39m=[32m"width: 50px; height: 50px; background-color: red; display: inline-block; vertical-align: bottom; margin-left: 5px;"[39m
              [36m/>[39m
            [36m</div>[39m
          [36m</div>[39m
          [36m<hr />[39m
          [36m<div>[39m
            [36m<span>[39m
              [0mShove Box[0m
            [36m</span>[39m
            [36m<span>[39m
              [0mThe box is at: [0m
              [0m10[0m
            [36m</span>[39m
            [36m<div>[39m
              [36m<button[39m
                [33mclass[39m=[32m"btn btn-primary"[39m
                [33mtype[39m=[32m"button"[39m
              [36m>[39m
                [0mShove the Box[0m
              [36m</button>[39m
              [36m<div[39m
                [33mdata-testid[39m=[32m"moveable-box"[39m
                [33mstyle[39m=[32m"width: 50px; height: 50px; background-color: lightblue; border: 1px solid blue; display: inline-block; vertical-align: bottom; margin-left: 10px;"[39m
              [36m/>[39m
            [36m</div>[39m
          [36m</div>[39m
          [36m<hr />[39m
          [36m<span>[39m
            [36m<button[39m
              [33mclass[39m=[32m"btn btn-primary"[39m
              [33mtype[39m=[32m"button"[39m
            [36m>[39m
              [0mAdd One[0m
            [36m</button>[39m
            [0mto [0m
            [0m0[0m
            [0m.[0m
          [36m</span>[39m
          [36m<hr />[39m
          [36m<div>[39m
            [36m<button[39m
              [33mclass[39m=[32m"btn btn-primary"[39m
              [33mtype[39m=[32m"button"[39m
            [36m>[39m
              [0mReveal Answer[0m
            [36m</button>[39m
            [36m<hr />[39m
          [36m</div>[39m
          [36m<hr />[39m
          [36m<div>[39m
            [0mCurrent Attempt: [0m
            [36m<span>[39m
              [0m4[0m
            [36m</span>[39m
            [36m<button[39m
              [33mclass[39m=[32m"btn btn-primary"[39m
              [33mtype[39m=[32m"button"[39m
            [36m>[39m
              [0mMulligan[0m
            [36m</button>[39m
            [36m<div>[39m
              [36m<button[39m
                [33mclass[39m=[32m"btn btn-primary"[39m
                [33mtype[39m=[32m"button"[39m
              [36m>[39m
                [0mStart Quiz[0m
              [36m</button>[39m
            [36m</div>[39m
            [36m<div>[39m
              [36m<button[39m
                [33mclass[39m=[32m"btn btn-primary"[39m
                [33mdisabled[39m=[32m""[39m
                [33mtype[39m=[32m"button"[39m
              [36m>[39m
                [0mStop Quiz[0m
              [36m</button>[39m
            [36m</div>[39m
          [36m</div>[39m
          [36m<hr />[39m
          [36m<div>[39m
            [36m<span[39m
              [33mdata-testid[39m=[32m"left-die"[39m
            [36m>[39m
              [0m0[0m
            [36m</span>[39m
            [36m<button[39m
              [33mclass[39m=[32m"btn btn-primary"[39m
              [33mtype[39m=[32m"button"[39m
            [36m>[39m
              [0mRoll Left[0m
            [36m</button>[39m
            [36m<button[39m
              [33mclass[39m=[32m"btn btn-primary"[39m
              [33mtype[39m=[32m"button"[39m
            [36m>[39m
              [0mRoll Right[0m
            [36m</button>[39m
            [36m<span[39m
              [33mdata-testid[39m=[32m"right-die"[39m
            [36m>[39m
              [0m1[0m
            [36m</span>[39m
          [36m</div>[39m
          [36m<hr />[39m
          [36m<div>[39m
            [36m<button[39m
              [33mclass[39m=[32m"btn btn-primary"[39m
              [33mtype[39m=[32m"button"[39m
            [36m>[39m
              [0mChange Type[0m
            [36m</button>[39m
            [36m<div>[39m
              [0mShort Answer[0m
            [36m</div>[39m
          [36m</div>[39m
          [36m<hr />[39m
          [36m<div>[39m
            [36m<button[39m
              [33mclass[39m=[32m"btn btn-primary"[39m
              [33mtype[39m=[32m"button"[39m
            [36m>[39m
              [0mAdvance by Alphabet[0m
            [36m</button>[39m
            [36m<button[39m
              [33mclass[39m=[32m"btn btn-primary"[39m
              [33mtype[39m=[32m"button"[39m
            [36m>[39m
              [0mAdvance by Year[0m
            [36m</button>[39m
            [36m<hr />[39m
            [36m<span>[39m
              [0mHoliday: [0m
              [0m🌛[0m
            [36m</span>[39m
          [36m</div>[39m
        [36m</div>[39m
      [36m</div>[39m
    [36m</body>[39m

      20 |     test("There is a list with at least three elements", () => {
      21 |         render(<App />);
    > 22 |         const list = screen.getByRole("list");
         |                             ^
      23 |         expect(list).toBeInTheDocument();
      24 |         expect(list.children.length).toBeGreaterThanOrEqual(3);
      25 |     });

      at Object.getElementError (node_modules/@testing-library/dom/dist/config.js:38:19)
      at node_modules/@testing-library/dom/dist/query-helpers.js:90:38
      at node_modules/@testing-library/dom/dist/query-helpers.js:62:17
      at getByRole (node_modules/@testing-library/dom/dist/query-helpers.js:111:19)
      at Object.<anonymous> (src/HtmlCss.test.tsx:22:29)

  ● Some Bootstrap Elements are added › There is one bootstrap button with the text 'Log Hello World'

    TestingLibraryElementError: Unable to find an accessible element with the role "button" and name `/Log Hello World/i`

    Here are the accessible roles:

      banner:

      Name "":
      [36m<header[39m
        [33mclass[39m=[32m"App-header"[39m
      [36m/>[39m

      --------------------------------------------------
      separator:

      Name "":
      [36m<hr />[39m

      Name "":
      [36m<hr />[39m

      Name "":
      [36m<hr />[39m

      Name "":
      [36m<hr />[39m

      Name "":
      [36m<hr />[39m

      Name "":
      [36m<hr />[39m

      Name "":
      [36m<hr />[39m

      Name "":
      [36m<hr />[39m

      Name "":
      [36m<hr />[39m

      Name "":
      [36m<hr />[39m

      Name "":
      [36m<hr />[39m

      Name "":
      [36m<hr />[39m

      Name "":
      [36m<hr />[39m

      Name "":
      [36m<hr />[39m

      Name "":
      [36m<hr />[39m

      Name "":
      [36m<hr />[39m

      Name "":
      [36m<hr />[39m

      --------------------------------------------------
      heading:

      Name "Check Answer":
      [36m<h3 />[39m

      Name "Give Attempts":
      [36m<h3 />[39m

      Name "Edit Mode":
      [36m<h3 />[39m

      Name "Change Color":
      [36m<h3 />[39m

      Name "You have choosen blue":
      [36m<h4 />[39m

      Name "Multiple Choice Question":
      [36m<h3 />[39m

      Name "Double Half":
      [36m<h3 />[39m

      Name "Choose Team":
      [36m<h3 />[39m

      Name "Colored Box":
      [36m<h3 />[39m

      --------------------------------------------------
      textbox:

      Name "Enter Answer: Check Answer":
      [36m<input[39m
        [33mtype[39m=[32m"text"[39m
      [36m/>[39m

      --------------------------------------------------
      button:

      Name "Check Answer":
      [36m<button[39m
        [33mtype[39m=[32m"button"[39m
      [36m/>[39m

      Name "use":
      [36m<button />[39m

      Name "gain":
      [36m<button[39m
        [33mtype[39m=[32m"submit"[39m
      [36m/>[39m

      Name "Double":
      [36m<button[39m
        [33mclass[39m=[32m"btn btn-primary"[39m
        [33mtype[39m=[32m"button"[39m
      [36m/>[39m

      Name "Halve":
      [36m<button[39m
        [33mclass[39m=[32m"btn btn-primary"[39m
        [33mtype[39m=[32m"button"[39m
      [36m/>[39m

      Name "Alan Turing":
      [36m<button[39m
        [33mclass[39m=[32m"btn btn-primary btn-sm"[39m
        [33mtype[39m=[32m"button"[39m
      [36m/>[39m

      Name "Grace Hopper":
      [36m<button[39m
        [33mclass[39m=[32m"btn btn-primary btn-sm"[39m
        [33mtype[39m=[32m"button"[39m
      [36m/>[39m

      Name "Ada Lovelace":
      [36m<button[39m
        [33mclass[39m=[32m"btn btn-primary btn-sm"[39m
        [33mtype[39m=[32m"button"[39m
      [36m/>[39m

      Name "Charles Babbage":
      [36m<button[39m
        [33mclass[39m=[32m"btn btn-primary btn-sm"[39m
        [33mtype[39m=[32m"button"[39m
      [36m/>[39m

      Name "Barbara Liskov":
      [36m<button[39m
        [33mclass[39m=[32m"btn btn-primary btn-sm"[39m
        [33mtype[39m=[32m"button"[39m
      [36m/>[39m

      Name "Margaret Hamilton":
      [36m<button[39m
        [33mclass[39m=[32m"btn btn-primary btn-sm"[39m
        [33mtype[39m=[32m"button"[39m
      [36m/>[39m

      Name "Clear Team":
      [36m<button[39m
        [33mclass[39m=[32m"btn btn-primary"[39m
        [33mtype[39m=[32m"button"[39m
      [36m/>[39m

      Name "Next Color":
      [36m<button[39m
        [33mclass[39m=[32m"btn btn-primary"[39m
        [33mtype[39m=[32m"button"[39m
      [36m/>[39m

      Name "Shove the Box":
      [36m<button[39m
        [33mclass[39m=[32m"btn btn-primary"[39m
        [33mtype[39m=[32m"button"[39m
      [36m/>[39m

      Name "Add One":
      [36m<button[39m
        [33mclass[39m=[32m"btn btn-primary"[39m
        [33mtype[39m=[32m"button"[39m
      [36m/>[39m

      Name "Reveal Answer":
      [36m<button[39m
        [33mclass[39m=[32m"btn btn-primary"[39m
        [33mtype[39m=[32m"button"[39m
      [36m/>[39m

      Name "Mulligan":
      [36m<button[39m
        [33mclass[39m=[32m"btn btn-primary"[39m
        [33mtype[39m=[32m"button"[39m
      [36m/>[39m

      Name "Start Quiz":
      [36m<button[39m
        [33mclass[39m=[32m"btn btn-primary"[39m
        [33mtype[39m=[32m"button"[39m
      [36m/>[39m

      Name "Stop Quiz":
      [36m<button[39m
        [33mclass[39m=[32m"btn btn-primary"[39m
        [33mdisabled[39m=[32m""[39m
        [33mtype[39m=[32m"button"[39m
      [36m/>[39m

      Name "Roll Left":
      [36m<button[39m
        [33mclass[39m=[32m"btn btn-primary"[39m
        [33mtype[39m=[32m"button"[39m
      [36m/>[39m

      Name "Roll Right":
      [36m<button[39m
        [33mclass[39m=[32m"btn btn-primary"[39m
        [33mtype[39m=[32m"button"[39m
      [36m/>[39m

      Name "Change Type":
      [36m<button[39m
        [33mclass[39m=[32m"btn btn-primary"[39m
        [33mtype[39m=[32m"button"[39m
      [36m/>[39m

      Name "Advance by Alphabet":
      [36m<button[39m
        [33mclass[39m=[32m"btn btn-primary"[39m
        [33mtype[39m=[32m"button"[39m
      [36m/>[39m

      Name "Advance by Year":
      [36m<button[39m
        [33mclass[39m=[32m"btn btn-primary"[39m
        [33mtype[39m=[32m"button"[39m
      [36m/>[39m

      --------------------------------------------------
      spinbutton:

      Name "":
      [36m<input[39m
        [33mplaceholder[39m=[32m"Enter a number"[39m
        [33mtype[39m=[32m"number"[39m
      [36m/>[39m

      --------------------------------------------------
      checkbox:

      Name "Edit Mode":
      [36m<input[39m
        [33mclass[39m=[32m"form-check-input"[39m
        [33mid[39m=[32m"in-edit"[39m
        [33mtype[39m=[32m"checkbox"[39m
      [36m/>[39m

      --------------------------------------------------
      radio:

      Name "":
      [36m<input[39m
        [33mchecked[39m=[32m""[39m
        [33mclass[39m=[32m"form-check-input"[39m
        [33mtype[39m=[32m"radio"[39m
        [33mvalue[39m=[32m"blue"[39m
      [36m/>[39m

      Name "":
      [36m<input[39m
        [33mclass[39m=[32m"form-check-input"[39m
        [33mtype[39m=[32m"radio"[39m
        [33mvalue[39m=[32m"red"[39m
      [36m/>[39m

      Name "":
      [36m<input[39m
        [33mclass[39m=[32m"form-check-input"[39m
        [33mtype[39m=[32m"radio"[39m
        [33mvalue[39m=[32m"yellow"[39m
      [36m/>[39m

      Name "":
      [36m<input[39m
        [33mclass[39m=[32m"form-check-input"[39m
        [33mtype[39m=[32m"radio"[39m
        [33mvalue[39m=[32m"green"[39m
      [36m/>[39m

      Name "":
      [36m<input[39m
        [33mclass[39m=[32m"form-check-input"[39m
        [33mtype[39m=[32m"radio"[39m
        [33mvalue[39m=[32m"orange"[39m
      [36m/>[39m

      Name "":
      [36m<input[39m
        [33mclass[39m=[32m"form-check-input"[39m
        [33mtype[39m=[32m"radio"[39m
        [33mvalue[39m=[32m"purple"[39m
      [36m/>[39m

      Name "":
      [36m<input[39m
        [33mclass[39m=[32m"form-check-input"[39m
        [33mtype[39m=[32m"radio"[39m
        [33mvalue[39m=[32m"pink"[39m
      [36m/>[39m

      Name "":
      [36m<input[39m
        [33mclass[39m=[32m"form-check-input"[39m
        [33mtype[39m=[32m"radio"[39m
        [33mvalue[39m=[32m"gray"[39m
      [36m/>[39m

      --------------------------------------------------
      combobox:

      Name "Choose the correct answer":
      [36m<select[39m
        [33mclass[39m=[32m"form-select"[39m
        [33mid[39m=[32m"favoriteColors"[39m
      [36m/>[39m

      --------------------------------------------------
      option:

      Name "a":
      [36m<option[39m
        [33mvalue[39m=[32m"a"[39m
      [36m/>[39m

      Name "b":
      [36m<option[39m
        [33mvalue[39m=[32m"b"[39m
      [36m/>[39m

      Name "c":
      [36m<option[39m
        [33mvalue[39m=[32m"c"[39m
      [36m/>[39m

      --------------------------------------------------

    Ignored nodes: comments, <script />, <style />
    [36m<body>[39m
      [36m<div>[39m
        [36m<div[39m
          [33mclass[39m=[32m"App"[39m
        [36m>[39m
          [36m<header[39m
            [33mclass[39m=[32m"App-header"[39m
          [36m>[39m
            [0mUD CISC275 with React Hooks and TypeScript[0m
          [36m</header>[39m
          [36m<p>[39m
            [0mHello World[0m
          [36m</p>[39m
          [36m<hr />[39m
          [36m<div>[39m
            [36m<h3>[39m
              [0mCheck Answer[0m
            [36m</h3>[39m
            [36m<form>[39m
              [36m<label>[39m
                [0mEnter Answer:[0m
                [36m<input[39m
                  [33mtype[39m=[32m"text"[39m
                [36m/>[39m
                [36m<button[39m
                  [33mtype[39m=[32m"button"[39m
                [36m>[39m
                  [0mCheck Answer[0m
                [36m</button>[39m
              [36m</label>[39m
              [36m<div>[39m
                [36m<p>[39m
                  [0m❌[0m
                [36m</p>[39m
              [36m</div>[39m
            [36m</form>[39m
          [36m</div>[39m
          [36m<hr />[39m
          [36m<div>[39m
            [36m<h3>[39m
              [0mGive Attempts[0m
            [36m</h3>[39m
            [36m<button>[39m
              [0muse[0m
            [36m</button>[39m
            [36m<form>[39m
              [36m<input[39m
                [33mplaceholder[39m=[32m"Enter a number"[39m
                [33mtype[39m=[32m"number"[39m
              [36m/>[39m
              [36m<button[39m
                [33mtype[39m=[32m"submit"[39m
              [36m>[39m
                [0mgain[0m
              [36m</button>[39m
            [36m</form>[39m
            [36m<p>[39m
              [0mAttempts Left: [0m
              [0m3[0m
            [36m</p>[39m
          [36m</div>[39m
          [36m<hr />[39m
          [36m<div>[39m
            [36m<h3>[39m
              [0mEdit Mode[0m
            [36m</h3>[39m
            [36m<div[39m
              [33mclass[39m=[32m"form-check form-switch"[39m
            [36m>[39m
              [36m<input[39m
                [33mclass[39m=[32m"form-check-input"[39m
                [33mid[39m=[32m"in-edit"[39m
                [33mtype[39m=[32m"checkbox"[39m
              [36m/>[39m
              [36m<label[39m
                [33mclass[39m=[32m"form-check-label"[39m
                [33mfor[39m=[32m"in-edit"[39m
                [33mtitle[39m=[32m""[39m
              [36m>[39m
                [0mEdit Mode[0m
              [36m</label>[39m
            [36m</div>[39m
            [0mYour Name[0m
            [0m is [0m
            [0m a student[0m
            [0m [0m
          [36m</div>[39m
          [36m<hr />[39m
          [36m<div>[39m
            [36m<h3>[39m
              [0mChange Color[0m
            [36m</h3>[39m
            [36m<form[39m
              [33mdata-testid[39m=[32m"colored-box"[39m
              [33mstyle[39m=[32m"background-color: blue; justify-content: center; display: flex; padding: 20px;"[39m
            [36m>[39m
              [36m<div[39m
                [33mclass[39m=[32m"form-check"[39m
                [33mstyle[39m=[32m"padding: 20px;"[39m
              [36m>[39m
                [36m<input[39m
                  [33mchecked[39m=[32m""[39m
                  [33mclass[39m=[32m"form-check-input"[39m
                  [33mtype[39m=[32m"radio"[39m
                  [33mvalue[39m=[32m"blue"[39m
                [36m/>[39m
                [36m<label[39m
                  [33mclass[39m=[32m"form-check-label"[39m
                  [33mtitle[39m=[32m""[39m
                [36m>[39m
                  [0mblue[0m
                [36m</label>[39m
              [36m</div>[39m
              [36m<div[39m
                [33mclass[39m=[32m"form-check"[39m
                [33mstyle[39m=[32m"padding: 20px;"[39m
              [36m>[39m
                [36m<input[39m
                  [33mclass[39m=[32m"form-check-input"[39m
                  [33mtype[39m=[32m"radio"[39m
                  [33mvalue[39m=[32m"red"[39m
                [36m/>[39m
                [36m<label[39m
                  [33mclass[39m=[32m"form-check-label"[39m
                  [33mtitle[39m=[32m""[39m
                [36m>[39m
                  [0mred[0m
                [36m</label>[39m
              [36m</div>[39m
              [36m<div[39m
                [33mclass[39m=[32m"form-check"[39m
                [33mstyle[39m=[32m"padding: 20px;"[39m
              [36m>[39m
                [36m<input[39m
                  [33mclass[39m=[32m"form-check-input"[39m
                  [33mtype[39m=[32m"radio"[39m
                  [33mvalue[39m=[32m"yellow"[39m
                [36m/>[39m
                [36m<label[39m
                  [33mclass[39m=[32m"form-check-label"[39m
                  [33mtitle[39m=[32m""[39m
                [36m>[39m
                  [0myellow[0m
                [36m</label>[39m
              [36m</div>[39m
              [36m<div[39m
                [33mclass[39m=[32m"form-check"[39m
                [33mstyle[39m=[32m"padding: 20px;"[39m
              [36m>[39m
                [36m<input[39m
                  [33mclass[39m=[32m"form-check-input"[39m
                  [33mtype[39m=[32m"radio"[39m
                  [33mvalue[39m=[32m"green"[39m
                [36m/>[39m
                [36m<label[39m
                  [33mclass[39m=[32m"form-check-label"[39m
                  [33mtitle[39m=[32m""[39m
                [36m>[39m
                  [0mgreen[0m
                [36m</label>[39m
              [36m</div>[39m
              [36m<div[39m
                [33mclass[39m=[32m"form-check"[39m
                [33mstyle[39m=[32m"padding: 20px;"[39m
              [36m>[39m
                [36m<input[39m
                  [33mclass[39m=[32m"form-check-input"[39m
                  [33mtype[39m=[32m"radio"[39m
                  [33mvalue[39m=[32m"orange"[39m
                [36m/>[39m
                [36m<label[39m
                  [33mclass[39m=[32m"form-check-label"[39m
                  [33mtitle[39m=[32m""[39m
                [36m>[39m
                  [0morange[0m
                [36m</label>[39m
              [36m</div>[39m
              [36m<div[39m
                [33mclass[39m=[32m"form-check"[39m
                [33mstyle[39m=[32m"padding: 20px;"[39m
              [36m>[39m
                [36m<input[39m
                  [33mclass[39m=[32m"form-check-input"[39m
                  [33mtype[39m=[32m"radio"[39m
                  [33mvalue[39m=[32m"purple"[39m
                [36m/>[39m
                [36m<label[39m
                  [33mclass[39m=[32m"form-check-label"[39m
                  [33mtitle[39m=[32m""[39m
                [36m>[39m
                  [0mpurple[0m
                [36m</label>[39m
              [36m</div>[39m
              [36m<div[39m
                [33mclass[39m=[32m"form-check"[39m
                [33mstyle[39m=[32m"padding: 20px;"[39m
              [36m>[39m
                [36m<input[39m
                  [33mclass[39m=[32m"form-check-input"[39m
                  [33mtype[39m=[32m"radio"[39m
                  [33mvalue[39m=[32m"pink"[39m
                [36m/>[39m
                [36m<label[39m
                  [33mclass[39m=[32m"form-check-label"[39m
                  [33mtitle[39m=[32m""[39m
                [36m>[39m
                  [0mpink[0m
                [36m</label>[39m
              [36m</div>[39m
              [36m<div[39m
                [33mclass[39m=[32m"form-check"[39m
                [33mstyle[39m=[32m"padding: 20px;"[39m
              [36m>[39m
                [36m<input[39m
                  [33mclass[39m=[32m"form-check-input"[39m
                  [33mtype[39m=[32m"radio"[39m
                  [33mvalue[39m=[32m"gray"[39m
                [36m/>[39m
                [36m<label[39m
                  [33mclass[39m=[32m"form-check-label"[39m
                  [33mtitle[39m=[32m""[39m
                [36m>[39m
                  [0mgray[0m
                [36m</label>[39m
              [36m</div>[39m
            [36m</form>[39m
            [36m<h4>[39m
              [0mYou have choosen[0m
              [0m [0m
              [36m<span[39m
                [33mstyle[39m=[32m"background-color: blue;"[39m
              [36m>[39m
                [0mblue[0m
              [36m</span>[39m
            [36m</h4>[39m
          [36m</div>[39m
          [36m<hr />[39m
          [36m<div>[39m
            [36m<h3>[39m
              [0mMultiple Choice Question[0m
            [36m</h3>[39m
            [36m<div>[39m
              [36m<label[39m
                [33mclass[39m=[32m"form-label"[39m
                [33mfor[39m=[32m"favoriteColors"[39m
              [36m>[39m
                [0mChoose the correct answer[0m
              [36m</label>[39m
              [36m<select[39m
                [33mclass[39m=[32m"form-select"[39m
                [33mid[39m=[32m"favoriteColors"[39m
              [36m>[39m
                [36m<option[39m
                  [33mvalue[39m=[32m"a"[39m
                [36m>[39m
                  [0ma[0m
                [36m</option>[39m
                [36m<option[39m
                  [33mvalue[39m=[32m"b"[39m
                [36m>[39m
                  [0mb[0m
                [36m</option>[39m
                [36m<option[39m
                  [33mvalue[39m=[32m"c"[39m
                [36m>[39m
                  [0mc[0m
                [36m</option>[39m
              [36m</select>[39m
            [36m</div>[39m
            [36m<p>[39m
              [0m❌[0m
            [36m</p>[39m
          [36m</div>[39m
          [36m<hr />[39m
          [36m<div>[39m
            [36m<h3>[39m
              [0mDouble Half[0m
            [36m</h3>[39m
            [36m<div>[39m
              [0mThe current value is: [0m
              [36m<span>[39m
                [0m10[0m
              [36m</span>[39m
            [36m</div>[39m
            [36m<button[39m
              [33mclass[39m=[32m"btn btn-primary"[39m
              [33mtype[39m=[32m"button"[39m
            [36m>[39m
              [0mDouble[0m
            [36m</button>[39m
            [36m<button[39m
              [33mclass[39m=[32m"btn btn-primary"[39m
              [33mtype[39m=[32m"button"[39m
            [36m>[39m
              [0mHalve[0m
            [36m</button>[39m
          [36m</div>[39m
          [36m<hr />[39m
          [36m<div>[39m
            [36m<h3>[39m
              [0mChoose Team[0m
            [36m</h3>[39m
            [36m<div[39m
              [33mclass[39m=[32m"row"[39m
            [36m>[39m
              [36m<div[39m
                [33mclass[39m=[32m"col"[39m
              [36m>[39m
                [36m<div[39m
                  [33mstyle[39m=[32m"margin-bottom: 4px;"[39m
                [36m>[39m
                  [0mAdd[0m
                  [0m [0m
                  [36m<button[39m
                    [33mclass[39m=[32m"btn btn-primary btn-sm"[39m
                    [33mtype[39m=[32m"button"[39m
                  [36m>[39m
                    [0mAlan Turing[0m
                  [36m</button>[39m
                [36m</div>[39m
                [36m<div[39m
                  [33mstyle[39m=[32m"margin-bottom: 4px;"[39m
                [36m>[39m
                  [0mAdd[0m
                  [0m [0m
                  [36m<button[39m
                    [33mclass[39m=[32m"btn btn-primary btn-sm"[39m
                    [33mtype[39m=[32m"button"[39m
                  [36m>[39m
                    [0mGrace Hopper[0m
                  [36m</button>[39m
                [36m</div>[39m
                [36m<div[39m
                  [33mstyle[39m=[32m"margin-bottom: 4px;"[39m
                [36m>[39m
                  [0mAdd[0m
                  [0m [0m
                  [36m<button[39m
                    [33mclass[39m=[32m"btn btn-primary btn-sm"[39m
                    [33mtype[39m=[32m"button"[39m
                  [36m>[39m
                    [0mAda Lovelace[0m
                  [36m</button>[39m
                [36m</div>[39m
                [36m<div[39m
                  [33mstyle[39m=[32m"margin-bottom: 4px;"[39m
                [36m>[39m
                  [0mAdd[0m
                  [0m [0m
                  [36m<button[39m
                    [33mclass[39m=[32m"btn btn-primary btn-sm"[39m
                    [33mtype[39m=[32m"button"[39m
                  [36m>[39m
                    [0mCharles Babbage[0m
                  [36m</button>[39m
                [36m</div>[39m
                [36m<div[39m
                  [33mstyle[39m=[32m"margin-bottom: 4px;"[39m
                [36m>[39m
                  [0mAdd[0m
                  [0m [0m
                  [36m<button[39m
                    [33mclass[39m=[32m"btn btn-primary btn-sm"[39m
                    [33mtype[39m=[32m"button"[39m
                  [36m>[39m
                    [0mBarbara Liskov[0m
                  [36m</button>[39m
                [36m</div>[39m
                [36m<div[39m
                  [33mstyle[39m=[32m"margin-bottom: 4px;"[39m
                [36m>[39m
                  [0mAdd[0m
                  [0m [0m
                  [36m<button[39m
                    [33mclass[39m=[32m"btn btn-primary btn-sm"[39m
                    [33mtype[39m=[32m"button"[39m
                  [36m>[39m
                    [0mMargaret Hamilton[0m
                  [36m</button>[39m
                [36m</div>[39m
              [36m</div>[39m
              [36m<div[39m
                [33mclass[39m=[32m"col"[39m
              [36m>[39m
                [36m<strong>[39m
                  [0mTeam:[0m
                [36m</strong>[39m
                [36m<button[39m
                  [33mclass[39m=[32m"btn btn-primary"[39m
                  [33mtype[39m=[32m"button"[39m
                [36m>[39m
                  [0mClear Team[0m
                [36m</button>[39m
              [36m</div>[39m
            [36m</div>[39m
          [36m</div>[39m
          [36m<hr />[39m
          [36m<div>[39m
            [36m<h3>[39m
              [0mColored Box[0m
            [36m</h3>[39m
            [36m<span>[39m
              [0mThe current color is: [0m
              [0mred[0m
            [36m</span>[39m
            [36m<div>[39m
              [36m<button[39m
                [33mclass[39m=[32m"btn btn-primary"[39m
                [33mtype[39m=[32m"button"[39m
              [36m>[39m
                [0mNext Color[0m
              [36m</button>[39m
              [36m<div[39m
                [33mdata-testid[39m=[32m"colored-box"[39m
                [33mstyle[39m=[32m"width: 50px; height: 50px; background-color: red; display: inline-block; vertical-align: bottom; margin-left: 5px;"[39m
              [36m/>[39m
            [36m</div>[39m
          [36m</div>[39m
          [36m<hr />[39m
          [36m<div>[39m
            [36m<span>[39m
              [0mShove Box[0m
            [36m</span>[39m
            [36m<span>[39m
              [0mThe box is at: [0m
              [0m10[0m
            [36m</span>[39m
            [36m<div>[39m
              [36m<button[39m
                [33mclass[39m=[32m"btn btn-primary"[39m
                [33mtype[39m=[32m"button"[39m
              [36m>[39m
                [0mShove the Box[0m
              [36m</button>[39m
              [36m<div[39m
                [33mdata-testid[39m=[32m"moveable-box"[39m
                [33mstyle[39m=[32m"width: 50px; height: 50px; background-color: lightblue; border: 1px solid blue; display: inline-block; vertical-align: bottom; margin-left: 10px;"[39m
              [36m/>[39m
            [36m</div>[39m
          [36m</div>[39m
          [36m<hr />[39m
          [36m<span>[39m
            [36m<button[39m
              [33mclass[39m=[32m"btn btn-primary"[39m
              [33mtype[39m=[32m"button"[39m
            [36m>[39m
              [0mAdd One[0m
            [36m</button>[39m
            [0mto [0m
            [0m0[0m
            [0m.[0m
          [36m</span>[39m
          [36m<hr />[39m
          [36m<div>[39m
            [36m<button[39m
              [33mclass[39m=[32m"btn btn-primary"[39m
              [33mtype[39m=[32m"button"[39m
            [36m>[39m
              [0mReveal Answer[0m
            [36m</button>[39m
            [36m<hr />[39m
          [36m</div>[39m
          [36m<hr />[39m
          [36m<div>[39m
            [0mCurrent Attempt: [0m
            [36m<span>[39m
              [0m4[0m
            [36m</span>[39m
            [36m<button[39m
              [33mclass[39m=[32m"btn btn-primary"[39m
              [33mtype[39m=[32m"button"[39m
            [36m>[39m
              [0mMulligan[0m
            [36m</button>[39m
            [36m<div>[39m
              [36m<button[39m
                [33mclass[39m=[32m"btn btn-primary"[39m
                [33mtype[39m=[32m"button"[39m
              [36m>[39m
                [0mStart Quiz[0m
              [36m</button>[39m
            [36m</div>[39m
            [36m<div>[39m
              [36m<button[39m
                [33mclass[39m=[32m"btn btn-primary"[39m
                [33mdisabled[39m=[32m""[39m
                [33mtype[39m=[32m"button"[39m
              [36m>[39m
                [0mStop Quiz[0m
              [36m</button>[39m
            [36m</div>[39m
          [36m</div>[39m
          [36m<hr />[39m
          [36m<div>[39m
            [36m<span[39m
              [33mdata-testid[39m=[32m"left-die"[39m
            [36m>[39m
              [0m0[0m
            [36m</span>[39m
            [36m<button[39m
              [33mclass[39m=[32m"btn btn-primary"[39m
              [33mtype[39m=[32m"button"[39m
            [36m>[39m
              [0mRoll Left[0m
            [36m</button>[39m
            [36m<button[39m
              [33mclass[39m=[32m"btn btn-primary"[39m
              [33mtype[39m=[32m"button"[39m
            [36m>[39m
              [0mRoll Right[0m
            [36m</button>[39m
            [36m<span[39m
              [33mdata-testid[39m=[32m"right-die"[39m
            [36m>[39m
              [0m1[0m
            [36m</span>[39m
          [36m</div>[39m
          [36m<hr />[39m
          [36m<div>[39m
            [36m<button[39m
              [33mclass[39m=[32m"btn btn-primary"[39m
              [33mtype[39m=[32m"button"[39m
            [36m>[39m
              [0mChange Type[0m
            [36m</button>[39m
            [36m<div>[39m
              [0mShort Answer[0m
            [36m</div>[39m
          [36m</div>[39m
          [36m<hr />[39m
          [36m<div>[39m
            [36m<button[39m
              [33mclass[39m=[32m"btn btn-primary"[39m
              [33mtype[39m=[32m"button"[39m
            [36m>[39m
              [0mAdvance by Alphabet[0m
            [36m</button>[39m
            [36m<button[39m
              [33mclass[39m=[32m"btn btn-primary"[39m
              [33mtype[39m=[32m"button"[39m
            [36m>[39m
              [0mAdvance by Year[0m
            [36m</button>[39m
            [36m<hr />[39m
            [36m<span>[39m
              [0mHoliday: [0m
              [0m🌛[0m
            [36m</span>[39m
          [36m</div>[39m
        [36m</div>[39m
      [36m</div>[39m
    [36m</body>[39m

      39 |     test("There is one bootstrap button with the text 'Log Hello World'", () => {
      40 |         render(<App />);
    > 41 |         const button = screen.getByRole("button", { name: /Log Hello World/i });
         |                               ^
      42 |         expect(button).toBeInTheDocument();
      43 |         expect(button).toHaveClass("btn");
      44 |         expect(button).toHaveClass("btn-primary");

      at Object.getElementError (node_modules/@testing-library/dom/dist/config.js:38:19)
      at node_modules/@testing-library/dom/dist/query-helpers.js:90:38
      at node_modules/@testing-library/dom/dist/query-helpers.js:62:17
      at getByRole (node_modules/@testing-library/dom/dist/query-helpers.js:111:19)
      at Object.<anonymous> (src/HtmlCss.test.tsx:41:31)

  ● Some Bootstrap Elements are added › Clicking the bootstrap button logs 'Hello World!'

    TestingLibraryElementError: Unable to find an accessible element with the role "button" and name `/Log Hello World/i`

    Here are the accessible roles:

      banner:

      Name "":
      [36m<header[39m
        [33mclass[39m=[32m"App-header"[39m
      [36m/>[39m

      --------------------------------------------------
      separator:

      Name "":
      [36m<hr />[39m

      Name "":
      [36m<hr />[39m

      Name "":
      [36m<hr />[39m

      Name "":
      [36m<hr />[39m

      Name "":
      [36m<hr />[39m

      Name "":
      [36m<hr />[39m

      Name "":
      [36m<hr />[39m

      Name "":
      [36m<hr />[39m

      Name "":
      [36m<hr />[39m

      Name "":
      [36m<hr />[39m

      Name "":
      [36m<hr />[39m

      Name "":
      [36m<hr />[39m

      Name "":
      [36m<hr />[39m

      Name "":
      [36m<hr />[39m

      Name "":
      [36m<hr />[39m

      Name "":
      [36m<hr />[39m

      Name "":
      [36m<hr />[39m

      --------------------------------------------------
      heading:

      Name "Check Answer":
      [36m<h3 />[39m

      Name "Give Attempts":
      [36m<h3 />[39m

      Name "Edit Mode":
      [36m<h3 />[39m

      Name "Change Color":
      [36m<h3 />[39m

      Name "You have choosen blue":
      [36m<h4 />[39m

      Name "Multiple Choice Question":
      [36m<h3 />[39m

      Name "Double Half":
      [36m<h3 />[39m

      Name "Choose Team":
      [36m<h3 />[39m

      Name "Colored Box":
      [36m<h3 />[39m

      --------------------------------------------------
      textbox:

      Name "Enter Answer: Check Answer":
      [36m<input[39m
        [33mtype[39m=[32m"text"[39m
      [36m/>[39m

      --------------------------------------------------
      button:

      Name "Check Answer":
      [36m<button[39m
        [33mtype[39m=[32m"button"[39m
      [36m/>[39m

      Name "use":
      [36m<button />[39m

      Name "gain":
      [36m<button[39m
        [33mtype[39m=[32m"submit"[39m
      [36m/>[39m

      Name "Double":
      [36m<button[39m
        [33mclass[39m=[32m"btn btn-primary"[39m
        [33mtype[39m=[32m"button"[39m
      [36m/>[39m

      Name "Halve":
      [36m<button[39m
        [33mclass[39m=[32m"btn btn-primary"[39m
        [33mtype[39m=[32m"button"[39m
      [36m/>[39m

      Name "Alan Turing":
      [36m<button[39m
        [33mclass[39m=[32m"btn btn-primary btn-sm"[39m
        [33mtype[39m=[32m"button"[39m
      [36m/>[39m

      Name "Grace Hopper":
      [36m<button[39m
        [33mclass[39m=[32m"btn btn-primary btn-sm"[39m
        [33mtype[39m=[32m"button"[39m
      [36m/>[39m

      Name "Ada Lovelace":
      [36m<button[39m
        [33mclass[39m=[32m"btn btn-primary btn-sm"[39m
        [33mtype[39m=[32m"button"[39m
      [36m/>[39m

      Name "Charles Babbage":
      [36m<button[39m
        [33mclass[39m=[32m"btn btn-primary btn-sm"[39m
        [33mtype[39m=[32m"button"[39m
      [36m/>[39m

      Name "Barbara Liskov":
      [36m<button[39m
        [33mclass[39m=[32m"btn btn-primary btn-sm"[39m
        [33mtype[39m=[32m"button"[39m
      [36m/>[39m

      Name "Margaret Hamilton":
      [36m<button[39m
        [33mclass[39m=[32m"btn btn-primary btn-sm"[39m
        [33mtype[39m=[32m"button"[39m
      [36m/>[39m

      Name "Clear Team":
      [36m<button[39m
        [33mclass[39m=[32m"btn btn-primary"[39m
        [33mtype[39m=[32m"button"[39m
      [36m/>[39m

      Name "Next Color":
      [36m<button[39m
        [33mclass[39m=[32m"btn btn-primary"[39m
        [33mtype[39m=[32m"button"[39m
      [36m/>[39m

      Name "Shove the Box":
      [36m<button[39m
        [33mclass[39m=[32m"btn btn-primary"[39m
        [33mtype[39m=[32m"button"[39m
      [36m/>[39m

      Name "Add One":
      [36m<button[39m
        [33mclass[39m=[32m"btn btn-primary"[39m
        [33mtype[39m=[32m"button"[39m
      [36m/>[39m

      Name "Reveal Answer":
      [36m<button[39m
        [33mclass[39m=[32m"btn btn-primary"[39m
        [33mtype[39m=[32m"button"[39m
      [36m/>[39m

      Name "Mulligan":
      [36m<button[39m
        [33mclass[39m=[32m"btn btn-primary"[39m
        [33mtype[39m=[32m"button"[39m
      [36m/>[39m

      Name "Start Quiz":
      [36m<button[39m
        [33mclass[39m=[32m"btn btn-primary"[39m
        [33mtype[39m=[32m"button"[39m
      [36m/>[39m

      Name "Stop Quiz":
      [36m<button[39m
        [33mclass[39m=[32m"btn btn-primary"[39m
        [33mdisabled[39m=[32m""[39m
        [33mtype[39m=[32m"button"[39m
      [36m/>[39m

      Name "Roll Left":
      [36m<button[39m
        [33mclass[39m=[32m"btn btn-primary"[39m
        [33mtype[39m=[32m"button"[39m
      [36m/>[39m

      Name "Roll Right":
      [36m<button[39m
        [33mclass[39m=[32m"btn btn-primary"[39m
        [33mtype[39m=[32m"button"[39m
      [36m/>[39m

      Name "Change Type":
      [36m<button[39m
        [33mclass[39m=[32m"btn btn-primary"[39m
        [33mtype[39m=[32m"button"[39m
      [36m/>[39m

      Name "Advance by Alphabet":
      [36m<button[39m
        [33mclass[39m=[32m"btn btn-primary"[39m
        [33mtype[39m=[32m"button"[39m
      [36m/>[39m

      Name "Advance by Year":
      [36m<button[39m
        [33mclass[39m=[32m"btn btn-primary"[39m
        [33mtype[39m=[32m"button"[39m
      [36m/>[39m

      --------------------------------------------------
      spinbutton:

      Name "":
      [36m<input[39m
        [33mplaceholder[39m=[32m"Enter a number"[39m
        [33mtype[39m=[32m"number"[39m
      [36m/>[39m

      --------------------------------------------------
      checkbox:

      Name "Edit Mode":
      [36m<input[39m
        [33mclass[39m=[32m"form-check-input"[39m
        [33mid[39m=[32m"in-edit"[39m
        [33mtype[39m=[32m"checkbox"[39m
      [36m/>[39m

      --------------------------------------------------
      radio:

      Name "":
      [36m<input[39m
        [33mchecked[39m=[32m""[39m
        [33mclass[39m=[32m"form-check-input"[39m
        [33mtype[39m=[32m"radio"[39m
        [33mvalue[39m=[32m"blue"[39m
      [36m/>[39m

      Name "":
      [36m<input[39m
        [33mclass[39m=[32m"form-check-input"[39m
        [33mtype[39m=[32m"radio"[39m
        [33mvalue[39m=[32m"red"[39m
      [36m/>[39m

      Name "":
      [36m<input[39m
        [33mclass[39m=[32m"form-check-input"[39m
        [33mtype[39m=[32m"radio"[39m
        [33mvalue[39m=[32m"yellow"[39m
      [36m/>[39m

      Name "":
      [36m<input[39m
        [33mclass[39m=[32m"form-check-input"[39m
        [33mtype[39m=[32m"radio"[39m
        [33mvalue[39m=[32m"green"[39m
      [36m/>[39m

      Name "":
      [36m<input[39m
        [33mclass[39m=[32m"form-check-input"[39m
        [33mtype[39m=[32m"radio"[39m
        [33mvalue[39m=[32m"orange"[39m
      [36m/>[39m

      Name "":
      [36m<input[39m
        [33mclass[39m=[32m"form-check-input"[39m
        [33mtype[39m=[32m"radio"[39m
        [33mvalue[39m=[32m"purple"[39m
      [36m/>[39m

      Name "":
      [36m<input[39m
        [33mclass[39m=[32m"form-check-input"[39m
        [33mtype[39m=[32m"radio"[39m
        [33mvalue[39m=[32m"pink"[39m
      [36m/>[39m

      Name "":
      [36m<input[39m
        [33mclass[39m=[32m"form-check-input"[39m
        [33mtype[39m=[32m"radio"[39m
        [33mvalue[39m=[32m"gray"[39m
      [36m/>[39m

      --------------------------------------------------
      combobox:

      Name "Choose the correct answer":
      [36m<select[39m
        [33mclass[39m=[32m"form-select"[39m
        [33mid[39m=[32m"favoriteColors"[39m
      [36m/>[39m

      --------------------------------------------------
      option:

      Name "a":
      [36m<option[39m
        [33mvalue[39m=[32m"a"[39m
      [36m/>[39m

      Name "b":
      [36m<option[39m
        [33mvalue[39m=[32m"b"[39m
      [36m/>[39m

      Name "c":
      [36m<option[39m
        [33mvalue[39m=[32m"c"[39m
      [36m/>[39m

      --------------------------------------------------

    Ignored nodes: comments, <script />, <style />
    [36m<body>[39m
      [36m<div>[39m
        [36m<div[39m
          [33mclass[39m=[32m"App"[39m
        [36m>[39m
          [36m<header[39m
            [33mclass[39m=[32m"App-header"[39m
          [36m>[39m
            [0mUD CISC275 with React Hooks and TypeScript[0m
          [36m</header>[39m
          [36m<p>[39m
            [0mHello World[0m
          [36m</p>[39m
          [36m<hr />[39m
          [36m<div>[39m
            [36m<h3>[39m
              [0mCheck Answer[0m
            [36m</h3>[39m
            [36m<form>[39m
              [36m<label>[39m
                [0mEnter Answer:[0m
                [36m<input[39m
                  [33mtype[39m=[32m"text"[39m
                [36m/>[39m
                [36m<button[39m
                  [33mtype[39m=[32m"button"[39m
                [36m>[39m
                  [0mCheck Answer[0m
                [36m</button>[39m
              [36m</label>[39m
              [36m<div>[39m
                [36m<p>[39m
                  [0m❌[0m
                [36m</p>[39m
              [36m</div>[39m
            [36m</form>[39m
          [36m</div>[39m
          [36m<hr />[39m
          [36m<div>[39m
            [36m<h3>[39m
              [0mGive Attempts[0m
            [36m</h3>[39m
            [36m<button>[39m
              [0muse[0m
            [36m</button>[39m
            [36m<form>[39m
              [36m<input[39m
                [33mplaceholder[39m=[32m"Enter a number"[39m
                [33mtype[39m=[32m"number"[39m
              [36m/>[39m
              [36m<button[39m
                [33mtype[39m=[32m"submit"[39m
              [36m>[39m
                [0mgain[0m
              [36m</button>[39m
            [36m</form>[39m
            [36m<p>[39m
              [0mAttempts Left: [0m
              [0m3[0m
            [36m</p>[39m
          [36m</div>[39m
          [36m<hr />[39m
          [36m<div>[39m
            [36m<h3>[39m
              [0mEdit Mode[0m
            [36m</h3>[39m
            [36m<div[39m
              [33mclass[39m=[32m"form-check form-switch"[39m
            [36m>[39m
              [36m<input[39m
                [33mclass[39m=[32m"form-check-input"[39m
                [33mid[39m=[32m"in-edit"[39m
                [33mtype[39m=[32m"checkbox"[39m
              [36m/>[39m
              [36m<label[39m
                [33mclass[39m=[32m"form-check-label"[39m
                [33mfor[39m=[32m"in-edit"[39m
                [33mtitle[39m=[32m""[39m
              [36m>[39m
                [0mEdit Mode[0m
              [36m</label>[39m
            [36m</div>[39m
            [0mYour Name[0m
            [0m is [0m
            [0m a student[0m
            [0m [0m
          [36m</div>[39m
          [36m<hr />[39m
          [36m<div>[39m
            [36m<h3>[39m
              [0mChange Color[0m
            [36m</h3>[39m
            [36m<form[39m
              [33mdata-testid[39m=[32m"colored-box"[39m
              [33mstyle[39m=[32m"background-color: blue; justify-content: center; display: flex; padding: 20px;"[39m
            [36m>[39m
              [36m<div[39m
                [33mclass[39m=[32m"form-check"[39m
                [33mstyle[39m=[32m"padding: 20px;"[39m
              [36m>[39m
                [36m<input[39m
                  [33mchecked[39m=[32m""[39m
                  [33mclass[39m=[32m"form-check-input"[39m
                  [33mtype[39m=[32m"radio"[39m
                  [33mvalue[39m=[32m"blue"[39m
                [36m/>[39m
                [36m<label[39m
                  [33mclass[39m=[32m"form-check-label"[39m
                  [33mtitle[39m=[32m""[39m
                [36m>[39m
                  [0mblue[0m
                [36m</label>[39m
              [36m</div>[39m
              [36m<div[39m
                [33mclass[39m=[32m"form-check"[39m
                [33mstyle[39m=[32m"padding: 20px;"[39m
              [36m>[39m
                [36m<input[39m
                  [33mclass[39m=[32m"form-check-input"[39m
                  [33mtype[39m=[32m"radio"[39m
                  [33mvalue[39m=[32m"red"[39m
                [36m/>[39m
                [36m<label[39m
                  [33mclass[39m=[32m"form-check-label"[39m
                  [33mtitle[39m=[32m""[39m
                [36m>[39m
                  [0mred[0m
                [36m</label>[39m
              [36m</div>[39m
              [36m<div[39m
                [33mclass[39m=[32m"form-check"[39m
                [33mstyle[39m=[32m"padding: 20px;"[39m
              [36m>[39m
                [36m<input[39m
                  [33mclass[39m=[32m"form-check-input"[39m
                  [33mtype[39m=[32m"radio"[39m
                  [33mvalue[39m=[32m"yellow"[39m
                [36m/>[39m
                [36m<label[39m
                  [33mclass[39m=[32m"form-check-label"[39m
                  [33mtitle[39m=[32m""[39m
                [36m>[39m
                  [0myellow[0m
                [36m</label>[39m
              [36m</div>[39m
              [36m<div[39m
                [33mclass[39m=[32m"form-check"[39m
                [33mstyle[39m=[32m"padding: 20px;"[39m
              [36m>[39m
                [36m<input[39m
                  [33mclass[39m=[32m"form-check-input"[39m
                  [33mtype[39m=[32m"radio"[39m
                  [33mvalue[39m=[32m"green"[39m
                [36m/>[39m
                [36m<label[39m
                  [33mclass[39m=[32m"form-check-label"[39m
                  [33mtitle[39m=[32m""[39m
                [36m>[39m
                  [0mgreen[0m
                [36m</label>[39m
              [36m</div>[39m
              [36m<div[39m
                [33mclass[39m=[32m"form-check"[39m
                [33mstyle[39m=[32m"padding: 20px;"[39m
              [36m>[39m
                [36m<input[39m
                  [33mclass[39m=[32m"form-check-input"[39m
                  [33mtype[39m=[32m"radio"[39m
                  [33mvalue[39m=[32m"orange"[39m
                [36m/>[39m
                [36m<label[39m
                  [33mclass[39m=[32m"form-check-label"[39m
                  [33mtitle[39m=[32m""[39m
                [36m>[39m
                  [0morange[0m
                [36m</label>[39m
              [36m</div>[39m
              [36m<div[39m
                [33mclass[39m=[32m"form-check"[39m
                [33mstyle[39m=[32m"padding: 20px;"[39m
              [36m>[39m
                [36m<input[39m
                  [33mclass[39m=[32m"form-check-input"[39m
                  [33mtype[39m=[32m"radio"[39m
                  [33mvalue[39m=[32m"purple"[39m
                [36m/>[39m
                [36m<label[39m
                  [33mclass[39m=[32m"form-check-label"[39m
                  [33mtitle[39m=[32m""[39m
                [36m>[39m
                  [0mpurple[0m
                [36m</label>[39m
              [36m</div>[39m
              [36m<div[39m
                [33mclass[39m=[32m"form-check"[39m
                [33mstyle[39m=[32m"padding: 20px;"[39m
              [36m>[39m
                [36m<input[39m
                  [33mclass[39m=[32m"form-check-input"[39m
                  [33mtype[39m=[32m"radio"[39m
                  [33mvalue[39m=[32m"pink"[39m
                [36m/>[39m
                [36m<label[39m
                  [33mclass[39m=[32m"form-check-label"[39m
                  [33mtitle[39m=[32m""[39m
                [36m>[39m
                  [0mpink[0m
                [36m</label>[39m
              [36m</div>[39m
              [36m<div[39m
                [33mclass[39m=[32m"form-check"[39m
                [33mstyle[39m=[32m"padding: 20px;"[39m
              [36m>[39m
                [36m<input[39m
                  [33mclass[39m=[32m"form-check-input"[39m
                  [33mtype[39m=[32m"radio"[39m
                  [33mvalue[39m=[32m"gray"[39m
                [36m/>[39m
                [36m<label[39m
                  [33mclass[39m=[32m"form-check-label"[39m
                  [33mtitle[39m=[32m""[39m
                [36m>[39m
                  [0mgray[0m
                [36m</label>[39m
              [36m</div>[39m
            [36m</form>[39m
            [36m<h4>[39m
              [0mYou have choosen[0m
              [0m [0m
              [36m<span[39m
                [33mstyle[39m=[32m"background-color: blue;"[39m
              [36m>[39m
                [0mblue[0m
              [36m</span>[39m
            [36m</h4>[39m
          [36m</div>[39m
          [36m<hr />[39m
          [36m<div>[39m
            [36m<h3>[39m
              [0mMultiple Choice Question[0m
            [36m</h3>[39m
            [36m<div>[39m
              [36m<label[39m
                [33mclass[39m=[32m"form-label"[39m
                [33mfor[39m=[32m"favoriteColors"[39m
              [36m>[39m
                [0mChoose the correct answer[0m
              [36m</label>[39m
              [36m<select[39m
                [33mclass[39m=[32m"form-select"[39m
                [33mid[39m=[32m"favoriteColors"[39m
              [36m>[39m
                [36m<option[39m
                  [33mvalue[39m=[32m"a"[39m
                [36m>[39m
                  [0ma[0m
                [36m</option>[39m
                [36m<option[39m
                  [33mvalue[39m=[32m"b"[39m
                [36m>[39m
                  [0mb[0m
                [36m</option>[39m
                [36m<option[39m
                  [33mvalue[39m=[32m"c"[39m
                [36m>[39m
                  [0mc[0m
                [36m</option>[39m
              [36m</select>[39m
            [36m</div>[39m
            [36m<p>[39m
              [0m❌[0m
            [36m</p>[39m
          [36m</div>[39m
          [36m<hr />[39m
          [36m<div>[39m
            [36m<h3>[39m
              [0mDouble Half[0m
            [36m</h3>[39m
            [36m<div>[39m
              [0mThe current value is: [0m
              [36m<span>[39m
                [0m10[0m
              [36m</span>[39m
            [36m</div>[39m
            [36m<button[39m
              [33mclass[39m=[32m"btn btn-primary"[39m
              [33mtype[39m=[32m"button"[39m
            [36m>[39m
              [0mDouble[0m
            [36m</button>[39m
            [36m<button[39m
              [33mclass[39m=[32m"btn btn-primary"[39m
              [33mtype[39m=[32m"button"[39m
            [36m>[39m
              [0mHalve[0m
            [36m</button>[39m
          [36m</div>[39m
          [36m<hr />[39m
          [36m<div>[39m
            [36m<h3>[39m
              [0mChoose Team[0m
            [36m</h3>[39m
            [36m<div[39m
              [33mclass[39m=[32m"row"[39m
            [36m>[39m
              [36m<div[39m
                [33mclass[39m=[32m"col"[39m
              [36m>[39m
                [36m<div[39m
                  [33mstyle[39m=[32m"margin-bottom: 4px;"[39m
                [36m>[39m
                  [0mAdd[0m
                  [0m [0m
                  [36m<button[39m
                    [33mclass[39m=[32m"btn btn-primary btn-sm"[39m
                    [33mtype[39m=[32m"button"[39m
                  [36m>[39m
                    [0mAlan Turing[0m
                  [36m</button>[39m
                [36m</div>[39m
                [36m<div[39m
                  [33mstyle[39m=[32m"margin-bottom: 4px;"[39m
                [36m>[39m
                  [0mAdd[0m
                  [0m [0m
                  [36m<button[39m
                    [33mclass[39m=[32m"btn btn-primary btn-sm"[39m
                    [33mtype[39m=[32m"button"[39m
                  [36m>[39m
                    [0mGrace Hopper[0m
                  [36m</button>[39m
                [36m</div>[39m
                [36m<div[39m
                  [33mstyle[39m=[32m"margin-bottom: 4px;"[39m
                [36m>[39m
                  [0mAdd[0m
                  [0m [0m
                  [36m<button[39m
                    [33mclass[39m=[32m"btn btn-primary btn-sm"[39m
                    [33mtype[39m=[32m"button"[39m
                  [36m>[39m
                    [0mAda Lovelace[0m
                  [36m</button>[39m
                [36m</div>[39m
                [36m<div[39m
                  [33mstyle[39m=[32m"margin-bottom: 4px;"[39m
                [36m>[39m
                  [0mAdd[0m
                  [0m [0m
                  [36m<button[39m
                    [33mclass[39m=[32m"btn btn-primary btn-sm"[39m
                    [33mtype[39m=[32m"button"[39m
                  [36m>[39m
                    [0mCharles Babbage[0m
                  [36m</button>[39m
                [36m</div>[39m
                [36m<div[39m
                  [33mstyle[39m=[32m"margin-bottom: 4px;"[39m
                [36m>[39m
                  [0mAdd[0m
                  [0m [0m
                  [36m<button[39m
                    [33mclass[39m=[32m"btn btn-primary btn-sm"[39m
                    [33mtype[39m=[32m"button"[39m
                  [36m>[39m
                    [0mBarbara Liskov[0m
                  [36m</button>[39m
                [36m</div>[39m
                [36m<div[39m
                  [33mstyle[39m=[32m"margin-bottom: 4px;"[39m
                [36m>[39m
                  [0mAdd[0m
                  [0m [0m
                  [36m<button[39m
                    [33mclass[39m=[32m"btn btn-primary btn-sm"[39m
                    [33mtype[39m=[32m"button"[39m
                  [36m>[39m
                    [0mMargaret Hamilton[0m
                  [36m</button>[39m
                [36m</div>[39m
              [36m</div>[39m
              [36m<div[39m
                [33mclass[39m=[32m"col"[39m
              [36m>[39m
                [36m<strong>[39m
                  [0mTeam:[0m
                [36m</strong>[39m
                [36m<button[39m
                  [33mclass[39m=[32m"btn btn-primary"[39m
                  [33mtype[39m=[32m"button"[39m
                [36m>[39m
                  [0mClear Team[0m
                [36m</button>[39m
              [36m</div>[39m
            [36m</div>[39m
          [36m</div>[39m
          [36m<hr />[39m
          [36m<div>[39m
            [36m<h3>[39m
              [0mColored Box[0m
            [36m</h3>[39m
            [36m<span>[39m
              [0mThe current color is: [0m
              [0mred[0m
            [36m</span>[39m
            [36m<div>[39m
              [36m<button[39m
                [33mclass[39m=[32m"btn btn-primary"[39m
                [33mtype[39m=[32m"button"[39m
              [36m>[39m
                [0mNext Color[0m
              [36m</button>[39m
              [36m<div[39m
                [33mdata-testid[39m=[32m"colored-box"[39m
                [33mstyle[39m=[32m"width: 50px; height: 50px; background-color: red; display: inline-block; vertical-align: bottom; margin-left: 5px;"[39m
              [36m/>[39m
            [36m</div>[39m
          [36m</div>[39m
          [36m<hr />[39m
          [36m<div>[39m
            [36m<span>[39m
              [0mShove Box[0m
            [36m</span>[39m
            [36m<span>[39m
              [0mThe box is at: [0m
              [0m10[0m
            [36m</span>[39m
            [36m<div>[39m
              [36m<button[39m
                [33mclass[39m=[32m"btn btn-primary"[39m
                [33mtype[39m=[32m"button"[39m
              [36m>[39m
                [0mShove the Box[0m
              [36m</button>[39m
              [36m<div[39m
                [33mdata-testid[39m=[32m"moveable-box"[39m
                [33mstyle[39m=[32m"width: 50px; height: 50px; background-color: lightblue; border: 1px solid blue; display: inline-block; vertical-align: bottom; margin-left: 10px;"[39m
              [36m/>[39m
            [36m</div>[39m
          [36m</div>[39m
          [36m<hr />[39m
          [36m<span>[39m
            [36m<button[39m
              [33mclass[39m=[32m"btn btn-primary"[39m
              [33mtype[39m=[32m"button"[39m
            [36m>[39m
              [0mAdd One[0m
            [36m</button>[39m
            [0mto [0m
            [0m0[0m
            [0m.[0m
          [36m</span>[39m
          [36m<hr />[39m
          [36m<div>[39m
            [36m<button[39m
              [33mclass[39m=[32m"btn btn-primary"[39m
              [33mtype[39m=[32m"button"[39m
            [36m>[39m
              [0mReveal Answer[0m
            [36m</button>[39m
            [36m<hr />[39m
          [36m</div>[39m
          [36m<hr />[39m
          [36m<div>[39m
            [0mCurrent Attempt: [0m
            [36m<span>[39m
              [0m4[0m
            [36m</span>[39m
            [36m<button[39m
              [33mclass[39m=[32m"btn btn-primary"[39m
              [33mtype[39m=[32m"button"[39m
            [36m>[39m
              [0mMulligan[0m
            [36m</button>[39m
            [36m<div>[39m
              [36m<button[39m
                [33mclass[39m=[32m"btn btn-primary"[39m
                [33mtype[39m=[32m"button"[39m
              [36m>[39m
                [0mStart Quiz[0m
              [36m</button>[39m
            [36m</div>[39m
            [36m<div>[39m
              [36m<button[39m
                [33mclass[39m=[32m"btn btn-primary"[39m
                [33mdisabled[39m=[32m""[39m
                [33mtype[39m=[32m"button"[39m
              [36m>[39m
                [0mStop Quiz[0m
              [36m</button>[39m
            [36m</div>[39m
          [36m</div>[39m
          [36m<hr />[39m
          [36m<div>[39m
            [36m<span[39m
              [33mdata-testid[39m=[32m"left-die"[39m
            [36m>[39m
              [0m0[0m
            [36m</span>[39m
            [36m<button[39m
              [33mclass[39m=[32m"btn btn-primary"[39m
              [33mtype[39m=[32m"button"[39m
            [36m>[39m
              [0mRoll Left[0m
            [36m</button>[39m
            [36m<button[39m
              [33mclass[39m=[32m"btn btn-primary"[39m
              [33mtype[39m=[32m"button"[39m
            [36m>[39m
              [0mRoll Right[0m
            [36m</button>[39m
            [36m<span[39m
              [33mdata-testid[39m=[32m"right-die"[39m
            [36m>[39m
              [0m1[0m
            [36m</span>[39m
          [36m</div>[39m
          [36m<hr />[39m
          [36m<div>[39m
            [36m<button[39m
              [33mclass[39m=[32m"btn btn-primary"[39m
              [33mtype[39m=[32m"button"[39m
            [36m>[39m
              [0mChange Type[0m
            [36m</button>[39m
            [36m<div>[39m
              [0mShort Answer[0m
            [36m</div>[39m
          [36m</div>[39m
          [36m<hr />[39m
          [36m<div>[39m
            [36m<button[39m
              [33mclass[39m=[32m"btn btn-primary"[39m
              [33mtype[39m=[32m"button"[39m
            [36m>[39m
              [0mAdvance by Alphabet[0m
            [36m</button>[39m
            [36m<button[39m
              [33mclass[39m=[32m"btn btn-primary"[39m
              [33mtype[39m=[32m"button"[39m
            [36m>[39m
              [0mAdvance by Year[0m
            [36m</button>[39m
            [36m<hr />[39m
            [36m<span>[39m
              [0mHoliday: [0m
              [0m🌛[0m
            [36m</span>[39m
          [36m</div>[39m
        [36m</div>[39m
      [36m</div>[39m
    [36m</body>[39m

      54 |         const consoleSpy = jest.spyOn(console, "log");
      55 |         render(<App />);
    > 56 |         const button = screen.getByRole("button", { name: /Log Hello World/i });
         |                               ^
      57 |         userEvent.click(button);
      58 |         expect(consoleSpy).toHaveBeenCalledWith("Hello World!");
      59 |     });

      at Object.getElementError (node_modules/@testing-library/dom/dist/config.js:38:19)
      at node_modules/@testing-library/dom/dist/query-helpers.js:90:38
      at node_modules/@testing-library/dom/dist/query-helpers.js:62:17
      at getByRole (node_modules/@testing-library/dom/dist/query-helpers.js:111:19)
      at Object.<anonymous> (src/HtmlCss.test.tsx:56:31)

-----------------------------|---------|----------|---------|---------|-------------------
File                         | % Stmts | % Branch | % Funcs | % Lines | Uncovered Line #s 
-----------------------------|---------|----------|---------|---------|-------------------
All files                    |    98.7 |    95.78 |   98.37 |   99.06 |                   
 src                         |     100 |    96.82 |     100 |     100 |                   
  App.tsx                    |     100 |      100 |     100 |     100 |                   
  arrays.ts                  |     100 |    94.44 |     100 |     100 | 88                
  functions.ts               |     100 |      100 |     100 |     100 |                   
  nested.ts                  |     100 |    96.29 |     100 |     100 | 272               
  objects.ts                 |     100 |      100 |     100 |     100 |                   
 src/bad-components          |   96.55 |       50 |     100 |   96.42 |                   
  ChooseTeam.tsx             |     100 |       50 |     100 |     100 | 18                
  ColoredBox.tsx             |     100 |      100 |     100 |     100 |                   
  DoubleHalf.tsx             |     100 |      100 |     100 |     100 |                   
  DoubleHalfState.tsx        |       0 |      100 |     100 |       0 | 3                 
  ShoveBox.tsx               |     100 |      100 |     100 |     100 |                   
 src/components              |     100 |      100 |     100 |     100 |                   
  ChangeType.tsx             |     100 |      100 |     100 |     100 |                   
  Counter.tsx                |     100 |      100 |     100 |     100 |                   
  CycleHoliday.tsx           |     100 |      100 |     100 |     100 |                   
  RevealAnswer.tsx           |     100 |      100 |     100 |     100 |                   
  StartAttempt.tsx           |     100 |      100 |     100 |     100 |                   
  TwoDice.tsx                |     100 |      100 |     100 |     100 |                   
 src/form-components         |      95 |    93.75 |   89.47 |   97.36 |                   
  ChangeColor.tsx            |     100 |      100 |     100 |     100 |                   
  CheckAnswer.tsx            |   77.77 |      100 |      50 |    87.5 | 15                
  EditMode.tsx               |     100 |      100 |     100 |     100 |                   
  GiveAttempts.tsx           |     100 |       75 |     100 |     100 | 8                 
  MultipleChoiceQuestion.tsx |     100 |      100 |     100 |     100 |                   
 src/interfaces              |       0 |        0 |       0 |       0 |                   
  answer.ts                  |       0 |        0 |       0 |       0 |                   
  question.ts                |       0 |        0 |       0 |       0 |                   
-----------------------------|---------|----------|---------|---------|-------------------
Summary of all failing tests
FAIL src/HtmlCss.test.tsx (5.053 s)
  ● Some HTML Elements are added. › There is a header

    TestingLibraryElementError: Found multiple elements with the role "heading"

    Here are the matching elements:

    Ignored nodes: comments, <script />, <style />
    [36m<h3>[39m
      [0mCheck Answer[0m
    [36m</h3>[39m

    Ignored nodes: comments, <script />, <style />
    [36m<h3>[39m
      [0mGive Attempts[0m
    [36m</h3>[39m

    Ignored nodes: comments, <script />, <style />
    [36m<h3>[39m
      [0mEdit Mode[0m
    [36m</h3>[39m

    Ignored nodes: comments, <script />, <style />
    [36m<h3>[39m
      [0mChange Color[0m
    [36m</h3>[39m

    Ignored nodes: comments, <script />, <style />
    [36m<h4>[39m
      [0mYou have choosen[0m
      [0m [0m
      [36m<span[39m
        [33mstyle[39m=[32m"background-color: blue;"[39m
      [36m>[39m
        [0mblue[0m
      [36m</span>[39m
    [36m</h4>[39m

    Ignored nodes: comments, <script />, <style />
    [36m<h3>[39m
      [0mMultiple Choice Question[0m
    [36m</h3>[39m

    Ignored nodes: comments, <script />, <style />
    [36m<h3>[39m
      [0mDouble Half[0m
    [36m</h3>[39m

    Ignored nodes: comments, <script />, <style />
    [36m<h3>[39m
      [0mChoose Team[0m
    [36m</h3>[39m

    Ignored nodes: comments, <script />, <style />
    [36m<h3>[39m
      [0mColored Box[0m
    [36m</h3>[39m

    (If this is intentional, then use the `*AllBy*` variant of the query (like `queryAllByText`, `getAllByText`, or `findAllByText`)).

    Ignored nodes: comments, <script />, <style />
    [36m<body>[39m
      [36m<div>[39m
        [36m<div[39m
          [33mclass[39m=[32m"App"[39m
        [36m>[39m
          [36m<header[39m
            [33mclass[39m=[32m"App-header"[39m
          [36m>[39m
            [0mUD CISC275 with React Hooks and TypeScript[0m
          [36m</header>[39m
          [36m<p>[39m
            [0mHello World[0m
          [36m</p>[39m
          [36m<hr />[39m
          [36m<div>[39m
            [36m<h3>[39m
              [0mCheck Answer[0m
            [36m</h3>[39m
            [36m<form>[39m
              [36m<label>[39m
                [0mEnter Answer:[0m
                [36m<input[39m
                  [33mtype[39m=[32m"text"[39m
                [36m/>[39m
                [36m<button[39m
                  [33mtype[39m=[32m"button"[39m
                [36m>[39m
                  [0mCheck Answer[0m
                [36m</button>[39m
              [36m</label>[39m
              [36m<div>[39m
                [36m<p>[39m
                  [0m❌[0m
                [36m</p>[39m
              [36m</div>[39m
            [36m</form>[39m
          [36m</div>[39m
          [36m<hr />[39m
          [36m<div>[39m
            [36m<h3>[39m
              [0mGive Attempts[0m
            [36m</h3>[39m
            [36m<button>[39m
              [0muse[0m
            [36m</button>[39m
            [36m<form>[39m
              [36m<input[39m
                [33mplaceholder[39m=[32m"Enter a number"[39m
                [33mtype[39m=[32m"number"[39m
              [36m/>[39m
              [36m<button[39m
                [33mtype[39m=[32m"submit"[39m
              [36m>[39m
                [0mgain[0m
              [36m</button>[39m
            [36m</form>[39m
            [36m<p>[39m
              [0mAttempts Left: [0m
              [0m3[0m
            [36m</p>[39m
          [36m</div>[39m
          [36m<hr />[39m
          [36m<div>[39m
            [36m<h3>[39m
              [0mEdit Mode[0m
            [36m</h3>[39m
            [36m<div[39m
              [33mclass[39m=[32m"form-check form-switch"[39m
            [36m>[39m
              [36m<input[39m
                [33mclass[39m=[32m"form-check-input"[39m
                [33mid[39m=[32m"in-edit"[39m
                [33mtype[39m=[32m"checkbox"[39m
              [36m/>[39m
              [36m<label[39m
                [33mclass[39m=[32m"form-check-label"[39m
                [33mfor[39m=[32m"in-edit"[39m
                [33mtitle[39m=[32m""[39m
              [36m>[39m
                [0mEdit Mode[0m
              [36m</label>[39m
            [36m</div>[39m
            [0mYour Name[0m
            [0m is [0m
            [0m a student[0m
            [0m [0m
          [36m</div>[39m
          [36m<hr />[39m
          [36m<div>[39m
            [36m<h3>[39m
              [0mChange Color[0m
            [36m</h3>[39m
            [36m<form[39m
              [33mdata-testid[39m=[32m"colored-box"[39m
              [33mstyle[39m=[32m"background-color: blue; justify-content: center; display: flex; padding: 20px;"[39m
            [36m>[39m
              [36m<div[39m
                [33mclass[39m=[32m"form-check"[39m
                [33mstyle[39m=[32m"padding: 20px;"[39m
              [36m>[39m
                [36m<input[39m
                  [33mchecked[39m=[32m""[39m
                  [33mclass[39m=[32m"form-check-input"[39m
                  [33mtype[39m=[32m"radio"[39m
                  [33mvalue[39m=[32m"blue"[39m
                [36m/>[39m
                [36m<label[39m
                  [33mclass[39m=[32m"form-check-label"[39m
                  [33mtitle[39m=[32m""[39m
                [36m>[39m
                  [0mblue[0m
                [36m</label>[39m
              [36m</div>[39m
              [36m<div[39m
                [33mclass[39m=[32m"form-check"[39m
                [33mstyle[39m=[32m"padding: 20px;"[39m
              [36m>[39m
                [36m<input[39m
                  [33mclass[39m=[32m"form-check-input"[39m
                  [33mtype[39m=[32m"radio"[39m
                  [33mvalue[39m=[32m"red"[39m
                [36m/>[39m
                [36m<label[39m
                  [33mclass[39m=[32m"form-check-label"[39m
                  [33mtitle[39m=[32m""[39m
                [36m>[39m
                  [0mred[0m
                [36m</label>[39m
              [36m</div>[39m
              [36m<div[39m
                [33mclass[39m=[32m"form-check"[39m
                [33mstyle[39m=[32m"padding: 20px;"[39m
              [36m>[39m
                [36m<input[39m
                  [33mclass[39m=[32m"form-check-input"[39m
                  [33mtype[39m=[32m"radio"[39m
                  [33mvalue[39m=[32m"yellow"[39m
                [36m/>[39m
                [36m<label[39m
                  [33mclass[39m=[32m"form-check-label"[39m
                  [33mtitle[39m=[32m""[39m
                [36m>[39m
                  [0myellow[0m
                [36m</label>[39m
              [36m</div>[39m
              [36m<div[39m
                [33mclass[39m=[32m"form-check"[39m
                [33mstyle[39m=[32m"padding: 20px;"[39m
              [36m>[39m
                [36m<input[39m
                  [33mclass[39m=[32m"form-check-input"[39m
                  [33mtype[39m=[32m"radio"[39m
                  [33mvalue[39m=[32m"green"[39m
                [36m/>[39m
                [36m<label[39m
                  [33mclass[39m=[32m"form-check-label"[39m
                  [33mtitle[39m=[32m""[39m
                [36m>[39m
                  [0mgreen[0m
                [36m</label>[39m
              [36m</div>[39m
              [36m<div[39m
                [33mclass[39m=[32m"form-check"[39m
                [33mstyle[39m=[32m"padding: 20px;"[39m
              [36m>[39m
                [36m<input[39m
                  [33mclass[39m=[32m"form-check-input"[39m
                  [33mtype[39m=[32m"radio"[39m
                  [33mvalue[39m=[32m"orange"[39m
                [36m/>[39m
                [36m<label[39m
                  [33mclass[39m=[32m"form-check-label"[39m
                  [33mtitle[39m=[32m""[39m
                [36m>[39m
                  [0morange[0m
                [36m</label>[39m
              [36m</div>[39m
              [36m<div[39m
                [33mclass[39m=[32m"form-check"[39m
                [33mstyle[39m=[32m"padding: 20px;"[39m
              [36m>[39m
                [36m<input[39m
                  [33mclass[39m=[32m"form-check-input"[39m
                  [33mtype[39m=[32m"radio"[39m
                  [33mvalue[39m=[32m"purple"[39m
                [36m/>[39m
                [36m<label[39m
                  [33mclass[39m=[32m"form-check-label"[39m
                  [33mtitle[39m=[32m""[39m
                [36m>[39m
                  [0mpurple[0m
                [36m</label>[39m
              [36m</div>[39m
              [36m<div[39m
                [33mclass[39m=[32m"form-check"[39m
                [33mstyle[39m=[32m"padding: 20px;"[39m
              [36m>[39m
                [36m<input[39m
                  [33mclass[39m=[32m"form-check-input"[39m
                  [33mtype[39m=[32m"radio"[39m
                  [33mvalue[39m=[32m"pink"[39m
                [36m/>[39m
                [36m<label[39m
                  [33mclass[39m=[32m"form-check-label"[39m
                  [33mtitle[39m=[32m""[39m
                [36m>[39m
                  [0mpink[0m
                [36m</label>[39m
              [36m</div>[39m
              [36m<div[39m
                [33mclass[39m=[32m"form-check"[39m
                [33mstyle[39m=[32m"padding: 20px;"[39m
              [36m>[39m
                [36m<input[39m
                  [33mclass[39m=[32m"form-check-input"[39m
                  [33mtype[39m=[32m"radio"[39m
                  [33mvalue[39m=[32m"gray"[39m
                [36m/>[39m
                [36m<label[39m
                  [33mclass[39m=[32m"form-check-label"[39m
                  [33mtitle[39m=[32m""[39m
                [36m>[39m
                  [0mgray[0m
                [36m</label>[39m
              [36m</div>[39m
            [36m</form>[39m
            [36m<h4>[39m
              [0mYou have choosen[0m
              [0m [0m
              [36m<span[39m
                [33mstyle[39m=[32m"background-color: blue;"[39m
              [36m>[39m
                [0mblue[0m
              [36m</span>[39m
            [36m</h4>[39m
          [36m</div>[39m
          [36m<hr />[39m
          [36m<div>[39m
            [36m<h3>[39m
              [0mMultiple Choice Question[0m
            [36m</h3>[39m
            [36m<div>[39m
              [36m<label[39m
                [33mclass[39m=[32m"form-label"[39m
                [33mfor[39m=[32m"favoriteColors"[39m
              [36m>[39m
                [0mChoose the correct answer[0m
              [36m</label>[39m
              [36m<select[39m
                [33mclass[39m=[32m"form-select"[39m
                [33mid[39m=[32m"favoriteColors"[39m
              [36m>[39m
                [36m<option[39m
                  [33mvalue[39m=[32m"a"[39m
                [36m>[39m
                  [0ma[0m
                [36m</option>[39m
                [36m<option[39m
                  [33mvalue[39m=[32m"b"[39m
                [36m>[39m
                  [0mb[0m
                [36m</option>[39m
                [36m<option[39m
                  [33mvalue[39m=[32m"c"[39m
                [36m>[39m
                  [0mc[0m
                [36m</option>[39m
              [36m</select>[39m
            [36m</div>[39m
            [36m<p>[39m
              [0m❌[0m
            [36m</p>[39m
          [36m</div>[39m
          [36m<hr />[39m
          [36m<div>[39m
            [36m<h3>[39m
              [0mDouble Half[0m
            [36m</h3>[39m
            [36m<div>[39m
              [0mThe current value is: [0m
              [36m<span>[39m
                [0m10[0m
              [36m</span>[39m
            [36m</div>[39m
            [36m<button[39m
              [33mclass[39m=[32m"btn btn-primary"[39m
              [33mtype[39m=[32m"button"[39m
            [36m>[39m
              [0mDouble[0m
            [36m</button>[39m
            [36m<button[39m
              [33mclass[39m=[32m"btn btn-primary"[39m
              [33mtype[39m=[32m"button"[39m
            [36m>[39m
              [0mHalve[0m
            [36m</button>[39m
          [36m</div>[39m
          [36m<hr />[39m
          [36m<div>[39m
            [36m<h3>[39m
              [0mChoose Team[0m
            [36m</h3>[39m
            [36m<div[39m
              [33mclass[39m=[32m"row"[39m
            [36m>[39m
              [36m<div[39m
                [33mclass[39m=[32m"col"[39m
              [36m>[39m
                [36m<div[39m
                  [33mstyle[39m=[32m"margin-bottom: 4px;"[39m
                [36m>[39m
                  [0mAdd[0m
                  [0m [0m
                  [36m<button[39m
                    [33mclass[39m=[32m"btn btn-primary btn-sm"[39m
                    [33mtype[39m=[32m"button"[39m
                  [36m>[39m
                    [0mAlan Turing[0m
                  [36m</button>[39m
                [36m</div>[39m
                [36m<div[39m
                  [33mstyle[39m=[32m"margin-bottom: 4px;"[39m
                [36m>[39m
                  [0mAdd[0m
                  [0m [0m
                  [36m<button[39m
                    [33mclass[39m=[32m"btn btn-primary btn-sm"[39m
                    [33mtype[39m=[32m"button"[39m
                  [36m>[39m
                    [0mGrace Hopper[0m
                  [36m</button>[39m
                [36m</div>[39m
                [36m<div[39m
                  [33mstyle[39m=[32m"margin-bottom: 4px;"[39m
                [36m>[39m
                  [0mAdd[0m
                  [0m [0m
                  [36m<button[39m
                    [33mclass[39m=[32m"btn btn-primary btn-sm"[39m
                    [33mtype[39m=[32m"button"[39m
                  [36m>[39m
                    [0mAda Lovelace[0m
                  [36m</button>[39m
                [36m</div>[39m
                [36m<div[39m
                  [33mstyle[39m=[32m"margin-bottom: 4px;"[39m
                [36m>[39m
                  [0mAdd[0m
                  [0m [0m
                  [36m<button[39m
                    [33mclass[39m=[32m"btn btn-primary btn-sm"[39m
                    [33mtype[39m=[32m"button"[39m
                  [36m>[39m
                    [0mCharles Babbage[0m
                  [36m</button>[39m
                [36m</div>[39m
                [36m<div[39m
                  [33mstyle[39m=[32m"margin-bottom: 4px;"[39m
                [36m>[39m
                  [0mAdd[0m
                  [0m [0m
                  [36m<button[39m
                    [33mclass[39m=[32m"btn btn-primary btn-sm"[39m
                    [33mtype[39m=[32m"button"[39m
                  [36m>[39m
                    [0mBarbara Liskov[0m
                  [36m</button>[39m
                [36m</div>[39m
                [36m<div[39m
                  [33mstyle[39m=[32m"margin-bottom: 4px;"[39m
                [36m>[39m
                  [0mAdd[0m
                  [0m [0m
                  [36m<button[39m
                    [33mclass[39m=[32m"btn btn-primary btn-sm"[39m
                    [33mtype[39m=[32m"button"[39m
                  [36m>[39m
                    [0mMargaret Hamilton[0m
                  [36m</button>[39m
                [36m</div>[39m
              [36m</div>[39m
              [36m<div[39m
                [33mclass[39m=[32m"col"[39m
              [36m>[39m
                [36m<strong>[39m
                  [0mTeam:[0m
                [36m</strong>[39m
                [36m<button[39m
                  [33mclass[39m=[32m"btn btn-primary"[39m
                  [33mtype[39m=[32m"button"[39m
                [36m>[39m
                  [0mClear Team[0m
                [36m</button>[39m
              [36m</div>[39m
            [36m</div>[39m
          [36m</div>[39m
          [36m<hr />[39m
          [36m<div>[39m
            [36m<h3>[39m
              [0mColored Box[0m
            [36m</h3>[39m
            [36m<span>[39m
              [0mThe current color is: [0m
              [0mred[0m
            [36m</span>[39m
            [36m<div>[39m
              [36m<button[39m
                [33mclass[39m=[32m"btn btn-primary"[39m
                [33mtype[39m=[32m"button"[39m
              [36m>[39m
                [0mNext Color[0m
              [36m</button>[39m
              [36m<div[39m
                [33mdata-testid[39m=[32m"colored-box"[39m
                [33mstyle[39m=[32m"width: 50px; height: 50px; background-color: red; display: inline-block; vertical-align: bottom; margin-left: 5px;"[39m
              [36m/>[39m
            [36m</div>[39m
          [36m</div>[39m
          [36m<hr />[39m
          [36m<div>[39m
            [36m<span>[39m
              [0mShove Box[0m
            [36m</span>[39m
            [36m<span>[39m
              [0mThe box is at: [0m
              [0m10[0m
            [36m</span>[39m
            [36m<div>[39m
              [36m<button[39m
                [33mclass[39m=[32m"btn btn-primary"[39m
                [33mtype[39m=[32m"button"[39m
              [36m>[39m
                [0mShove the Box[0m
              [36m</button>[39m
              [36m<div[39m
                [33mdata-testid[39m=[32m"moveable-box"[39m
                [33mstyle[39m=[32m"width: 50px; height: 50px; background-color: lightblue; border: 1px solid blue; display: inline-block; vertical-align: bottom; margin-left: 10px;"[39m
              [36m/>[39m
            [36m</div>[39m
          [36m</div>[39m
          [36m<hr />[39m
          [36m<span>[39m
            [36m<button[39m
              [33mclass[39m=[32m"btn btn-primary"[39m
              [33mtype[39m=[32m"button"[39m
            [36m>[39m
              [0mAdd One[0m
            [36m</button>[39m
            [0mto [0m
            [0m0[0m
            [0m.[0m
          [36m</span>[39m
          [36m<hr />[39m
          [36m<div>[39m
            [36m<button[39m
              [33mclass[39m=[32m"btn btn-primary"[39m
              [33mtype[39m=[32m"button"[39m
            [36m>[39m
              [0mReveal Answer[0m
            [36m</button>[39m
            [36m<hr />[39m
          [36m</div>[39m
          [36m<hr />[39m
          [36m<div>[39m
            [0mCurrent Attempt: [0m
            [36m<span>[39m
              [0m4[0m
            [36m</span>[39m
            [36m<button[39m
              [33mclass[39m=[32m"btn btn-primary"[39m
              [33mtype[39m=[32m"button"[39m
            [36m>[39m
              [0mMulligan[0m
            [36m</button>[39m
            [36m<div>[39m
              [36m<button[39m
                [33mclass[39m=[32m"btn btn-primary"[39m
                [33mtype[39m=[32m"button"[39m
              [36m>[39m
                [0mStart Quiz[0m
              [36m</button>[39m
            [36m</div>[39m
            [36m<div>[39m
              [36m<button[39m
                [33mclass[39m=[32m"btn btn-primary"[39m
                [33mdisabled[39m=[32m""[39m
                [33mtype[39m=[32m"button"[39m
              [36m>[39m
                [0mStop Quiz[0m
              [36m</button>[39m
            [36m</div>[39m
          [36m</div>[39m
          [36m<hr />[39m
          [36m<div>[39m
            [36m<span[39m
              [33mdata-testid[39m=[32m"left-die"[39m
            [36m>[39m
              [0m0[0m
            [36m</span>[39m
            [36m<button[39m
              [33mclass[39m=[32m"btn btn-primary"[39m
              [33mtype[39m=[32m"button"[39m
            [36m>[39m
              [0mRoll Left[0m
            [36m</button>[39m
            [36m<button[39m
              [33mclass[39m=[32m"btn btn-primary"[39m
              [33mtype[39m=[32m"button"[39m
            [36m>[39m
              [0mRoll Right[0m
            [36m</button>[39m
            [36m<span[39m
              [33mdata-testid[39m=[32m"right-die"[39m
            [36m>[39m
              [0m1[0m
            [36m</span>[39m
          [36m</div>[39m
          [36m<hr />[39m
          [36m<div>[39m
            [36m<button[39m
              [33mclass[39m=[32m"btn btn-primary"[39m
              [33mtype[39m=[32m"button"[39m
            [36m>[39m
              [0mChange Type[0m
            [36m</button>[39m
            [36m<div>[39m
              [0mShort Answer[0m
            [36m</div>[39m
          [36m</div>[39m
          [36m<hr />[39m
          [36m<div>[39m
            [36m<button[39m
              [33mclass[39m=[32m"btn btn-primary"[39m
              [33mtype[39m=[32m"button"[39m
            [36m>[39m
              [0mAdvance by Alphabet[0m
            [36m</button>[39m
            [36m<button[39m
              [33mclass[39m=[32m"btn btn-primary"[39m
              [33mtype[39m=[32m"button"[39m
            [36m>[39m
              [0mAdvance by Year[0m
            [36m</button>[39m
            [36m<hr />[39m
            [36m<span>[39m
              [0mHoliday: [0m
              [0m��[0m
            [36m</span>[39m
          [36m</div>[39m
        [36m</div>[39m
      [36m</div>[39m
    [36m</body>[39m

       7 |     test("There is a header", () => {
       8 |         render(<App />);
    >  9 |         const header = screen.getByRole("heading");
         |                               ^
      10 |         expect(header).toBeInTheDocument();
      11 |     });
      12 |

      at Object.getElementError (node_modules/@testing-library/dom/dist/config.js:38:19)
      at getElementError (node_modules/@testing-library/dom/dist/query-helpers.js:25:35)
      at getMultipleElementsFoundError (node_modules/@testing-library/dom/dist/query-helpers.js:29:10)
      at node_modules/@testing-library/dom/dist/query-helpers.js:66:13
      at getByRole (node_modules/@testing-library/dom/dist/query-helpers.js:111:19)
      at Object.<anonymous> (src/HtmlCss.test.tsx:9:31)

  ● Some HTML Elements are added. › There is an image with alt text

    TestingLibraryElementError: Unable to find an accessible element with the role "img"

    Here are the accessible roles:

      banner:

      Name "":
      [36m<header[39m
        [33mclass[39m=[32m"App-header"[39m
      [36m/>[39m

      --------------------------------------------------
      separator:

      Name "":
      [36m<hr />[39m

      Name "":
      [36m<hr />[39m

      Name "":
      [36m<hr />[39m

      Name "":
      [36m<hr />[39m

      Name "":
      [36m<hr />[39m

      Name "":
      [36m<hr />[39m

      Name "":
      [36m<hr />[39m

      Name "":
      [36m<hr />[39m

      Name "":
      [36m<hr />[39m

      Name "":
      [36m<hr />[39m

      Name "":
      [36m<hr />[39m

      Name "":
      [36m<hr />[39m

      Name "":
      [36m<hr />[39m

      Name "":
      [36m<hr />[39m

      Name "":
      [36m<hr />[39m

      Name "":
      [36m<hr />[39m

      Name "":
      [36m<hr />[39m

      --------------------------------------------------
      heading:

      Name "Check Answer":
      [36m<h3 />[39m

      Name "Give Attempts":
      [36m<h3 />[39m

      Name "Edit Mode":
      [36m<h3 />[39m

      Name "Change Color":
      [36m<h3 />[39m

      Name "You have choosen blue":
      [36m<h4 />[39m

      Name "Multiple Choice Question":
      [36m<h3 />[39m

      Name "Double Half":
      [36m<h3 />[39m

      Name "Choose Team":
      [36m<h3 />[39m

      Name "Colored Box":
      [36m<h3 />[39m

      --------------------------------------------------
      textbox:

      Name "Enter Answer: Check Answer":
      [36m<input[39m
        [33mtype[39m=[32m"text"[39m
      [36m/>[39m

      --------------------------------------------------
      button:

      Name "Check Answer":
      [36m<button[39m
        [33mtype[39m=[32m"button"[39m
      [36m/>[39m

      Name "use":
      [36m<button />[39m

      Name "gain":
      [36m<button[39m
        [33mtype[39m=[32m"submit"[39m
      [36m/>[39m

      Name "Double":
      [36m<button[39m
        [33mclass[39m=[32m"btn btn-primary"[39m
        [33mtype[39m=[32m"button"[39m
      [36m/>[39m

      Name "Halve":
      [36m<button[39m
        [33mclass[39m=[32m"btn btn-primary"[39m
        [33mtype[39m=[32m"button"[39m
      [36m/>[39m

      Name "Alan Turing":
      [36m<button[39m
        [33mclass[39m=[32m"btn btn-primary btn-sm"[39m
        [33mtype[39m=[32m"button"[39m
      [36m/>[39m

      Name "Grace Hopper":
      [36m<button[39m
        [33mclass[39m=[32m"btn btn-primary btn-sm"[39m
        [33mtype[39m=[32m"button"[39m
      [36m/>[39m

      Name "Ada Lovelace":
      [36m<button[39m
        [33mclass[39m=[32m"btn btn-primary btn-sm"[39m
        [33mtype[39m=[32m"button"[39m
      [36m/>[39m

      Name "Charles Babbage":
      [36m<button[39m
        [33mclass[39m=[32m"btn btn-primary btn-sm"[39m
        [33mtype[39m=[32m"button"[39m
      [36m/>[39m

      Name "Barbara Liskov":
      [36m<button[39m
        [33mclass[39m=[32m"btn btn-primary btn-sm"[39m
        [33mtype[39m=[32m"button"[39m
      [36m/>[39m

      Name "Margaret Hamilton":
      [36m<button[39m
        [33mclass[39m=[32m"btn btn-primary btn-sm"[39m
        [33mtype[39m=[32m"button"[39m
      [36m/>[39m

      Name "Clear Team":
      [36m<button[39m
        [33mclass[39m=[32m"btn btn-primary"[39m
        [33mtype[39m=[32m"button"[39m
      [36m/>[39m

      Name "Next Color":
      [36m<button[39m
        [33mclass[39m=[32m"btn btn-primary"[39m
        [33mtype[39m=[32m"button"[39m
      [36m/>[39m

      Name "Shove the Box":
      [36m<button[39m
        [33mclass[39m=[32m"btn btn-primary"[39m
        [33mtype[39m=[32m"button"[39m
      [36m/>[39m

      Name "Add One":
      [36m<button[39m
        [33mclass[39m=[32m"btn btn-primary"[39m
        [33mtype[39m=[32m"button"[39m
      [36m/>[39m

      Name "Reveal Answer":
      [36m<button[39m
        [33mclass[39m=[32m"btn btn-primary"[39m
        [33mtype[39m=[32m"button"[39m
      [36m/>[39m

      Name "Mulligan":
      [36m<button[39m
        [33mclass[39m=[32m"btn btn-primary"[39m
        [33mtype[39m=[32m"button"[39m
      [36m/>[39m

      Name "Start Quiz":
      [36m<button[39m
        [33mclass[39m=[32m"btn btn-primary"[39m
        [33mtype[39m=[32m"button"[39m
      [36m/>[39m

      Name "Stop Quiz":
      [36m<button[39m
        [33mclass[39m=[32m"btn btn-primary"[39m
        [33mdisabled[39m=[32m""[39m
        [33mtype[39m=[32m"button"[39m
      [36m/>[39m

      Name "Roll Left":
      [36m<button[39m
        [33mclass[39m=[32m"btn btn-primary"[39m
        [33mtype[39m=[32m"button"[39m
      [36m/>[39m

      Name "Roll Right":
      [36m<button[39m
        [33mclass[39m=[32m"btn btn-primary"[39m
        [33mtype[39m=[32m"button"[39m
      [36m/>[39m

      Name "Change Type":
      [36m<button[39m
        [33mclass[39m=[32m"btn btn-primary"[39m
        [33mtype[39m=[32m"button"[39m
      [36m/>[39m

      Name "Advance by Alphabet":
      [36m<button[39m
        [33mclass[39m=[32m"btn btn-primary"[39m
        [33mtype[39m=[32m"button"[39m
      [36m/>[39m

      Name "Advance by Year":
      [36m<button[39m
        [33mclass[39m=[32m"btn btn-primary"[39m
        [33mtype[39m=[32m"button"[39m
      [36m/>[39m

      --------------------------------------------------
      spinbutton:

      Name "":
      [36m<input[39m
        [33mplaceholder[39m=[32m"Enter a number"[39m
        [33mtype[39m=[32m"number"[39m
      [36m/>[39m

      --------------------------------------------------
      checkbox:

      Name "Edit Mode":
      [36m<input[39m
        [33mclass[39m=[32m"form-check-input"[39m
        [33mid[39m=[32m"in-edit"[39m
        [33mtype[39m=[32m"checkbox"[39m
      [36m/>[39m

      --------------------------------------------------
      radio:

      Name "":
      [36m<input[39m
        [33mchecked[39m=[32m""[39m
        [33mclass[39m=[32m"form-check-input"[39m
        [33mtype[39m=[32m"radio"[39m
        [33mvalue[39m=[32m"blue"[39m
      [36m/>[39m

      Name "":
      [36m<input[39m
        [33mclass[39m=[32m"form-check-input"[39m
        [33mtype[39m=[32m"radio"[39m
        [33mvalue[39m=[32m"red"[39m
      [36m/>[39m

      Name "":
      [36m<input[39m
        [33mclass[39m=[32m"form-check-input"[39m
        [33mtype[39m=[32m"radio"[39m
        [33mvalue[39m=[32m"yellow"[39m
      [36m/>[39m

      Name "":
      [36m<input[39m
        [33mclass[39m=[32m"form-check-input"[39m
        [33mtype[39m=[32m"radio"[39m
        [33mvalue[39m=[32m"green"[39m
      [36m/>[39m

      Name "":
      [36m<input[39m
        [33mclass[39m=[32m"form-check-input"[39m
        [33mtype[39m=[32m"radio"[39m
        [33mvalue[39m=[32m"orange"[39m
      [36m/>[39m

      Name "":
      [36m<input[39m
        [33mclass[39m=[32m"form-check-input"[39m
        [33mtype[39m=[32m"radio"[39m
        [33mvalue[39m=[32m"purple"[39m
      [36m/>[39m

      Name "":
      [36m<input[39m
        [33mclass[39m=[32m"form-check-input"[39m
        [33mtype[39m=[32m"radio"[39m
        [33mvalue[39m=[32m"pink"[39m
      [36m/>[39m

      Name "":
      [36m<input[39m
        [33mclass[39m=[32m"form-check-input"[39m
        [33mtype[39m=[32m"radio"[39m
        [33mvalue[39m=[32m"gray"[39m
      [36m/>[39m

      --------------------------------------------------
      combobox:

      Name "Choose the correct answer":
      [36m<select[39m
        [33mclass[39m=[32m"form-select"[39m
        [33mid[39m=[32m"favoriteColors"[39m
      [36m/>[39m

      --------------------------------------------------
      option:

      Name "a":
      [36m<option[39m
        [33mvalue[39m=[32m"a"[39m
      [36m/>[39m

      Name "b":
      [36m<option[39m
        [33mvalue[39m=[32m"b"[39m
      [36m/>[39m

      Name "c":
      [36m<option[39m
        [33mvalue[39m=[32m"c"[39m
      [36m/>[39m

      --------------------------------------------------

    Ignored nodes: comments, <script />, <style />
    [36m<body>[39m
      [36m<div>[39m
        [36m<div[39m
          [33mclass[39m=[32m"App"[39m
        [36m>[39m
          [36m<header[39m
            [33mclass[39m=[32m"App-header"[39m
          [36m>[39m
            [0mUD CISC275 with React Hooks and TypeScript[0m
          [36m</header>[39m
          [36m<p>[39m
            [0mHello World[0m
          [36m</p>[39m
          [36m<hr />[39m
          [36m<div>[39m
            [36m<h3>[39m
              [0mCheck Answer[0m
            [36m</h3>[39m
            [36m<form>[39m
              [36m<label>[39m
                [0mEnter Answer:[0m
                [36m<input[39m
                  [33mtype[39m=[32m"text"[39m
                [36m/>[39m
                [36m<button[39m
                  [33mtype[39m=[32m"button"[39m
                [36m>[39m
                  [0mCheck Answer[0m
                [36m</button>[39m
              [36m</label>[39m
              [36m<div>[39m
                [36m<p>[39m
                  [0m❌[0m
                [36m</p>[39m
              [36m</div>[39m
            [36m</form>[39m
          [36m</div>[39m
          [36m<hr />[39m
          [36m<div>[39m
            [36m<h3>[39m
              [0mGive Attempts[0m
            [36m</h3>[39m
            [36m<button>[39m
              [0muse[0m
            [36m</button>[39m
            [36m<form>[39m
              [36m<input[39m
                [33mplaceholder[39m=[32m"Enter a number"[39m
                [33mtype[39m=[32m"number"[39m
              [36m/>[39m
              [36m<button[39m
                [33mtype[39m=[32m"submit"[39m
              [36m>[39m
                [0mgain[0m
              [36m</button>[39m
            [36m</form>[39m
            [36m<p>[39m
              [0mAttempts Left: [0m
              [0m3[0m
            [36m</p>[39m
          [36m</div>[39m
          [36m<hr />[39m
          [36m<div>[39m
            [36m<h3>[39m
              [0mEdit Mode[0m
            [36m</h3>[39m
            [36m<div[39m
              [33mclass[39m=[32m"form-check form-switch"[39m
            [36m>[39m
              [36m<input[39m
                [33mclass[39m=[32m"form-check-input"[39m
                [33mid[39m=[32m"in-edit"[39m
                [33mtype[39m=[32m"checkbox"[39m
              [36m/>[39m
              [36m<label[39m
                [33mclass[39m=[32m"form-check-label"[39m
                [33mfor[39m=[32m"in-edit"[39m
                [33mtitle[39m=[32m""[39m
              [36m>[39m
                [0mEdit Mode[0m
              [36m</label>[39m
            [36m</div>[39m
            [0mYour Name[0m
            [0m is [0m
            [0m a student[0m
            [0m [0m
          [36m</div>[39m
          [36m<hr />[39m
          [36m<div>[39m
            [36m<h3>[39m
              [0mChange Color[0m
            [36m</h3>[39m
            [36m<form[39m
              [33mdata-testid[39m=[32m"colored-box"[39m
              [33mstyle[39m=[32m"background-color: blue; justify-content: center; display: flex; padding: 20px;"[39m
            [36m>[39m
              [36m<div[39m
                [33mclass[39m=[32m"form-check"[39m
                [33mstyle[39m=[32m"padding: 20px;"[39m
              [36m>[39m
                [36m<input[39m
                  [33mchecked[39m=[32m""[39m
                  [33mclass[39m=[32m"form-check-input"[39m
                  [33mtype[39m=[32m"radio"[39m
                  [33mvalue[39m=[32m"blue"[39m
                [36m/>[39m
                [36m<label[39m
                  [33mclass[39m=[32m"form-check-label"[39m
                  [33mtitle[39m=[32m""[39m
                [36m>[39m
                  [0mblue[0m
                [36m</label>[39m
              [36m</div>[39m
              [36m<div[39m
                [33mclass[39m=[32m"form-check"[39m
                [33mstyle[39m=[32m"padding: 20px;"[39m
              [36m>[39m
                [36m<input[39m
                  [33mclass[39m=[32m"form-check-input"[39m
                  [33mtype[39m=[32m"radio"[39m
                  [33mvalue[39m=[32m"red"[39m
                [36m/>[39m
                [36m<label[39m
                  [33mclass[39m=[32m"form-check-label"[39m
                  [33mtitle[39m=[32m""[39m
                [36m>[39m
                  [0mred[0m
                [36m</label>[39m
              [36m</div>[39m
              [36m<div[39m
                [33mclass[39m=[32m"form-check"[39m
                [33mstyle[39m=[32m"padding: 20px;"[39m
              [36m>[39m
                [36m<input[39m
                  [33mclass[39m=[32m"form-check-input"[39m
                  [33mtype[39m=[32m"radio"[39m
                  [33mvalue[39m=[32m"yellow"[39m
                [36m/>[39m
                [36m<label[39m
                  [33mclass[39m=[32m"form-check-label"[39m
                  [33mtitle[39m=[32m""[39m
                [36m>[39m
                  [0myellow[0m
                [36m</label>[39m
              [36m</div>[39m
              [36m<div[39m
                [33mclass[39m=[32m"form-check"[39m
                [33mstyle[39m=[32m"padding: 20px;"[39m
              [36m>[39m
                [36m<input[39m
                  [33mclass[39m=[32m"form-check-input"[39m
                  [33mtype[39m=[32m"radio"[39m
                  [33mvalue[39m=[32m"green"[39m
                [36m/>[39m
                [36m<label[39m
                  [33mclass[39m=[32m"form-check-label"[39m
                  [33mtitle[39m=[32m""[39m
                [36m>[39m
                  [0mgreen[0m
                [36m</label>[39m
              [36m</div>[39m
              [36m<div[39m
                [33mclass[39m=[32m"form-check"[39m
                [33mstyle[39m=[32m"padding: 20px;"[39m
              [36m>[39m
                [36m<input[39m
                  [33mclass[39m=[32m"form-check-input"[39m
                  [33mtype[39m=[32m"radio"[39m
                  [33mvalue[39m=[32m"orange"[39m
                [36m/>[39m
                [36m<label[39m
                  [33mclass[39m=[32m"form-check-label"[39m
                  [33mtitle[39m=[32m""[39m
                [36m>[39m
                  [0morange[0m
                [36m</label>[39m
              [36m</div>[39m
              [36m<div[39m
                [33mclass[39m=[32m"form-check"[39m
                [33mstyle[39m=[32m"padding: 20px;"[39m
              [36m>[39m
                [36m<input[39m
                  [33mclass[39m=[32m"form-check-input"[39m
                  [33mtype[39m=[32m"radio"[39m
                  [33mvalue[39m=[32m"purple"[39m
                [36m/>[39m
                [36m<label[39m
                  [33mclass[39m=[32m"form-check-label"[39m
                  [33mtitle[39m=[32m""[39m
                [36m>[39m
                  [0mpurple[0m
                [36m</label>[39m
              [36m</div>[39m
              [36m<div[39m
                [33mclass[39m=[32m"form-check"[39m
                [33mstyle[39m=[32m"padding: 20px;"[39m
              [36m>[39m
                [36m<input[39m
                  [33mclass[39m=[32m"form-check-input"[39m
                  [33mtype[39m=[32m"radio"[39m
                  [33mvalue[39m=[32m"pink"[39m
                [36m/>[39m
                [36m<label[39m
                  [33mclass[39m=[32m"form-check-label"[39m
                  [33mtitle[39m=[32m""[39m
                [36m>[39m
                  [0mpink[0m
                [36m</label>[39m
              [36m</div>[39m
              [36m<div[39m
                [33mclass[39m=[32m"form-check"[39m
                [33mstyle[39m=[32m"padding: 20px;"[39m
              [36m>[39m
                [36m<input[39m
                  [33mclass[39m=[32m"form-check-input"[39m
                  [33mtype[39m=[32m"radio"[39m
                  [33mvalue[39m=[32m"gray"[39m
                [36m/>[39m
                [36m<label[39m
                  [33mclass[39m=[32m"form-check-label"[39m
                  [33mtitle[39m=[32m""[39m
                [36m>[39m
                  [0mgray[0m
                [36m</label>[39m
              [36m</div>[39m
            [36m</form>[39m
            [36m<h4>[39m
              [0mYou have choosen[0m
              [0m [0m
              [36m<span[39m
                [33mstyle[39m=[32m"background-color: blue;"[39m
              [36m>[39m
                [0mblue[0m
              [36m</span>[39m
            [36m</h4>[39m
          [36m</div>[39m
          [36m<hr />[39m
          [36m<div>[39m
            [36m<h3>[39m
              [0mMultiple Choice Question[0m
            [36m</h3>[39m
            [36m<div>[39m
              [36m<label[39m
                [33mclass[39m=[32m"form-label"[39m
                [33mfor[39m=[32m"favoriteColors"[39m
              [36m>[39m
                [0mChoose the correct answer[0m
              [36m</label>[39m
              [36m<select[39m
                [33mclass[39m=[32m"form-select"[39m
                [33mid[39m=[32m"favoriteColors"[39m
              [36m>[39m
                [36m<option[39m
                  [33mvalue[39m=[32m"a"[39m
                [36m>[39m
                  [0ma[0m
                [36m</option>[39m
                [36m<option[39m
                  [33mvalue[39m=[32m"b"[39m
                [36m>[39m
                  [0mb[0m
                [36m</option>[39m
                [36m<option[39m
                  [33mvalue[39m=[32m"c"[39m
                [36m>[39m
                  [0mc[0m
                [36m</option>[39m
              [36m</select>[39m
            [36m</div>[39m
            [36m<p>[39m
              [0m❌[0m
            [36m</p>[39m
          [36m</div>[39m
          [36m<hr />[39m
          [36m<div>[39m
            [36m<h3>[39m
              [0mDouble Half[0m
            [36m</h3>[39m
            [36m<div>[39m
              [0mThe current value is: [0m
              [36m<span>[39m
                [0m10[0m
              [36m</span>[39m
            [36m</div>[39m
            [36m<button[39m
              [33mclass[39m=[32m"btn btn-primary"[39m
              [33mtype[39m=[32m"button"[39m
            [36m>[39m
              [0mDouble[0m
            [36m</button>[39m
            [36m<button[39m
              [33mclass[39m=[32m"btn btn-primary"[39m
              [33mtype[39m=[32m"button"[39m
            [36m>[39m
              [0mHalve[0m
            [36m</button>[39m
          [36m</div>[39m
          [36m<hr />[39m
          [36m<div>[39m
            [36m<h3>[39m
              [0mChoose Team[0m
            [36m</h3>[39m
            [36m<div[39m
              [33mclass[39m=[32m"row"[39m
            [36m>[39m
              [36m<div[39m
                [33mclass[39m=[32m"col"[39m
              [36m>[39m
                [36m<div[39m
                  [33mstyle[39m=[32m"margin-bottom: 4px;"[39m
                [36m>[39m
                  [0mAdd[0m
                  [0m [0m
                  [36m<button[39m
                    [33mclass[39m=[32m"btn btn-primary btn-sm"[39m
                    [33mtype[39m=[32m"button"[39m
                  [36m>[39m
                    [0mAlan Turing[0m
                  [36m</button>[39m
                [36m</div>[39m
                [36m<div[39m
                  [33mstyle[39m=[32m"margin-bottom: 4px;"[39m
                [36m>[39m
                  [0mAdd[0m
                  [0m [0m
                  [36m<button[39m
                    [33mclass[39m=[32m"btn btn-primary btn-sm"[39m
                    [33mtype[39m=[32m"button"[39m
                  [36m>[39m
                    [0mGrace Hopper[0m
                  [36m</button>[39m
                [36m</div>[39m
                [36m<div[39m
                  [33mstyle[39m=[32m"margin-bottom: 4px;"[39m
                [36m>[39m
                  [0mAdd[0m
                  [0m [0m
                  [36m<button[39m
                    [33mclass[39m=[32m"btn btn-primary btn-sm"[39m
                    [33mtype[39m=[32m"button"[39m
                  [36m>[39m
                    [0mAda Lovelace[0m
                  [36m</button>[39m
                [36m</div>[39m
                [36m<div[39m
                  [33mstyle[39m=[32m"margin-bottom: 4px;"[39m
                [36m>[39m
                  [0mAdd[0m
                  [0m [0m
                  [36m<button[39m
                    [33mclass[39m=[32m"btn btn-primary btn-sm"[39m
                    [33mtype[39m=[32m"button"[39m
                  [36m>[39m
                    [0mCharles Babbage[0m
                  [36m</button>[39m
                [36m</div>[39m
                [36m<div[39m
                  [33mstyle[39m=[32m"margin-bottom: 4px;"[39m
                [36m>[39m
                  [0mAdd[0m
                  [0m [0m
                  [36m<button[39m
                    [33mclass[39m=[32m"btn btn-primary btn-sm"[39m
                    [33mtype[39m=[32m"button"[39m
                  [36m>[39m
                    [0mBarbara Liskov[0m
                  [36m</button>[39m
                [36m</div>[39m
                [36m<div[39m
                  [33mstyle[39m=[32m"margin-bottom: 4px;"[39m
                [36m>[39m
                  [0mAdd[0m
                  [0m [0m
                  [36m<button[39m
                    [33mclass[39m=[32m"btn btn-primary btn-sm"[39m
                    [33mtype[39m=[32m"button"[39m
                  [36m>[39m
                    [0mMargaret Hamilton[0m
                  [36m</button>[39m
                [36m</div>[39m
              [36m</div>[39m
              [36m<div[39m
                [33mclass[39m=[32m"col"[39m
              [36m>[39m
                [36m<strong>[39m
                  [0mTeam:[0m
                [36m</strong>[39m
                [36m<button[39m
                  [33mclass[39m=[32m"btn btn-primary"[39m
                  [33mtype[39m=[32m"button"[39m
                [36m>[39m
                  [0mClear Team[0m
                [36m</button>[39m
              [36m</div>[39m
            [36m</div>[39m
          [36m</div>[39m
          [36m<hr />[39m
          [36m<div>[39m
            [36m<h3>[39m
              [0mColored Box[0m
            [36m</h3>[39m
            [36m<span>[39m
              [0mThe current color is: [0m
              [0mred[0m
            [36m</span>[39m
            [36m<div>[39m
              [36m<button[39m
                [33mclass[39m=[32m"btn btn-primary"[39m
                [33mtype[39m=[32m"button"[39m
              [36m>[39m
                [0mNext Color[0m
              [36m</button>[39m
              [36m<div[39m
                [33mdata-testid[39m=[32m"colored-box"[39m
                [33mstyle[39m=[32m"width: 50px; height: 50px; background-color: red; display: inline-block; vertical-align: bottom; margin-left: 5px;"[39m
              [36m/>[39m
            [36m</div>[39m
          [36m</div>[39m
          [36m<hr />[39m
          [36m<div>[39m
            [36m<span>[39m
              [0mShove Box[0m
            [36m</span>[39m
            [36m<span>[39m
              [0mThe box is at: [0m
              [0m10[0m
            [36m</span>[39m
            [36m<div>[39m
              [36m<button[39m
                [33mclass[39m=[32m"btn btn-primary"[39m
                [33mtype[39m=[32m"button"[39m
              [36m>[39m
                [0mShove the Box[0m
              [36m</button>[39m
              [36m<div[39m
                [33mdata-testid[39m=[32m"moveable-box"[39m
                [33mstyle[39m=[32m"width: 50px; height: 50px; background-color: lightblue; border: 1px solid blue; display: inline-block; vertical-align: bottom; margin-left: 10px;"[39m
              [36m/>[39m
            [36m</div>[39m
          [36m</div>[39m
          [36m<hr />[39m
          [36m<span>[39m
            [36m<button[39m
              [33mclass[39m=[32m"btn btn-primary"[39m
              [33mtype[39m=[32m"button"[39m
            [36m>[39m
              [0mAdd One[0m
            [36m</button>[39m
            [0mto [0m
            [0m0[0m
            [0m.[0m
          [36m</span>[39m
          [36m<hr />[39m
          [36m<div>[39m
            [36m<button[39m
              [33mclass[39m=[32m"btn btn-primary"[39m
              [33mtype[39m=[32m"button"[39m
            [36m>[39m
              [0mReveal Answer[0m
            [36m</button>[39m
            [36m<hr />[39m
          [36m</div>[39m
          [36m<hr />[39m
          [36m<div>[39m
            [0mCurrent Attempt: [0m
            [36m<span>[39m
              [0m4[0m
            [36m</span>[39m
            [36m<button[39m
              [33mclass[39m=[32m"btn btn-primary"[39m
              [33mtype[39m=[32m"button"[39m
            [36m>[39m
              [0mMulligan[0m
            [36m</button>[39m
            [36m<div>[39m
              [36m<button[39m
                [33mclass[39m=[32m"btn btn-primary"[39m
                [33mtype[39m=[32m"button"[39m
              [36m>[39m
                [0mStart Quiz[0m
              [36m</button>[39m
            [36m</div>[39m
            [36m<div>[39m
              [36m<button[39m
                [33mclass[39m=[32m"btn btn-primary"[39m
                [33mdisabled[39m=[32m""[39m
                [33mtype[39m=[32m"button"[39m
              [36m>[39m
                [0mStop Quiz[0m
              [36m</button>[39m
            [36m</div>[39m
          [36m</div>[39m
          [36m<hr />[39m
          [36m<div>[39m
            [36m<span[39m
              [33mdata-testid[39m=[32m"left-die"[39m
            [36m>[39m
              [0m0[0m
            [36m</span>[39m
            [36m<button[39m
              [33mclass[39m=[32m"btn btn-primary"[39m
              [33mtype[39m=[32m"button"[39m
            [36m>[39m
              [0mRoll Left[0m
            [36m</button>[39m
            [36m<button[39m
              [33mclass[39m=[32m"btn btn-primary"[39m
              [33mtype[39m=[32m"button"[39m
            [36m>[39m
              [0mRoll Right[0m
            [36m</button>[39m
            [36m<span[39m
              [33mdata-testid[39m=[32m"right-die"[39m
            [36m>[39m
              [0m1[0m
            [36m</span>[39m
          [36m</div>[39m
          [36m<hr />[39m
          [36m<div>[39m
            [36m<button[39m
              [33mclass[39m=[32m"btn btn-primary"[39m
              [33mtype[39m=[32m"button"[39m
            [36m>[39m
              [0mChange Type[0m
            [36m</button>[39m
            [36m<div>[39m
              [0mShort Answer[0m
            [36m</div>[39m
          [36m</div>[39m
          [36m<hr />[39m
          [36m<div>[39m
            [36m<button[39m
              [33mclass[39m=[32m"btn btn-primary"[39m
              [33mtype[39m=[32m"button"[39m
            [36m>[39m
              [0mAdvance by Alphabet[0m
            [36m</button>[39m
            [36m<button[39m
              [33mclass[39m=[32m"btn btn-primary"[39m
              [33mtype[39m=[32m"button"[39m
            [36m>[39m
              [0mAdvance by Year[0m
            [36m</button>[39m
            [36m<hr />[39m
            [36m<span>[39m
              [0mHoliday: [0m
              [0m��[0m
            [36m</span>[39m
          [36m</div>[39m
        [36m</div>[39m
      [36m</div>[39m
    [36m</body>[39m

      13 |     test("There is an image with alt text", () => {
      14 |         render(<App />);
    > 15 |         const image = screen.getByRole("img");
         |                              ^
      16 |         expect(image).toBeInTheDocument();
      17 |         expect(image).toHaveAttribute("alt");
      18 |     });

      at Object.getElementError (node_modules/@testing-library/dom/dist/config.js:38:19)
      at node_modules/@testing-library/dom/dist/query-helpers.js:90:38
      at node_modules/@testing-library/dom/dist/query-helpers.js:62:17
      at getByRole (node_modules/@testing-library/dom/dist/query-helpers.js:111:19)
      at Object.<anonymous> (src/HtmlCss.test.tsx:15:30)

  ● Some HTML Elements are added. › There is a list with at least three elements

    TestingLibraryElementError: Unable to find an accessible element with the role "list"

    Here are the accessible roles:

      banner:

      Name "":
      [36m<header[39m
        [33mclass[39m=[32m"App-header"[39m
      [36m/>[39m

      --------------------------------------------------
      separator:

      Name "":
      [36m<hr />[39m

      Name "":
      [36m<hr />[39m

      Name "":
      [36m<hr />[39m

      Name "":
      [36m<hr />[39m

      Name "":
      [36m<hr />[39m

      Name "":
      [36m<hr />[39m

      Name "":
      [36m<hr />[39m

      Name "":
      [36m<hr />[39m

      Name "":
      [36m<hr />[39m

      Name "":
      [36m<hr />[39m

      Name "":
      [36m<hr />[39m

      Name "":
      [36m<hr />[39m

      Name "":
      [36m<hr />[39m

      Name "":
      [36m<hr />[39m

      Name "":
      [36m<hr />[39m

      Name "":
      [36m<hr />[39m

      Name "":
      [36m<hr />[39m

      --------------------------------------------------
      heading:

      Name "Check Answer":
      [36m<h3 />[39m

      Name "Give Attempts":
      [36m<h3 />[39m

      Name "Edit Mode":
      [36m<h3 />[39m

      Name "Change Color":
      [36m<h3 />[39m

      Name "You have choosen blue":
      [36m<h4 />[39m

      Name "Multiple Choice Question":
      [36m<h3 />[39m

      Name "Double Half":
      [36m<h3 />[39m

      Name "Choose Team":
      [36m<h3 />[39m

      Name "Colored Box":
      [36m<h3 />[39m

      --------------------------------------------------
      textbox:

      Name "Enter Answer: Check Answer":
      [36m<input[39m
        [33mtype[39m=[32m"text"[39m
      [36m/>[39m

      --------------------------------------------------
      button:

      Name "Check Answer":
      [36m<button[39m
        [33mtype[39m=[32m"button"[39m
      [36m/>[39m

      Name "use":
      [36m<button />[39m

      Name "gain":
      [36m<button[39m
        [33mtype[39m=[32m"submit"[39m
      [36m/>[39m

      Name "Double":
      [36m<button[39m
        [33mclass[39m=[32m"btn btn-primary"[39m
        [33mtype[39m=[32m"button"[39m
      [36m/>[39m

      Name "Halve":
      [36m<button[39m
        [33mclass[39m=[32m"btn btn-primary"[39m
        [33mtype[39m=[32m"button"[39m
      [36m/>[39m

      Name "Alan Turing":
      [36m<button[39m
        [33mclass[39m=[32m"btn btn-primary btn-sm"[39m
        [33mtype[39m=[32m"button"[39m
      [36m/>[39m

      Name "Grace Hopper":
      [36m<button[39m
        [33mclass[39m=[32m"btn btn-primary btn-sm"[39m
        [33mtype[39m=[32m"button"[39m
      [36m/>[39m

      Name "Ada Lovelace":
      [36m<button[39m
        [33mclass[39m=[32m"btn btn-primary btn-sm"[39m
        [33mtype[39m=[32m"button"[39m
      [36m/>[39m

      Name "Charles Babbage":
      [36m<button[39m
        [33mclass[39m=[32m"btn btn-primary btn-sm"[39m
        [33mtype[39m=[32m"button"[39m
      [36m/>[39m

      Name "Barbara Liskov":
      [36m<button[39m
        [33mclass[39m=[32m"btn btn-primary btn-sm"[39m
        [33mtype[39m=[32m"button"[39m
      [36m/>[39m

      Name "Margaret Hamilton":
      [36m<button[39m
        [33mclass[39m=[32m"btn btn-primary btn-sm"[39m
        [33mtype[39m=[32m"button"[39m
      [36m/>[39m

      Name "Clear Team":
      [36m<button[39m
        [33mclass[39m=[32m"btn btn-primary"[39m
        [33mtype[39m=[32m"button"[39m
      [36m/>[39m

      Name "Next Color":
      [36m<button[39m
        [33mclass[39m=[32m"btn btn-primary"[39m
        [33mtype[39m=[32m"button"[39m
      [36m/>[39m

      Name "Shove the Box":
      [36m<button[39m
        [33mclass[39m=[32m"btn btn-primary"[39m
        [33mtype[39m=[32m"button"[39m
      [36m/>[39m

      Name "Add One":
      [36m<button[39m
        [33mclass[39m=[32m"btn btn-primary"[39m
        [33mtype[39m=[32m"button"[39m
      [36m/>[39m

      Name "Reveal Answer":
      [36m<button[39m
        [33mclass[39m=[32m"btn btn-primary"[39m
        [33mtype[39m=[32m"button"[39m
      [36m/>[39m

      Name "Mulligan":
      [36m<button[39m
        [33mclass[39m=[32m"btn btn-primary"[39m
        [33mtype[39m=[32m"button"[39m
      [36m/>[39m

      Name "Start Quiz":
      [36m<button[39m
        [33mclass[39m=[32m"btn btn-primary"[39m
        [33mtype[39m=[32m"button"[39m
      [36m/>[39m

      Name "Stop Quiz":
      [36m<button[39m
        [33mclass[39m=[32m"btn btn-primary"[39m
        [33mdisabled[39m=[32m""[39m
        [33mtype[39m=[32m"button"[39m
      [36m/>[39m

      Name "Roll Left":
      [36m<button[39m
        [33mclass[39m=[32m"btn btn-primary"[39m
        [33mtype[39m=[32m"button"[39m
      [36m/>[39m

      Name "Roll Right":
      [36m<button[39m
        [33mclass[39m=[32m"btn btn-primary"[39m
        [33mtype[39m=[32m"button"[39m
      [36m/>[39m

      Name "Change Type":
      [36m<button[39m
        [33mclass[39m=[32m"btn btn-primary"[39m
        [33mtype[39m=[32m"button"[39m
      [36m/>[39m

      Name "Advance by Alphabet":
      [36m<button[39m
        [33mclass[39m=[32m"btn btn-primary"[39m
        [33mtype[39m=[32m"button"[39m
      [36m/>[39m

      Name "Advance by Year":
      [36m<button[39m
        [33mclass[39m=[32m"btn btn-primary"[39m
        [33mtype[39m=[32m"button"[39m
      [36m/>[39m

      --------------------------------------------------
      spinbutton:

      Name "":
      [36m<input[39m
        [33mplaceholder[39m=[32m"Enter a number"[39m
        [33mtype[39m=[32m"number"[39m
      [36m/>[39m

      --------------------------------------------------
      checkbox:

      Name "Edit Mode":
      [36m<input[39m
        [33mclass[39m=[32m"form-check-input"[39m
        [33mid[39m=[32m"in-edit"[39m
        [33mtype[39m=[32m"checkbox"[39m
      [36m/>[39m

      --------------------------------------------------
      radio:

      Name "":
      [36m<input[39m
        [33mchecked[39m=[32m""[39m
        [33mclass[39m=[32m"form-check-input"[39m
        [33mtype[39m=[32m"radio"[39m
        [33mvalue[39m=[32m"blue"[39m
      [36m/>[39m

      Name "":
      [36m<input[39m
        [33mclass[39m=[32m"form-check-input"[39m
        [33mtype[39m=[32m"radio"[39m
        [33mvalue[39m=[32m"red"[39m
      [36m/>[39m

      Name "":
      [36m<input[39m
        [33mclass[39m=[32m"form-check-input"[39m
        [33mtype[39m=[32m"radio"[39m
        [33mvalue[39m=[32m"yellow"[39m
      [36m/>[39m

      Name "":
      [36m<input[39m
        [33mclass[39m=[32m"form-check-input"[39m
        [33mtype[39m=[32m"radio"[39m
        [33mvalue[39m=[32m"green"[39m
      [36m/>[39m

      Name "":
      [36m<input[39m
        [33mclass[39m=[32m"form-check-input"[39m
        [33mtype[39m=[32m"radio"[39m
        [33mvalue[39m=[32m"orange"[39m
      [36m/>[39m

      Name "":
      [36m<input[39m
        [33mclass[39m=[32m"form-check-input"[39m
        [33mtype[39m=[32m"radio"[39m
        [33mvalue[39m=[32m"purple"[39m
      [36m/>[39m

      Name "":
      [36m<input[39m
        [33mclass[39m=[32m"form-check-input"[39m
        [33mtype[39m=[32m"radio"[39m
        [33mvalue[39m=[32m"pink"[39m
      [36m/>[39m

      Name "":
      [36m<input[39m
        [33mclass[39m=[32m"form-check-input"[39m
        [33mtype[39m=[32m"radio"[39m
        [33mvalue[39m=[32m"gray"[39m
      [36m/>[39m

      --------------------------------------------------
      combobox:

      Name "Choose the correct answer":
      [36m<select[39m
        [33mclass[39m=[32m"form-select"[39m
        [33mid[39m=[32m"favoriteColors"[39m
      [36m/>[39m

      --------------------------------------------------
      option:

      Name "a":
      [36m<option[39m
        [33mvalue[39m=[32m"a"[39m
      [36m/>[39m

      Name "b":
      [36m<option[39m
        [33mvalue[39m=[32m"b"[39m
      [36m/>[39m

      Name "c":
      [36m<option[39m
        [33mvalue[39m=[32m"c"[39m
      [36m/>[39m

      --------------------------------------------------

    Ignored nodes: comments, <script />, <style />
    [36m<body>[39m
      [36m<div>[39m
        [36m<div[39m
          [33mclass[39m=[32m"App"[39m
        [36m>[39m
          [36m<header[39m
            [33mclass[39m=[32m"App-header"[39m
          [36m>[39m
            [0mUD CISC275 with React Hooks and TypeScript[0m
          [36m</header>[39m
          [36m<p>[39m
            [0mHello World[0m
          [36m</p>[39m
          [36m<hr />[39m
          [36m<div>[39m
            [36m<h3>[39m
              [0mCheck Answer[0m
            [36m</h3>[39m
            [36m<form>[39m
              [36m<label>[39m
                [0mEnter Answer:[0m
                [36m<input[39m
                  [33mtype[39m=[32m"text"[39m
                [36m/>[39m
                [36m<button[39m
                  [33mtype[39m=[32m"button"[39m
                [36m>[39m
                  [0mCheck Answer[0m
                [36m</button>[39m
              [36m</label>[39m
              [36m<div>[39m
                [36m<p>[39m
                  [0m❌[0m
                [36m</p>[39m
              [36m</div>[39m
            [36m</form>[39m
          [36m</div>[39m
          [36m<hr />[39m
          [36m<div>[39m
            [36m<h3>[39m
              [0mGive Attempts[0m
            [36m</h3>[39m
            [36m<button>[39m
              [0muse[0m
            [36m</button>[39m
            [36m<form>[39m
              [36m<input[39m
                [33mplaceholder[39m=[32m"Enter a number"[39m
                [33mtype[39m=[32m"number"[39m
              [36m/>[39m
              [36m<button[39m
                [33mtype[39m=[32m"submit"[39m
              [36m>[39m
                [0mgain[0m
              [36m</button>[39m
            [36m</form>[39m
            [36m<p>[39m
              [0mAttempts Left: [0m
              [0m3[0m
            [36m</p>[39m
          [36m</div>[39m
          [36m<hr />[39m
          [36m<div>[39m
            [36m<h3>[39m
              [0mEdit Mode[0m
            [36m</h3>[39m
            [36m<div[39m
              [33mclass[39m=[32m"form-check form-switch"[39m
            [36m>[39m
              [36m<input[39m
                [33mclass[39m=[32m"form-check-input"[39m
                [33mid[39m=[32m"in-edit"[39m
                [33mtype[39m=[32m"checkbox"[39m
              [36m/>[39m
              [36m<label[39m
                [33mclass[39m=[32m"form-check-label"[39m
                [33mfor[39m=[32m"in-edit"[39m
                [33mtitle[39m=[32m""[39m
              [36m>[39m
                [0mEdit Mode[0m
              [36m</label>[39m
            [36m</div>[39m
            [0mYour Name[0m
            [0m is [0m
            [0m a student[0m
            [0m [0m
          [36m</div>[39m
          [36m<hr />[39m
          [36m<div>[39m
            [36m<h3>[39m
              [0mChange Color[0m
            [36m</h3>[39m
            [36m<form[39m
              [33mdata-testid[39m=[32m"colored-box"[39m
              [33mstyle[39m=[32m"background-color: blue; justify-content: center; display: flex; padding: 20px;"[39m
            [36m>[39m
              [36m<div[39m
                [33mclass[39m=[32m"form-check"[39m
                [33mstyle[39m=[32m"padding: 20px;"[39m
              [36m>[39m
                [36m<input[39m
                  [33mchecked[39m=[32m""[39m
                  [33mclass[39m=[32m"form-check-input"[39m
                  [33mtype[39m=[32m"radio"[39m
                  [33mvalue[39m=[32m"blue"[39m
                [36m/>[39m
                [36m<label[39m
                  [33mclass[39m=[32m"form-check-label"[39m
                  [33mtitle[39m=[32m""[39m
                [36m>[39m
                  [0mblue[0m
                [36m</label>[39m
              [36m</div>[39m
              [36m<div[39m
                [33mclass[39m=[32m"form-check"[39m
                [33mstyle[39m=[32m"padding: 20px;"[39m
              [36m>[39m
                [36m<input[39m
                  [33mclass[39m=[32m"form-check-input"[39m
                  [33mtype[39m=[32m"radio"[39m
                  [33mvalue[39m=[32m"red"[39m
                [36m/>[39m
                [36m<label[39m
                  [33mclass[39m=[32m"form-check-label"[39m
                  [33mtitle[39m=[32m""[39m
                [36m>[39m
                  [0mred[0m
                [36m</label>[39m
              [36m</div>[39m
              [36m<div[39m
                [33mclass[39m=[32m"form-check"[39m
                [33mstyle[39m=[32m"padding: 20px;"[39m
              [36m>[39m
                [36m<input[39m
                  [33mclass[39m=[32m"form-check-input"[39m
                  [33mtype[39m=[32m"radio"[39m
                  [33mvalue[39m=[32m"yellow"[39m
                [36m/>[39m
                [36m<label[39m
                  [33mclass[39m=[32m"form-check-label"[39m
                  [33mtitle[39m=[32m""[39m
                [36m>[39m
                  [0myellow[0m
                [36m</label>[39m
              [36m</div>[39m
              [36m<div[39m
                [33mclass[39m=[32m"form-check"[39m
                [33mstyle[39m=[32m"padding: 20px;"[39m
              [36m>[39m
                [36m<input[39m
                  [33mclass[39m=[32m"form-check-input"[39m
                  [33mtype[39m=[32m"radio"[39m
                  [33mvalue[39m=[32m"green"[39m
                [36m/>[39m
                [36m<label[39m
                  [33mclass[39m=[32m"form-check-label"[39m
                  [33mtitle[39m=[32m""[39m
                [36m>[39m
                  [0mgreen[0m
                [36m</label>[39m
              [36m</div>[39m
              [36m<div[39m
                [33mclass[39m=[32m"form-check"[39m
                [33mstyle[39m=[32m"padding: 20px;"[39m
              [36m>[39m
                [36m<input[39m
                  [33mclass[39m=[32m"form-check-input"[39m
                  [33mtype[39m=[32m"radio"[39m
                  [33mvalue[39m=[32m"orange"[39m
                [36m/>[39m
                [36m<label[39m
                  [33mclass[39m=[32m"form-check-label"[39m
                  [33mtitle[39m=[32m""[39m
                [36m>[39m
                  [0morange[0m
                [36m</label>[39m
              [36m</div>[39m
              [36m<div[39m
                [33mclass[39m=[32m"form-check"[39m
                [33mstyle[39m=[32m"padding: 20px;"[39m
              [36m>[39m
                [36m<input[39m
                  [33mclass[39m=[32m"form-check-input"[39m
                  [33mtype[39m=[32m"radio"[39m
                  [33mvalue[39m=[32m"purple"[39m
                [36m/>[39m
                [36m<label[39m
                  [33mclass[39m=[32m"form-check-label"[39m
                  [33mtitle[39m=[32m""[39m
                [36m>[39m
                  [0mpurple[0m
                [36m</label>[39m
              [36m</div>[39m
              [36m<div[39m
                [33mclass[39m=[32m"form-check"[39m
                [33mstyle[39m=[32m"padding: 20px;"[39m
              [36m>[39m
                [36m<input[39m
                  [33mclass[39m=[32m"form-check-input"[39m
                  [33mtype[39m=[32m"radio"[39m
                  [33mvalue[39m=[32m"pink"[39m
                [36m/>[39m
                [36m<label[39m
                  [33mclass[39m=[32m"form-check-label"[39m
                  [33mtitle[39m=[32m""[39m
                [36m>[39m
                  [0mpink[0m
                [36m</label>[39m
              [36m</div>[39m
              [36m<div[39m
                [33mclass[39m=[32m"form-check"[39m
                [33mstyle[39m=[32m"padding: 20px;"[39m
              [36m>[39m
                [36m<input[39m
                  [33mclass[39m=[32m"form-check-input"[39m
                  [33mtype[39m=[32m"radio"[39m
                  [33mvalue[39m=[32m"gray"[39m
                [36m/>[39m
                [36m<label[39m
                  [33mclass[39m=[32m"form-check-label"[39m
                  [33mtitle[39m=[32m""[39m
                [36m>[39m
                  [0mgray[0m
                [36m</label>[39m
              [36m</div>[39m
            [36m</form>[39m
            [36m<h4>[39m
              [0mYou have choosen[0m
              [0m [0m
              [36m<span[39m
                [33mstyle[39m=[32m"background-color: blue;"[39m
              [36m>[39m
                [0mblue[0m
              [36m</span>[39m
            [36m</h4>[39m
          [36m</div>[39m
          [36m<hr />[39m
          [36m<div>[39m
            [36m<h3>[39m
              [0mMultiple Choice Question[0m
            [36m</h3>[39m
            [36m<div>[39m
              [36m<label[39m
                [33mclass[39m=[32m"form-label"[39m
                [33mfor[39m=[32m"favoriteColors"[39m
              [36m>[39m
                [0mChoose the correct answer[0m
              [36m</label>[39m
              [36m<select[39m
                [33mclass[39m=[32m"form-select"[39m
                [33mid[39m=[32m"favoriteColors"[39m
              [36m>[39m
                [36m<option[39m
                  [33mvalue[39m=[32m"a"[39m
                [36m>[39m
                  [0ma[0m
                [36m</option>[39m
                [36m<option[39m
                  [33mvalue[39m=[32m"b"[39m
                [36m>[39m
                  [0mb[0m
                [36m</option>[39m
                [36m<option[39m
                  [33mvalue[39m=[32m"c"[39m
                [36m>[39m
                  [0mc[0m
                [36m</option>[39m
              [36m</select>[39m
            [36m</div>[39m
            [36m<p>[39m
              [0m❌[0m
            [36m</p>[39m
          [36m</div>[39m
          [36m<hr />[39m
          [36m<div>[39m
            [36m<h3>[39m
              [0mDouble Half[0m
            [36m</h3>[39m
            [36m<div>[39m
              [0mThe current value is: [0m
              [36m<span>[39m
                [0m10[0m
              [36m</span>[39m
            [36m</div>[39m
            [36m<button[39m
              [33mclass[39m=[32m"btn btn-primary"[39m
              [33mtype[39m=[32m"button"[39m
            [36m>[39m
              [0mDouble[0m
            [36m</button>[39m
            [36m<button[39m
              [33mclass[39m=[32m"btn btn-primary"[39m
              [33mtype[39m=[32m"button"[39m
            [36m>[39m
              [0mHalve[0m
            [36m</button>[39m
          [36m</div>[39m
          [36m<hr />[39m
          [36m<div>[39m
            [36m<h3>[39m
              [0mChoose Team[0m
            [36m</h3>[39m
            [36m<div[39m
              [33mclass[39m=[32m"row"[39m
            [36m>[39m
              [36m<div[39m
                [33mclass[39m=[32m"col"[39m
              [36m>[39m
                [36m<div[39m
                  [33mstyle[39m=[32m"margin-bottom: 4px;"[39m
                [36m>[39m
                  [0mAdd[0m
                  [0m [0m
                  [36m<button[39m
                    [33mclass[39m=[32m"btn btn-primary btn-sm"[39m
                    [33mtype[39m=[32m"button"[39m
                  [36m>[39m
                    [0mAlan Turing[0m
                  [36m</button>[39m
                [36m</div>[39m
                [36m<div[39m
                  [33mstyle[39m=[32m"margin-bottom: 4px;"[39m
                [36m>[39m
                  [0mAdd[0m
                  [0m [0m
                  [36m<button[39m
                    [33mclass[39m=[32m"btn btn-primary btn-sm"[39m
                    [33mtype[39m=[32m"button"[39m
                  [36m>[39m
                    [0mGrace Hopper[0m
                  [36m</button>[39m
                [36m</div>[39m
                [36m<div[39m
                  [33mstyle[39m=[32m"margin-bottom: 4px;"[39m
                [36m>[39m
                  [0mAdd[0m
                  [0m [0m
                  [36m<button[39m
                    [33mclass[39m=[32m"btn btn-primary btn-sm"[39m
                    [33mtype[39m=[32m"button"[39m
                  [36m>[39m
                    [0mAda Lovelace[0m
                  [36m</button>[39m
                [36m</div>[39m
                [36m<div[39m
                  [33mstyle[39m=[32m"margin-bottom: 4px;"[39m
                [36m>[39m
                  [0mAdd[0m
                  [0m [0m
                  [36m<button[39m
                    [33mclass[39m=[32m"btn btn-primary btn-sm"[39m
                    [33mtype[39m=[32m"button"[39m
                  [36m>[39m
                    [0mCharles Babbage[0m
                  [36m</button>[39m
                [36m</div>[39m
                [36m<div[39m
                  [33mstyle[39m=[32m"margin-bottom: 4px;"[39m
                [36m>[39m
                  [0mAdd[0m
                  [0m [0m
                  [36m<button[39m
                    [33mclass[39m=[32m"btn btn-primary btn-sm"[39m
                    [33mtype[39m=[32m"button"[39m
                  [36m>[39m
                    [0mBarbara Liskov[0m
                  [36m</button>[39m
                [36m</div>[39m
                [36m<div[39m
                  [33mstyle[39m=[32m"margin-bottom: 4px;"[39m
                [36m>[39m
                  [0mAdd[0m
                  [0m [0m
                  [36m<button[39m
                    [33mclass[39m=[32m"btn btn-primary btn-sm"[39m
                    [33mtype[39m=[32m"button"[39m
                  [36m>[39m
                    [0mMargaret Hamilton[0m
                  [36m</button>[39m
                [36m</div>[39m
              [36m</div>[39m
              [36m<div[39m
                [33mclass[39m=[32m"col"[39m
              [36m>[39m
                [36m<strong>[39m
                  [0mTeam:[0m
                [36m</strong>[39m
                [36m<button[39m
                  [33mclass[39m=[32m"btn btn-primary"[39m
                  [33mtype[39m=[32m"button"[39m
                [36m>[39m
                  [0mClear Team[0m
                [36m</button>[39m
              [36m</div>[39m
            [36m</div>[39m
          [36m</div>[39m
          [36m<hr />[39m
          [36m<div>[39m
            [36m<h3>[39m
              [0mColored Box[0m
            [36m</h3>[39m
            [36m<span>[39m
              [0mThe current color is: [0m
              [0mred[0m
            [36m</span>[39m
            [36m<div>[39m
              [36m<button[39m
                [33mclass[39m=[32m"btn btn-primary"[39m
                [33mtype[39m=[32m"button"[39m
              [36m>[39m
                [0mNext Color[0m
              [36m</button>[39m
              [36m<div[39m
                [33mdata-testid[39m=[32m"colored-box"[39m
                [33mstyle[39m=[32m"width: 50px; height: 50px; background-color: red; display: inline-block; vertical-align: bottom; margin-left: 5px;"[39m
              [36m/>[39m
            [36m</div>[39m
          [36m</div>[39m
          [36m<hr />[39m
          [36m<div>[39m
            [36m<span>[39m
              [0mShove Box[0m
            [36m</span>[39m
            [36m<span>[39m
              [0mThe box is at: [0m
              [0m10[0m
            [36m</span>[39m
            [36m<div>[39m
              [36m<button[39m
                [33mclass[39m=[32m"btn btn-primary"[39m
                [33mtype[39m=[32m"button"[39m
              [36m>[39m
                [0mShove the Box[0m
              [36m</button>[39m
              [36m<div[39m
                [33mdata-testid[39m=[32m"moveable-box"[39m
                [33mstyle[39m=[32m"width: 50px; height: 50px; background-color: lightblue; border: 1px solid blue; display: inline-block; vertical-align: bottom; margin-left: 10px;"[39m
              [36m/>[39m
            [36m</div>[39m
          [36m</div>[39m
          [36m<hr />[39m
          [36m<span>[39m
            [36m<button[39m
              [33mclass[39m=[32m"btn btn-primary"[39m
              [33mtype[39m=[32m"button"[39m
            [36m>[39m
              [0mAdd One[0m
            [36m</button>[39m
            [0mto [0m
            [0m0[0m
            [0m.[0m
          [36m</span>[39m
          [36m<hr />[39m
          [36m<div>[39m
            [36m<button[39m
              [33mclass[39m=[32m"btn btn-primary"[39m
              [33mtype[39m=[32m"button"[39m
            [36m>[39m
              [0mReveal Answer[0m
            [36m</button>[39m
            [36m<hr />[39m
          [36m</div>[39m
          [36m<hr />[39m
          [36m<div>[39m
            [0mCurrent Attempt: [0m
            [36m<span>[39m
              [0m4[0m
            [36m</span>[39m
            [36m<button[39m
              [33mclass[39m=[32m"btn btn-primary"[39m
              [33mtype[39m=[32m"button"[39m
            [36m>[39m
              [0mMulligan[0m
            [36m</button>[39m
            [36m<div>[39m
              [36m<button[39m
                [33mclass[39m=[32m"btn btn-primary"[39m
                [33mtype[39m=[32m"button"[39m
              [36m>[39m
                [0mStart Quiz[0m
              [36m</button>[39m
            [36m</div>[39m
            [36m<div>[39m
              [36m<button[39m
                [33mclass[39m=[32m"btn btn-primary"[39m
                [33mdisabled[39m=[32m""[39m
                [33mtype[39m=[32m"button"[39m
              [36m>[39m
                [0mStop Quiz[0m
              [36m</button>[39m
            [36m</div>[39m
          [36m</div>[39m
          [36m<hr />[39m
          [36m<div>[39m
            [36m<span[39m
              [33mdata-testid[39m=[32m"left-die"[39m
            [36m>[39m
              [0m0[0m
            [36m</span>[39m
            [36m<button[39m
              [33mclass[39m=[32m"btn btn-primary"[39m
              [33mtype[39m=[32m"button"[39m
            [36m>[39m
              [0mRoll Left[0m
            [36m</button>[39m
            [36m<button[39m
              [33mclass[39m=[32m"btn btn-primary"[39m
              [33mtype[39m=[32m"button"[39m
            [36m>[39m
              [0mRoll Right[0m
            [36m</button>[39m
            [36m<span[39m
              [33mdata-testid[39m=[32m"right-die"[39m
            [36m>[39m
              [0m1[0m
            [36m</span>[39m
          [36m</div>[39m
          [36m<hr />[39m
          [36m<div>[39m
            [36m<button[39m
              [33mclass[39m=[32m"btn btn-primary"[39m
              [33mtype[39m=[32m"button"[39m
            [36m>[39m
              [0mChange Type[0m
            [36m</button>[39m
            [36m<div>[39m
              [0mShort Answer[0m
            [36m</div>[39m
          [36m</div>[39m
          [36m<hr />[39m
          [36m<div>[39m
            [36m<button[39m
              [33mclass[39m=[32m"btn btn-primary"[39m
              [33mtype[39m=[32m"button"[39m
            [36m>[39m
              [0mAdvance by Alphabet[0m
            [36m</button>[39m
            [36m<button[39m
              [33mclass[39m=[32m"btn btn-primary"[39m
              [33mtype[39m=[32m"button"[39m
            [36m>[39m
              [0mAdvance by Year[0m
            [36m</button>[39m
            [36m<hr />[39m
            [36m<span>[39m
              [0mHoliday: [0m
              [0m��[0m
            [36m</span>[39m
          [36m</div>[39m
        [36m</div>[39m
      [36m</div>[39m
    [36m</body>[39m

      20 |     test("There is a list with at least three elements", () => {
      21 |         render(<App />);
    > 22 |         const list = screen.getByRole("list");
         |                             ^
      23 |         expect(list).toBeInTheDocument();
      24 |         expect(list.children.length).toBeGreaterThanOrEqual(3);
      25 |     });

      at Object.getElementError (node_modules/@testing-library/dom/dist/config.js:38:19)
      at node_modules/@testing-library/dom/dist/query-helpers.js:90:38
      at node_modules/@testing-library/dom/dist/query-helpers.js:62:17
      at getByRole (node_modules/@testing-library/dom/dist/query-helpers.js:111:19)
      at Object.<anonymous> (src/HtmlCss.test.tsx:22:29)

  ● Some Bootstrap Elements are added › There is one bootstrap button with the text 'Log Hello World'

    TestingLibraryElementError: Unable to find an accessible element with the role "button" and name `/Log Hello World/i`

    Here are the accessible roles:

      banner:

      Name "":
      [36m<header[39m
        [33mclass[39m=[32m"App-header"[39m
      [36m/>[39m

      --------------------------------------------------
      separator:

      Name "":
      [36m<hr />[39m

      Name "":
      [36m<hr />[39m

      Name "":
      [36m<hr />[39m

      Name "":
      [36m<hr />[39m

      Name "":
      [36m<hr />[39m

      Name "":
      [36m<hr />[39m

      Name "":
      [36m<hr />[39m

      Name "":
      [36m<hr />[39m

      Name "":
      [36m<hr />[39m

      Name "":
      [36m<hr />[39m

      Name "":
      [36m<hr />[39m

      Name "":
      [36m<hr />[39m

      Name "":
      [36m<hr />[39m

      Name "":
      [36m<hr />[39m

      Name "":
      [36m<hr />[39m

      Name "":
      [36m<hr />[39m

      Name "":
      [36m<hr />[39m

      --------------------------------------------------
      heading:

      Name "Check Answer":
      [36m<h3 />[39m

      Name "Give Attempts":
      [36m<h3 />[39m

      Name "Edit Mode":
      [36m<h3 />[39m

      Name "Change Color":
      [36m<h3 />[39m

      Name "You have choosen blue":
      [36m<h4 />[39m

      Name "Multiple Choice Question":
      [36m<h3 />[39m

      Name "Double Half":
      [36m<h3 />[39m

      Name "Choose Team":
      [36m<h3 />[39m

      Name "Colored Box":
      [36m<h3 />[39m

      --------------------------------------------------
      textbox:

      Name "Enter Answer: Check Answer":
      [36m<input[39m
        [33mtype[39m=[32m"text"[39m
      [36m/>[39m

      --------------------------------------------------
      button:

      Name "Check Answer":
      [36m<button[39m
        [33mtype[39m=[32m"button"[39m
      [36m/>[39m

      Name "use":
      [36m<button />[39m

      Name "gain":
      [36m<button[39m
        [33mtype[39m=[32m"submit"[39m
      [36m/>[39m

      Name "Double":
      [36m<button[39m
        [33mclass[39m=[32m"btn btn-primary"[39m
        [33mtype[39m=[32m"button"[39m
      [36m/>[39m

      Name "Halve":
      [36m<button[39m
        [33mclass[39m=[32m"btn btn-primary"[39m
        [33mtype[39m=[32m"button"[39m
      [36m/>[39m

      Name "Alan Turing":
      [36m<button[39m
        [33mclass[39m=[32m"btn btn-primary btn-sm"[39m
        [33mtype[39m=[32m"button"[39m
      [36m/>[39m

      Name "Grace Hopper":
      [36m<button[39m
        [33mclass[39m=[32m"btn btn-primary btn-sm"[39m
        [33mtype[39m=[32m"button"[39m
      [36m/>[39m

      Name "Ada Lovelace":
      [36m<button[39m
        [33mclass[39m=[32m"btn btn-primary btn-sm"[39m
        [33mtype[39m=[32m"button"[39m
      [36m/>[39m

      Name "Charles Babbage":
      [36m<button[39m
        [33mclass[39m=[32m"btn btn-primary btn-sm"[39m
        [33mtype[39m=[32m"button"[39m
      [36m/>[39m

      Name "Barbara Liskov":
      [36m<button[39m
        [33mclass[39m=[32m"btn btn-primary btn-sm"[39m
        [33mtype[39m=[32m"button"[39m
      [36m/>[39m

      Name "Margaret Hamilton":
      [36m<button[39m
        [33mclass[39m=[32m"btn btn-primary btn-sm"[39m
        [33mtype[39m=[32m"button"[39m
      [36m/>[39m

      Name "Clear Team":
      [36m<button[39m
        [33mclass[39m=[32m"btn btn-primary"[39m
        [33mtype[39m=[32m"button"[39m
      [36m/>[39m

      Name "Next Color":
      [36m<button[39m
        [33mclass[39m=[32m"btn btn-primary"[39m
        [33mtype[39m=[32m"button"[39m
      [36m/>[39m

      Name "Shove the Box":
      [36m<button[39m
        [33mclass[39m=[32m"btn btn-primary"[39m
        [33mtype[39m=[32m"button"[39m
      [36m/>[39m

      Name "Add One":
      [36m<button[39m
        [33mclass[39m=[32m"btn btn-primary"[39m
        [33mtype[39m=[32m"button"[39m
      [36m/>[39m

      Name "Reveal Answer":
      [36m<button[39m
        [33mclass[39m=[32m"btn btn-primary"[39m
        [33mtype[39m=[32m"button"[39m
      [36m/>[39m

      Name "Mulligan":
      [36m<button[39m
        [33mclass[39m=[32m"btn btn-primary"[39m
        [33mtype[39m=[32m"button"[39m
      [36m/>[39m

      Name "Start Quiz":
      [36m<button[39m
        [33mclass[39m=[32m"btn btn-primary"[39m
        [33mtype[39m=[32m"button"[39m
      [36m/>[39m

      Name "Stop Quiz":
      [36m<button[39m
        [33mclass[39m=[32m"btn btn-primary"[39m
        [33mdisabled[39m=[32m""[39m
        [33mtype[39m=[32m"button"[39m
      [36m/>[39m

      Name "Roll Left":
      [36m<button[39m
        [33mclass[39m=[32m"btn btn-primary"[39m
        [33mtype[39m=[32m"button"[39m
      [36m/>[39m

      Name "Roll Right":
      [36m<button[39m
        [33mclass[39m=[32m"btn btn-primary"[39m
        [33mtype[39m=[32m"button"[39m
      [36m/>[39m

      Name "Change Type":
      [36m<button[39m
        [33mclass[39m=[32m"btn btn-primary"[39m
        [33mtype[39m=[32m"button"[39m
      [36m/>[39m

      Name "Advance by Alphabet":
      [36m<button[39m
        [33mclass[39m=[32m"btn btn-primary"[39m
        [33mtype[39m=[32m"button"[39m
      [36m/>[39m

      Name "Advance by Year":
      [36m<button[39m
        [33mclass[39m=[32m"btn btn-primary"[39m
        [33mtype[39m=[32m"button"[39m
      [36m/>[39m

      --------------------------------------------------
      spinbutton:

      Name "":
      [36m<input[39m
        [33mplaceholder[39m=[32m"Enter a number"[39m
        [33mtype[39m=[32m"number"[39m
      [36m/>[39m

      --------------------------------------------------
      checkbox:

      Name "Edit Mode":
      [36m<input[39m
        [33mclass[39m=[32m"form-check-input"[39m
        [33mid[39m=[32m"in-edit"[39m
        [33mtype[39m=[32m"checkbox"[39m
      [36m/>[39m

      --------------------------------------------------
      radio:

      Name "":
      [36m<input[39m
        [33mchecked[39m=[32m""[39m
        [33mclass[39m=[32m"form-check-input"[39m
        [33mtype[39m=[32m"radio"[39m
        [33mvalue[39m=[32m"blue"[39m
      [36m/>[39m

      Name "":
      [36m<input[39m
        [33mclass[39m=[32m"form-check-input"[39m
        [33mtype[39m=[32m"radio"[39m
        [33mvalue[39m=[32m"red"[39m
      [36m/>[39m

      Name "":
      [36m<input[39m
        [33mclass[39m=[32m"form-check-input"[39m
        [33mtype[39m=[32m"radio"[39m
        [33mvalue[39m=[32m"yellow"[39m
      [36m/>[39m

      Name "":
      [36m<input[39m
        [33mclass[39m=[32m"form-check-input"[39m
        [33mtype[39m=[32m"radio"[39m
        [33mvalue[39m=[32m"green"[39m
      [36m/>[39m

      Name "":
      [36m<input[39m
        [33mclass[39m=[32m"form-check-input"[39m
        [33mtype[39m=[32m"radio"[39m
        [33mvalue[39m=[32m"orange"[39m
      [36m/>[39m

      Name "":
      [36m<input[39m
        [33mclass[39m=[32m"form-check-input"[39m
        [33mtype[39m=[32m"radio"[39m
        [33mvalue[39m=[32m"purple"[39m
      [36m/>[39m

      Name "":
      [36m<input[39m
        [33mclass[39m=[32m"form-check-input"[39m
        [33mtype[39m=[32m"radio"[39m
        [33mvalue[39m=[32m"pink"[39m
      [36m/>[39m

      Name "":
      [36m<input[39m
        [33mclass[39m=[32m"form-check-input"[39m
        [33mtype[39m=[32m"radio"[39m
        [33mvalue[39m=[32m"gray"[39m
      [36m/>[39m

      --------------------------------------------------
      combobox:

      Name "Choose the correct answer":
      [36m<select[39m
        [33mclass[39m=[32m"form-select"[39m
        [33mid[39m=[32m"favoriteColors"[39m
      [36m/>[39m

      --------------------------------------------------
      option:

      Name "a":
      [36m<option[39m
        [33mvalue[39m=[32m"a"[39m
      [36m/>[39m

      Name "b":
      [36m<option[39m
        [33mvalue[39m=[32m"b"[39m
      [36m/>[39m

      Name "c":
      [36m<option[39m
        [33mvalue[39m=[32m"c"[39m
      [36m/>[39m

      --------------------------------------------------

    Ignored nodes: comments, <script />, <style />
    [36m<body>[39m
      [36m<div>[39m
        [36m<div[39m
          [33mclass[39m=[32m"App"[39m
        [36m>[39m
          [36m<header[39m
            [33mclass[39m=[32m"App-header"[39m
          [36m>[39m
            [0mUD CISC275 with React Hooks and TypeScript[0m
          [36m</header>[39m
          [36m<p>[39m
            [0mHello World[0m
          [36m</p>[39m
          [36m<hr />[39m
          [36m<div>[39m
            [36m<h3>[39m
              [0mCheck Answer[0m
            [36m</h3>[39m
            [36m<form>[39m
              [36m<label>[39m
                [0mEnter Answer:[0m
                [36m<input[39m
                  [33mtype[39m=[32m"text"[39m
                [36m/>[39m
                [36m<button[39m
                  [33mtype[39m=[32m"button"[39m
                [36m>[39m
                  [0mCheck Answer[0m
                [36m</button>[39m
              [36m</label>[39m
              [36m<div>[39m
                [36m<p>[39m
                  [0m❌[0m
                [36m</p>[39m
              [36m</div>[39m
            [36m</form>[39m
          [36m</div>[39m
          [36m<hr />[39m
          [36m<div>[39m
            [36m<h3>[39m
              [0mGive Attempts[0m
            [36m</h3>[39m
            [36m<button>[39m
              [0muse[0m
            [36m</button>[39m
            [36m<form>[39m
              [36m<input[39m
                [33mplaceholder[39m=[32m"Enter a number"[39m
                [33mtype[39m=[32m"number"[39m
              [36m/>[39m
              [36m<button[39m
                [33mtype[39m=[32m"submit"[39m
              [36m>[39m
                [0mgain[0m
              [36m</button>[39m
            [36m</form>[39m
            [36m<p>[39m
              [0mAttempts Left: [0m
              [0m3[0m
            [36m</p>[39m
          [36m</div>[39m
          [36m<hr />[39m
          [36m<div>[39m
            [36m<h3>[39m
              [0mEdit Mode[0m
            [36m</h3>[39m
            [36m<div[39m
              [33mclass[39m=[32m"form-check form-switch"[39m
            [36m>[39m
              [36m<input[39m
                [33mclass[39m=[32m"form-check-input"[39m
                [33mid[39m=[32m"in-edit"[39m
                [33mtype[39m=[32m"checkbox"[39m
              [36m/>[39m
              [36m<label[39m
                [33mclass[39m=[32m"form-check-label"[39m
                [33mfor[39m=[32m"in-edit"[39m
                [33mtitle[39m=[32m""[39m
              [36m>[39m
                [0mEdit Mode[0m
              [36m</label>[39m
            [36m</div>[39m
            [0mYour Name[0m
            [0m is [0m
            [0m a student[0m
            [0m [0m
          [36m</div>[39m
          [36m<hr />[39m
          [36m<div>[39m
            [36m<h3>[39m
              [0mChange Color[0m
            [36m</h3>[39m
            [36m<form[39m
              [33mdata-testid[39m=[32m"colored-box"[39m
              [33mstyle[39m=[32m"background-color: blue; justify-content: center; display: flex; padding: 20px;"[39m
            [36m>[39m
              [36m<div[39m
                [33mclass[39m=[32m"form-check"[39m
                [33mstyle[39m=[32m"padding: 20px;"[39m
              [36m>[39m
                [36m<input[39m
                  [33mchecked[39m=[32m""[39m
                  [33mclass[39m=[32m"form-check-input"[39m
                  [33mtype[39m=[32m"radio"[39m
                  [33mvalue[39m=[32m"blue"[39m
                [36m/>[39m
                [36m<label[39m
                  [33mclass[39m=[32m"form-check-label"[39m
                  [33mtitle[39m=[32m""[39m
                [36m>[39m
                  [0mblue[0m
                [36m</label>[39m
              [36m</div>[39m
              [36m<div[39m
                [33mclass[39m=[32m"form-check"[39m
                [33mstyle[39m=[32m"padding: 20px;"[39m
              [36m>[39m
                [36m<input[39m
                  [33mclass[39m=[32m"form-check-input"[39m
                  [33mtype[39m=[32m"radio"[39m
                  [33mvalue[39m=[32m"red"[39m
                [36m/>[39m
                [36m<label[39m
                  [33mclass[39m=[32m"form-check-label"[39m
                  [33mtitle[39m=[32m""[39m
                [36m>[39m
                  [0mred[0m
                [36m</label>[39m
              [36m</div>[39m
              [36m<div[39m
                [33mclass[39m=[32m"form-check"[39m
                [33mstyle[39m=[32m"padding: 20px;"[39m
              [36m>[39m
                [36m<input[39m
                  [33mclass[39m=[32m"form-check-input"[39m
                  [33mtype[39m=[32m"radio"[39m
                  [33mvalue[39m=[32m"yellow"[39m
                [36m/>[39m
                [36m<label[39m
                  [33mclass[39m=[32m"form-check-label"[39m
                  [33mtitle[39m=[32m""[39m
                [36m>[39m
                  [0myellow[0m
                [36m</label>[39m
              [36m</div>[39m
              [36m<div[39m
                [33mclass[39m=[32m"form-check"[39m
                [33mstyle[39m=[32m"padding: 20px;"[39m
              [36m>[39m
                [36m<input[39m
                  [33mclass[39m=[32m"form-check-input"[39m
                  [33mtype[39m=[32m"radio"[39m
                  [33mvalue[39m=[32m"green"[39m
                [36m/>[39m
                [36m<label[39m
                  [33mclass[39m=[32m"form-check-label"[39m
                  [33mtitle[39m=[32m""[39m
                [36m>[39m
                  [0mgreen[0m
                [36m</label>[39m
              [36m</div>[39m
              [36m<div[39m
                [33mclass[39m=[32m"form-check"[39m
                [33mstyle[39m=[32m"padding: 20px;"[39m
              [36m>[39m
                [36m<input[39m
                  [33mclass[39m=[32m"form-check-input"[39m
                  [33mtype[39m=[32m"radio"[39m
                  [33mvalue[39m=[32m"orange"[39m
                [36m/>[39m
                [36m<label[39m
                  [33mclass[39m=[32m"form-check-label"[39m
                  [33mtitle[39m=[32m""[39m
                [36m>[39m
                  [0morange[0m
                [36m</label>[39m
              [36m</div>[39m
              [36m<div[39m
                [33mclass[39m=[32m"form-check"[39m
                [33mstyle[39m=[32m"padding: 20px;"[39m
              [36m>[39m
                [36m<input[39m
                  [33mclass[39m=[32m"form-check-input"[39m
                  [33mtype[39m=[32m"radio"[39m
                  [33mvalue[39m=[32m"purple"[39m
                [36m/>[39m
                [36m<label[39m
                  [33mclass[39m=[32m"form-check-label"[39m
                  [33mtitle[39m=[32m""[39m
                [36m>[39m
                  [0mpurple[0m
                [36m</label>[39m
              [36m</div>[39m
              [36m<div[39m
                [33mclass[39m=[32m"form-check"[39m
                [33mstyle[39m=[32m"padding: 20px;"[39m
              [36m>[39m
                [36m<input[39m
                  [33mclass[39m=[32m"form-check-input"[39m
                  [33mtype[39m=[32m"radio"[39m
                  [33mvalue[39m=[32m"pink"[39m
                [36m/>[39m
                [36m<label[39m
                  [33mclass[39m=[32m"form-check-label"[39m
                  [33mtitle[39m=[32m""[39m
                [36m>[39m
                  [0mpink[0m
                [36m</label>[39m
              [36m</div>[39m
              [36m<div[39m
                [33mclass[39m=[32m"form-check"[39m
                [33mstyle[39m=[32m"padding: 20px;"[39m
              [36m>[39m
                [36m<input[39m
                  [33mclass[39m=[32m"form-check-input"[39m
                  [33mtype[39m=[32m"radio"[39m
                  [33mvalue[39m=[32m"gray"[39m
                [36m/>[39m
                [36m<label[39m
                  [33mclass[39m=[32m"form-check-label"[39m
                  [33mtitle[39m=[32m""[39m
                [36m>[39m
                  [0mgray[0m
                [36m</label>[39m
              [36m</div>[39m
            [36m</form>[39m
            [36m<h4>[39m
              [0mYou have choosen[0m
              [0m [0m
              [36m<span[39m
                [33mstyle[39m=[32m"background-color: blue;"[39m
              [36m>[39m
                [0mblue[0m
              [36m</span>[39m
            [36m</h4>[39m
          [36m</div>[39m
          [36m<hr />[39m
          [36m<div>[39m
            [36m<h3>[39m
              [0mMultiple Choice Question[0m
            [36m</h3>[39m
            [36m<div>[39m
              [36m<label[39m
                [33mclass[39m=[32m"form-label"[39m
                [33mfor[39m=[32m"favoriteColors"[39m
              [36m>[39m
                [0mChoose the correct answer[0m
              [36m</label>[39m
              [36m<select[39m
                [33mclass[39m=[32m"form-select"[39m
                [33mid[39m=[32m"favoriteColors"[39m
              [36m>[39m
                [36m<option[39m
                  [33mvalue[39m=[32m"a"[39m
                [36m>[39m
                  [0ma[0m
                [36m</option>[39m
                [36m<option[39m
                  [33mvalue[39m=[32m"b"[39m
                [36m>[39m
                  [0mb[0m
                [36m</option>[39m
                [36m<option[39m
                  [33mvalue[39m=[32m"c"[39m
                [36m>[39m
                  [0mc[0m
                [36m</option>[39m
              [36m</select>[39m
            [36m</div>[39m
            [36m<p>[39m
              [0m❌[0m
            [36m</p>[39m
          [36m</div>[39m
          [36m<hr />[39m
          [36m<div>[39m
            [36m<h3>[39m
              [0mDouble Half[0m
            [36m</h3>[39m
            [36m<div>[39m
              [0mThe current value is: [0m
              [36m<span>[39m
                [0m10[0m
              [36m</span>[39m
            [36m</div>[39m
            [36m<button[39m
              [33mclass[39m=[32m"btn btn-primary"[39m
              [33mtype[39m=[32m"button"[39m
            [36m>[39m
              [0mDouble[0m
            [36m</button>[39m
            [36m<button[39m
              [33mclass[39m=[32m"btn btn-primary"[39m
              [33mtype[39m=[32m"button"[39m
            [36m>[39m
              [0mHalve[0m
            [36m</button>[39m
          [36m</div>[39m
          [36m<hr />[39m
          [36m<div>[39m
            [36m<h3>[39m
              [0mChoose Team[0m
            [36m</h3>[39m
            [36m<div[39m
              [33mclass[39m=[32m"row"[39m
            [36m>[39m
              [36m<div[39m
                [33mclass[39m=[32m"col"[39m
              [36m>[39m
                [36m<div[39m
                  [33mstyle[39m=[32m"margin-bottom: 4px;"[39m
                [36m>[39m
                  [0mAdd[0m
                  [0m [0m
                  [36m<button[39m
                    [33mclass[39m=[32m"btn btn-primary btn-sm"[39m
                    [33mtype[39m=[32m"button"[39m
                  [36m>[39m
                    [0mAlan Turing[0m
                  [36m</button>[39m
                [36m</div>[39m
                [36m<div[39m
                  [33mstyle[39m=[32m"margin-bottom: 4px;"[39m
                [36m>[39m
                  [0mAdd[0m
                  [0m [0m
                  [36m<button[39m
                    [33mclass[39m=[32m"btn btn-primary btn-sm"[39m
                    [33mtype[39m=[32m"button"[39m
                  [36m>[39m
                    [0mGrace Hopper[0m
                  [36m</button>[39m
                [36m</div>[39m
                [36m<div[39m
                  [33mstyle[39m=[32m"margin-bottom: 4px;"[39m
                [36m>[39m
                  [0mAdd[0m
                  [0m [0m
                  [36m<button[39m
                    [33mclass[39m=[32m"btn btn-primary btn-sm"[39m
                    [33mtype[39m=[32m"button"[39m
                  [36m>[39m
                    [0mAda Lovelace[0m
                  [36m</button>[39m
                [36m</div>[39m
                [36m<div[39m
                  [33mstyle[39m=[32m"margin-bottom: 4px;"[39m
                [36m>[39m
                  [0mAdd[0m
                  [0m [0m
                  [36m<button[39m
                    [33mclass[39m=[32m"btn btn-primary btn-sm"[39m
                    [33mtype[39m=[32m"button"[39m
                  [36m>[39m
                    [0mCharles Babbage[0m
                  [36m</button>[39m
                [36m</div>[39m
                [36m<div[39m
                  [33mstyle[39m=[32m"margin-bottom: 4px;"[39m
                [36m>[39m
                  [0mAdd[0m
                  [0m [0m
                  [36m<button[39m
                    [33mclass[39m=[32m"btn btn-primary btn-sm"[39m
                    [33mtype[39m=[32m"button"[39m
                  [36m>[39m
                    [0mBarbara Liskov[0m
                  [36m</button>[39m
                [36m</div>[39m
                [36m<div[39m
                  [33mstyle[39m=[32m"margin-bottom: 4px;"[39m
                [36m>[39m
                  [0mAdd[0m
                  [0m [0m
                  [36m<button[39m
                    [33mclass[39m=[32m"btn btn-primary btn-sm"[39m
                    [33mtype[39m=[32m"button"[39m
                  [36m>[39m
                    [0mMargaret Hamilton[0m
                  [36m</button>[39m
                [36m</div>[39m
              [36m</div>[39m
              [36m<div[39m
                [33mclass[39m=[32m"col"[39m
              [36m>[39m
                [36m<strong>[39m
                  [0mTeam:[0m
                [36m</strong>[39m
                [36m<button[39m
                  [33mclass[39m=[32m"btn btn-primary"[39m
                  [33mtype[39m=[32m"button"[39m
                [36m>[39m
                  [0mClear Team[0m
                [36m</button>[39m
              [36m</div>[39m
            [36m</div>[39m
          [36m</div>[39m
          [36m<hr />[39m
          [36m<div>[39m
            [36m<h3>[39m
              [0mColored Box[0m
            [36m</h3>[39m
            [36m<span>[39m
              [0mThe current color is: [0m
              [0mred[0m
            [36m</span>[39m
            [36m<div>[39m
              [36m<button[39m
                [33mclass[39m=[32m"btn btn-primary"[39m
                [33mtype[39m=[32m"button"[39m
              [36m>[39m
                [0mNext Color[0m
              [36m</button>[39m
              [36m<div[39m
                [33mdata-testid[39m=[32m"colored-box"[39m
                [33mstyle[39m=[32m"width: 50px; height: 50px; background-color: red; display: inline-block; vertical-align: bottom; margin-left: 5px;"[39m
              [36m/>[39m
            [36m</div>[39m
          [36m</div>[39m
          [36m<hr />[39m
          [36m<div>[39m
            [36m<span>[39m
              [0mShove Box[0m
            [36m</span>[39m
            [36m<span>[39m
              [0mThe box is at: [0m
              [0m10[0m
            [36m</span>[39m
            [36m<div>[39m
              [36m<button[39m
                [33mclass[39m=[32m"btn btn-primary"[39m
                [33mtype[39m=[32m"button"[39m
              [36m>[39m
                [0mShove the Box[0m
              [36m</button>[39m
              [36m<div[39m
                [33mdata-testid[39m=[32m"moveable-box"[39m
                [33mstyle[39m=[32m"width: 50px; height: 50px; background-color: lightblue; border: 1px solid blue; display: inline-block; vertical-align: bottom; margin-left: 10px;"[39m
              [36m/>[39m
            [36m</div>[39m
          [36m</div>[39m
          [36m<hr />[39m
          [36m<span>[39m
            [36m<button[39m
              [33mclass[39m=[32m"btn btn-primary"[39m
              [33mtype[39m=[32m"button"[39m
            [36m>[39m
              [0mAdd One[0m
            [36m</button>[39m
            [0mto [0m
            [0m0[0m
            [0m.[0m
          [36m</span>[39m
          [36m<hr />[39m
          [36m<div>[39m
            [36m<button[39m
              [33mclass[39m=[32m"btn btn-primary"[39m
              [33mtype[39m=[32m"button"[39m
            [36m>[39m
              [0mReveal Answer[0m
            [36m</button>[39m
            [36m<hr />[39m
          [36m</div>[39m
          [36m<hr />[39m
          [36m<div>[39m
            [0mCurrent Attempt: [0m
            [36m<span>[39m
              [0m4[0m
            [36m</span>[39m
            [36m<button[39m
              [33mclass[39m=[32m"btn btn-primary"[39m
              [33mtype[39m=[32m"button"[39m
            [36m>[39m
              [0mMulligan[0m
            [36m</button>[39m
            [36m<div>[39m
              [36m<button[39m
                [33mclass[39m=[32m"btn btn-primary"[39m
                [33mtype[39m=[32m"button"[39m
              [36m>[39m
                [0mStart Quiz[0m
              [36m</button>[39m
            [36m</div>[39m
            [36m<div>[39m
              [36m<button[39m
                [33mclass[39m=[32m"btn btn-primary"[39m
                [33mdisabled[39m=[32m""[39m
                [33mtype[39m=[32m"button"[39m
              [36m>[39m
                [0mStop Quiz[0m
              [36m</button>[39m
            [36m</div>[39m
          [36m</div>[39m
          [36m<hr />[39m
          [36m<div>[39m
            [36m<span[39m
              [33mdata-testid[39m=[32m"left-die"[39m
            [36m>[39m
              [0m0[0m
            [36m</span>[39m
            [36m<button[39m
              [33mclass[39m=[32m"btn btn-primary"[39m
              [33mtype[39m=[32m"button"[39m
            [36m>[39m
              [0mRoll Left[0m
            [36m</button>[39m
            [36m<button[39m
              [33mclass[39m=[32m"btn btn-primary"[39m
              [33mtype[39m=[32m"button"[39m
            [36m>[39m
              [0mRoll Right[0m
            [36m</button>[39m
            [36m<span[39m
              [33mdata-testid[39m=[32m"right-die"[39m
            [36m>[39m
              [0m1[0m
            [36m</span>[39m
          [36m</div>[39m
          [36m<hr />[39m
          [36m<div>[39m
            [36m<button[39m
              [33mclass[39m=[32m"btn btn-primary"[39m
              [33mtype[39m=[32m"button"[39m
            [36m>[39m
              [0mChange Type[0m
            [36m</button>[39m
            [36m<div>[39m
              [0mShort Answer[0m
            [36m</div>[39m
          [36m</div>[39m
          [36m<hr />[39m
          [36m<div>[39m
            [36m<button[39m
              [33mclass[39m=[32m"btn btn-primary"[39m
              [33mtype[39m=[32m"button"[39m
            [36m>[39m
              [0mAdvance by Alphabet[0m
            [36m</button>[39m
            [36m<button[39m
              [33mclass[39m=[32m"btn btn-primary"[39m
              [33mtype[39m=[32m"button"[39m
            [36m>[39m
              [0mAdvance by Year[0m
            [36m</button>[39m
            [36m<hr />[39m
            [36m<span>[39m
              [0mHoliday: [0m
              [0m��[0m
            [36m</span>[39m
          [36m</div>[39m
        [36m</div>[39m
      [36m</div>[39m
    [36m</body>[39m

      39 |     test("There is one bootstrap button with the text 'Log Hello World'", () => {
      40 |         render(<App />);
    > 41 |         const button = screen.getByRole("button", { name: /Log Hello World/i });
         |                               ^
      42 |         expect(button).toBeInTheDocument();
      43 |         expect(button).toHaveClass("btn");
      44 |         expect(button).toHaveClass("btn-primary");

      at Object.getElementError (node_modules/@testing-library/dom/dist/config.js:38:19)
      at node_modules/@testing-library/dom/dist/query-helpers.js:90:38
      at node_modules/@testing-library/dom/dist/query-helpers.js:62:17
      at getByRole (node_modules/@testing-library/dom/dist/query-helpers.js:111:19)
      at Object.<anonymous> (src/HtmlCss.test.tsx:41:31)

  ● Some Bootstrap Elements are added › Clicking the bootstrap button logs 'Hello World!'

    TestingLibraryElementError: Unable to find an accessible element with the role "button" and name `/Log Hello World/i`

    Here are the accessible roles:

      banner:

      Name "":
      [36m<header[39m
        [33mclass[39m=[32m"App-header"[39m
      [36m/>[39m

      --------------------------------------------------
      separator:

      Name "":
      [36m<hr />[39m

      Name "":
      [36m<hr />[39m

      Name "":
      [36m<hr />[39m

      Name "":
      [36m<hr />[39m

      Name "":
      [36m<hr />[39m

      Name "":
      [36m<hr />[39m

      Name "":
      [36m<hr />[39m

      Name "":
      [36m<hr />[39m

      Name "":
      [36m<hr />[39m

      Name "":
      [36m<hr />[39m

      Name "":
      [36m<hr />[39m

      Name "":
      [36m<hr />[39m

      Name "":
      [36m<hr />[39m

      Name "":
      [36m<hr />[39m

      Name "":
      [36m<hr />[39m

      Name "":
      [36m<hr />[39m

      Name "":
      [36m<hr />[39m

      --------------------------------------------------
      heading:

      Name "Check Answer":
      [36m<h3 />[39m

      Name "Give Attempts":
      [36m<h3 />[39m

      Name "Edit Mode":
      [36m<h3 />[39m

      Name "Change Color":
      [36m<h3 />[39m

      Name "You have choosen blue":
      [36m<h4 />[39m

      Name "Multiple Choice Question":
      [36m<h3 />[39m

      Name "Double Half":
      [36m<h3 />[39m

      Name "Choose Team":
      [36m<h3 />[39m

      Name "Colored Box":
      [36m<h3 />[39m

      --------------------------------------------------
      textbox:

      Name "Enter Answer: Check Answer":
      [36m<input[39m
        [33mtype[39m=[32m"text"[39m
      [36m/>[39m

      --------------------------------------------------
      button:

      Name "Check Answer":
      [36m<button[39m
        [33mtype[39m=[32m"button"[39m
      [36m/>[39m

      Name "use":
      [36m<button />[39m

      Name "gain":
      [36m<button[39m
        [33mtype[39m=[32m"submit"[39m
      [36m/>[39m

      Name "Double":
      [36m<button[39m
        [33mclass[39m=[32m"btn btn-primary"[39m
        [33mtype[39m=[32m"button"[39m
      [36m/>[39m

      Name "Halve":
      [36m<button[39m
        [33mclass[39m=[32m"btn btn-primary"[39m
        [33mtype[39m=[32m"button"[39m
      [36m/>[39m

      Name "Alan Turing":
      [36m<button[39m
        [33mclass[39m=[32m"btn btn-primary btn-sm"[39m
        [33mtype[39m=[32m"button"[39m
      [36m/>[39m

      Name "Grace Hopper":
      [36m<button[39m
        [33mclass[39m=[32m"btn btn-primary btn-sm"[39m
        [33mtype[39m=[32m"button"[39m
      [36m/>[39m

      Name "Ada Lovelace":
      [36m<button[39m
        [33mclass[39m=[32m"btn btn-primary btn-sm"[39m
        [33mtype[39m=[32m"button"[39m
      [36m/>[39m

      Name "Charles Babbage":
      [36m<button[39m
        [33mclass[39m=[32m"btn btn-primary btn-sm"[39m
        [33mtype[39m=[32m"button"[39m
      [36m/>[39m

      Name "Barbara Liskov":
      [36m<button[39m
        [33mclass[39m=[32m"btn btn-primary btn-sm"[39m
        [33mtype[39m=[32m"button"[39m
      [36m/>[39m

      Name "Margaret Hamilton":
      [36m<button[39m
        [33mclass[39m=[32m"btn btn-primary btn-sm"[39m
        [33mtype[39m=[32m"button"[39m
      [36m/>[39m

      Name "Clear Team":
      [36m<button[39m
        [33mclass[39m=[32m"btn btn-primary"[39m
        [33mtype[39m=[32m"button"[39m
      [36m/>[39m

      Name "Next Color":
      [36m<button[39m
        [33mclass[39m=[32m"btn btn-primary"[39m
        [33mtype[39m=[32m"button"[39m
      [36m/>[39m

      Name "Shove the Box":
      [36m<button[39m
        [33mclass[39m=[32m"btn btn-primary"[39m
        [33mtype[39m=[32m"button"[39m
      [36m/>[39m

      Name "Add One":
      [36m<button[39m
        [33mclass[39m=[32m"btn btn-primary"[39m
        [33mtype[39m=[32m"button"[39m
      [36m/>[39m

      Name "Reveal Answer":
      [36m<button[39m
        [33mclass[39m=[32m"btn btn-primary"[39m
        [33mtype[39m=[32m"button"[39m
      [36m/>[39m

      Name "Mulligan":
      [36m<button[39m
        [33mclass[39m=[32m"btn btn-primary"[39m
        [33mtype[39m=[32m"button"[39m
      [36m/>[39m

      Name "Start Quiz":
      [36m<button[39m
        [33mclass[39m=[32m"btn btn-primary"[39m
        [33mtype[39m=[32m"button"[39m
      [36m/>[39m

      Name "Stop Quiz":
      [36m<button[39m
        [33mclass[39m=[32m"btn btn-primary"[39m
        [33mdisabled[39m=[32m""[39m
        [33mtype[39m=[32m"button"[39m
      [36m/>[39m

      Name "Roll Left":
      [36m<button[39m
        [33mclass[39m=[32m"btn btn-primary"[39m
        [33mtype[39m=[32m"button"[39m
      [36m/>[39m

      Name "Roll Right":
      [36m<button[39m
        [33mclass[39m=[32m"btn btn-primary"[39m
        [33mtype[39m=[32m"button"[39m
      [36m/>[39m

      Name "Change Type":
      [36m<button[39m
        [33mclass[39m=[32m"btn btn-primary"[39m
        [33mtype[39m=[32m"button"[39m
      [36m/>[39m

      Name "Advance by Alphabet":
      [36m<button[39m
        [33mclass[39m=[32m"btn btn-primary"[39m
        [33mtype[39m=[32m"button"[39m
      [36m/>[39m

      Name "Advance by Year":
      [36m<button[39m
        [33mclass[39m=[32m"btn btn-primary"[39m
        [33mtype[39m=[32m"button"[39m
      [36m/>[39m

      --------------------------------------------------
      spinbutton:

      Name "":
      [36m<input[39m
        [33mplaceholder[39m=[32m"Enter a number"[39m
        [33mtype[39m=[32m"number"[39m
      [36m/>[39m

      --------------------------------------------------
      checkbox:

      Name "Edit Mode":
      [36m<input[39m
        [33mclass[39m=[32m"form-check-input"[39m
        [33mid[39m=[32m"in-edit"[39m
        [33mtype[39m=[32m"checkbox"[39m
      [36m/>[39m

      --------------------------------------------------
      radio:

      Name "":
      [36m<input[39m
        [33mchecked[39m=[32m""[39m
        [33mclass[39m=[32m"form-check-input"[39m
        [33mtype[39m=[32m"radio"[39m
        [33mvalue[39m=[32m"blue"[39m
      [36m/>[39m

      Name "":
      [36m<input[39m
        [33mclass[39m=[32m"form-check-input"[39m
        [33mtype[39m=[32m"radio"[39m
        [33mvalue[39m=[32m"red"[39m
      [36m/>[39m

      Name "":
      [36m<input[39m
        [33mclass[39m=[32m"form-check-input"[39m
        [33mtype[39m=[32m"radio"[39m
        [33mvalue[39m=[32m"yellow"[39m
      [36m/>[39m

      Name "":
      [36m<input[39m
        [33mclass[39m=[32m"form-check-input"[39m
        [33mtype[39m=[32m"radio"[39m
        [33mvalue[39m=[32m"green"[39m
      [36m/>[39m

      Name "":
      [36m<input[39m
        [33mclass[39m=[32m"form-check-input"[39m
        [33mtype[39m=[32m"radio"[39m
        [33mvalue[39m=[32m"orange"[39m
      [36m/>[39m

      Name "":
      [36m<input[39m
        [33mclass[39m=[32m"form-check-input"[39m
        [33mtype[39m=[32m"radio"[39m
        [33mvalue[39m=[32m"purple"[39m
      [36m/>[39m

      Name "":
      [36m<input[39m
        [33mclass[39m=[32m"form-check-input"[39m
        [33mtype[39m=[32m"radio"[39m
        [33mvalue[39m=[32m"pink"[39m
      [36m/>[39m

      Name "":
      [36m<input[39m
        [33mclass[39m=[32m"form-check-input"[39m
        [33mtype[39m=[32m"radio"[39m
        [33mvalue[39m=[32m"gray"[39m
      [36m/>[39m

      --------------------------------------------------
      combobox:

      Name "Choose the correct answer":
      [36m<select[39m
        [33mclass[39m=[32m"form-select"[39m
        [33mid[39m=[32m"favoriteColors"[39m
      [36m/>[39m

      --------------------------------------------------
      option:

      Name "a":
      [36m<option[39m
        [33mvalue[39m=[32m"a"[39m
      [36m/>[39m

      Name "b":
      [36m<option[39m
        [33mvalue[39m=[32m"b"[39m
      [36m/>[39m

      Name "c":
      [36m<option[39m
        [33mvalue[39m=[32m"c"[39m
      [36m/>[39m

      --------------------------------------------------

    Ignored nodes: comments, <script />, <style />
    [36m<body>[39m
      [36m<div>[39m
        [36m<div[39m
          [33mclass[39m=[32m"App"[39m
        [36m>[39m
          [36m<header[39m
            [33mclass[39m=[32m"App-header"[39m
          [36m>[39m
            [0mUD CISC275 with React Hooks and TypeScript[0m
          [36m</header>[39m
          [36m<p>[39m
            [0mHello World[0m
          [36m</p>[39m
          [36m<hr />[39m
          [36m<div>[39m
            [36m<h3>[39m
              [0mCheck Answer[0m
            [36m</h3>[39m
            [36m<form>[39m
              [36m<label>[39m
                [0mEnter Answer:[0m
                [36m<input[39m
                  [33mtype[39m=[32m"text"[39m
                [36m/>[39m
                [36m<button[39m
                  [33mtype[39m=[32m"button"[39m
                [36m>[39m
                  [0mCheck Answer[0m
                [36m</button>[39m
              [36m</label>[39m
              [36m<div>[39m
                [36m<p>[39m
                  [0m❌[0m
                [36m</p>[39m
              [36m</div>[39m
            [36m</form>[39m
          [36m</div>[39m
          [36m<hr />[39m
          [36m<div>[39m
            [36m<h3>[39m
              [0mGive Attempts[0m
            [36m</h3>[39m
            [36m<button>[39m
              [0muse[0m
            [36m</button>[39m
            [36m<form>[39m
              [36m<input[39m
                [33mplaceholder[39m=[32m"Enter a number"[39m
                [33mtype[39m=[32m"number"[39m
              [36m/>[39m
              [36m<button[39m
                [33mtype[39m=[32m"submit"[39m
              [36m>[39m
                [0mgain[0m
              [36m</button>[39m
            [36m</form>[39m
            [36m<p>[39m
              [0mAttempts Left: [0m
              [0m3[0m
            [36m</p>[39m
          [36m</div>[39m
          [36m<hr />[39m
          [36m<div>[39m
            [36m<h3>[39m
              [0mEdit Mode[0m
            [36m</h3>[39m
            [36m<div[39m
              [33mclass[39m=[32m"form-check form-switch"[39m
            [36m>[39m
              [36m<input[39m
                [33mclass[39m=[32m"form-check-input"[39m
                [33mid[39m=[32m"in-edit"[39m
                [33mtype[39m=[32m"checkbox"[39m
              [36m/>[39m
              [36m<label[39m
                [33mclass[39m=[32m"form-check-label"[39m
                [33mfor[39m=[32m"in-edit"[39m
                [33mtitle[39m=[32m""[39m
              [36m>[39m
                [0mEdit Mode[0m
              [36m</label>[39m
            [36m</div>[39m
            [0mYour Name[0m
            [0m is [0m
            [0m a student[0m
            [0m [0m
          [36m</div>[39m
          [36m<hr />[39m
          [36m<div>[39m
            [36m<h3>[39m
              [0mChange Color[0m
            [36m</h3>[39m
            [36m<form[39m
              [33mdata-testid[39m=[32m"colored-box"[39m
              [33mstyle[39m=[32m"background-color: blue; justify-content: center; display: flex; padding: 20px;"[39m
            [36m>[39m
              [36m<div[39m
                [33mclass[39m=[32m"form-check"[39m
                [33mstyle[39m=[32m"padding: 20px;"[39m
              [36m>[39m
                [36m<input[39m
                  [33mchecked[39m=[32m""[39m
                  [33mclass[39m=[32m"form-check-input"[39m
                  [33mtype[39m=[32m"radio"[39m
                  [33mvalue[39m=[32m"blue"[39m
                [36m/>[39m
                [36m<label[39m
                  [33mclass[39m=[32m"form-check-label"[39m
                  [33mtitle[39m=[32m""[39m
                [36m>[39m
                  [0mblue[0m
                [36m</label>[39m
              [36m</div>[39m
              [36m<div[39m
                [33mclass[39m=[32m"form-check"[39m
                [33mstyle[39m=[32m"padding: 20px;"[39m
              [36m>[39m
                [36m<input[39m
                  [33mclass[39m=[32m"form-check-input"[39m
                  [33mtype[39m=[32m"radio"[39m
                  [33mvalue[39m=[32m"red"[39m
                [36m/>[39m
                [36m<label[39m
                  [33mclass[39m=[32m"form-check-label"[39m
                  [33mtitle[39m=[32m""[39m
                [36m>[39m
                  [0mred[0m
                [36m</label>[39m
              [36m</div>[39m
              [36m<div[39m
                [33mclass[39m=[32m"form-check"[39m
                [33mstyle[39m=[32m"padding: 20px;"[39m
              [36m>[39m
                [36m<input[39m
                  [33mclass[39m=[32m"form-check-input"[39m
                  [33mtype[39m=[32m"radio"[39m
                  [33mvalue[39m=[32m"yellow"[39m
                [36m/>[39m
                [36m<label[39m
                  [33mclass[39m=[32m"form-check-label"[39m
                  [33mtitle[39m=[32m""[39m
                [36m>[39m
                  [0myellow[0m
                [36m</label>[39m
              [36m</div>[39m
              [36m<div[39m
                [33mclass[39m=[32m"form-check"[39m
                [33mstyle[39m=[32m"padding: 20px;"[39m
              [36m>[39m
                [36m<input[39m
                  [33mclass[39m=[32m"form-check-input"[39m
                  [33mtype[39m=[32m"radio"[39m
                  [33mvalue[39m=[32m"green"[39m
                [36m/>[39m
                [36m<label[39m
                  [33mclass[39m=[32m"form-check-label"[39m
                  [33mtitle[39m=[32m""[39m
                [36m>[39m
                  [0mgreen[0m
                [36m</label>[39m
              [36m</div>[39m
              [36m<div[39m
                [33mclass[39m=[32m"form-check"[39m
                [33mstyle[39m=[32m"padding: 20px;"[39m
              [36m>[39m
                [36m<input[39m
                  [33mclass[39m=[32m"form-check-input"[39m
                  [33mtype[39m=[32m"radio"[39m
                  [33mvalue[39m=[32m"orange"[39m
                [36m/>[39m
                [36m<label[39m
                  [33mclass[39m=[32m"form-check-label"[39m
                  [33mtitle[39m=[32m""[39m
                [36m>[39m
                  [0morange[0m
                [36m</label>[39m
              [36m</div>[39m
              [36m<div[39m
                [33mclass[39m=[32m"form-check"[39m
                [33mstyle[39m=[32m"padding: 20px;"[39m
              [36m>[39m
                [36m<input[39m
                  [33mclass[39m=[32m"form-check-input"[39m
                  [33mtype[39m=[32m"radio"[39m
                  [33mvalue[39m=[32m"purple"[39m
                [36m/>[39m
                [36m<label[39m
                  [33mclass[39m=[32m"form-check-label"[39m
                  [33mtitle[39m=[32m""[39m
                [36m>[39m
                  [0mpurple[0m
                [36m</label>[39m
              [36m</div>[39m
              [36m<div[39m
                [33mclass[39m=[32m"form-check"[39m
                [33mstyle[39m=[32m"padding: 20px;"[39m
              [36m>[39m
                [36m<input[39m
                  [33mclass[39m=[32m"form-check-input"[39m
                  [33mtype[39m=[32m"radio"[39m
                  [33mvalue[39m=[32m"pink"[39m
                [36m/>[39m
                [36m<label[39m
                  [33mclass[39m=[32m"form-check-label"[39m
                  [33mtitle[39m=[32m""[39m
                [36m>[39m
                  [0mpink[0m
                [36m</label>[39m
              [36m</div>[39m
              [36m<div[39m
                [33mclass[39m=[32m"form-check"[39m
                [33mstyle[39m=[32m"padding: 20px;"[39m
              [36m>[39m
                [36m<input[39m
                  [33mclass[39m=[32m"form-check-input"[39m
                  [33mtype[39m=[32m"radio"[39m
                  [33mvalue[39m=[32m"gray"[39m
                [36m/>[39m
                [36m<label[39m
                  [33mclass[39m=[32m"form-check-label"[39m
                  [33mtitle[39m=[32m""[39m
                [36m>[39m
                  [0mgray[0m
                [36m</label>[39m
              [36m</div>[39m
            [36m</form>[39m
            [36m<h4>[39m
              [0mYou have choosen[0m
              [0m [0m
              [36m<span[39m
                [33mstyle[39m=[32m"background-color: blue;"[39m
              [36m>[39m
                [0mblue[0m
              [36m</span>[39m
            [36m</h4>[39m
          [36m</div>[39m
          [36m<hr />[39m
          [36m<div>[39m
            [36m<h3>[39m
              [0mMultiple Choice Question[0m
            [36m</h3>[39m
            [36m<div>[39m
              [36m<label[39m
                [33mclass[39m=[32m"form-label"[39m
                [33mfor[39m=[32m"favoriteColors"[39m
              [36m>[39m
                [0mChoose the correct answer[0m
              [36m</label>[39m
              [36m<select[39m
                [33mclass[39m=[32m"form-select"[39m
                [33mid[39m=[32m"favoriteColors"[39m
              [36m>[39m
                [36m<option[39m
                  [33mvalue[39m=[32m"a"[39m
                [36m>[39m
                  [0ma[0m
                [36m</option>[39m
                [36m<option[39m
                  [33mvalue[39m=[32m"b"[39m
                [36m>[39m
                  [0mb[0m
                [36m</option>[39m
                [36m<option[39m
                  [33mvalue[39m=[32m"c"[39m
                [36m>[39m
                  [0mc[0m
                [36m</option>[39m
              [36m</select>[39m
            [36m</div>[39m
            [36m<p>[39m
              [0m❌[0m
            [36m</p>[39m
          [36m</div>[39m
          [36m<hr />[39m
          [36m<div>[39m
            [36m<h3>[39m
              [0mDouble Half[0m
            [36m</h3>[39m
            [36m<div>[39m
              [0mThe current value is: [0m
              [36m<span>[39m
                [0m10[0m
              [36m</span>[39m
            [36m</div>[39m
            [36m<button[39m
              [33mclass[39m=[32m"btn btn-primary"[39m
              [33mtype[39m=[32m"button"[39m
            [36m>[39m
              [0mDouble[0m
            [36m</button>[39m
            [36m<button[39m
              [33mclass[39m=[32m"btn btn-primary"[39m
              [33mtype[39m=[32m"button"[39m
            [36m>[39m
              [0mHalve[0m
            [36m</button>[39m
          [36m</div>[39m
          [36m<hr />[39m
          [36m<div>[39m
            [36m<h3>[39m
              [0mChoose Team[0m
            [36m</h3>[39m
            [36m<div[39m
              [33mclass[39m=[32m"row"[39m
            [36m>[39m
              [36m<div[39m
                [33mclass[39m=[32m"col"[39m
              [36m>[39m
                [36m<div[39m
                  [33mstyle[39m=[32m"margin-bottom: 4px;"[39m
                [36m>[39m
                  [0mAdd[0m
                  [0m [0m
                  [36m<button[39m
                    [33mclass[39m=[32m"btn btn-primary btn-sm"[39m
                    [33mtype[39m=[32m"button"[39m
                  [36m>[39m
                    [0mAlan Turing[0m
                  [36m</button>[39m
                [36m</div>[39m
                [36m<div[39m
                  [33mstyle[39m=[32m"margin-bottom: 4px;"[39m
                [36m>[39m
                  [0mAdd[0m
                  [0m [0m
                  [36m<button[39m
                    [33mclass[39m=[32m"btn btn-primary btn-sm"[39m
                    [33mtype[39m=[32m"button"[39m
                  [36m>[39m
                    [0mGrace Hopper[0m
                  [36m</button>[39m
                [36m</div>[39m
                [36m<div[39m
                  [33mstyle[39m=[32m"margin-bottom: 4px;"[39m
                [36m>[39m
                  [0mAdd[0m
                  [0m [0m
                  [36m<button[39m
                    [33mclass[39m=[32m"btn btn-primary btn-sm"[39m
                    [33mtype[39m=[32m"button"[39m
                  [36m>[39m
                    [0mAda Lovelace[0m
                  [36m</button>[39m
                [36m</div>[39m
                [36m<div[39m
                  [33mstyle[39m=[32m"margin-bottom: 4px;"[39m
                [36m>[39m
                  [0mAdd[0m
                  [0m [0m
                  [36m<button[39m
                    [33mclass[39m=[32m"btn btn-primary btn-sm"[39m
                    [33mtype[39m=[32m"button"[39m
                  [36m>[39m
                    [0mCharles Babbage[0m
                  [36m</button>[39m
                [36m</div>[39m
                [36m<div[39m
                  [33mstyle[39m=[32m"margin-bottom: 4px;"[39m
                [36m>[39m
                  [0mAdd[0m
                  [0m [0m
                  [36m<button[39m
                    [33mclass[39m=[32m"btn btn-primary btn-sm"[39m
                    [33mtype[39m=[32m"button"[39m
                  [36m>[39m
                    [0mBarbara Liskov[0m
                  [36m</button>[39m
                [36m</div>[39m
                [36m<div[39m
                  [33mstyle[39m=[32m"margin-bottom: 4px;"[39m
                [36m>[39m
                  [0mAdd[0m
                  [0m [0m
                  [36m<button[39m
                    [33mclass[39m=[32m"btn btn-primary btn-sm"[39m
                    [33mtype[39m=[32m"button"[39m
                  [36m>[39m
                    [0mMargaret Hamilton[0m
                  [36m</button>[39m
                [36m</div>[39m
              [36m</div>[39m
              [36m<div[39m
                [33mclass[39m=[32m"col"[39m
              [36m>[39m
                [36m<strong>[39m
                  [0mTeam:[0m
                [36m</strong>[39m
                [36m<button[39m
                  [33mclass[39m=[32m"btn btn-primary"[39m
                  [33mtype[39m=[32m"button"[39m
                [36m>[39m
                  [0mClear Team[0m
                [36m</button>[39m
              [36m</div>[39m
            [36m</div>[39m
          [36m</div>[39m
          [36m<hr />[39m
          [36m<div>[39m
            [36m<h3>[39m
              [0mColored Box[0m
            [36m</h3>[39m
            [36m<span>[39m
              [0mThe current color is: [0m
              [0mred[0m
            [36m</span>[39m
            [36m<div>[39m
              [36m<button[39m
                [33mclass[39m=[32m"btn btn-primary"[39m
                [33mtype[39m=[32m"button"[39m
              [36m>[39m
                [0mNext Color[0m
              [36m</button>[39m
              [36m<div[39m
                [33mdata-testid[39m=[32m"colored-box"[39m
                [33mstyle[39m=[32m"width: 50px; height: 50px; background-color: red; display: inline-block; vertical-align: bottom; margin-left: 5px;"[39m
              [36m/>[39m
            [36m</div>[39m
          [36m</div>[39m
          [36m<hr />[39m
          [36m<div>[39m
            [36m<span>[39m
              [0mShove Box[0m
            [36m</span>[39m
            [36m<span>[39m
              [0mThe box is at: [0m
              [0m10[0m
            [36m</span>[39m
            [36m<div>[39m
              [36m<button[39m
                [33mclass[39m=[32m"btn btn-primary"[39m
                [33mtype[39m=[32m"button"[39m
              [36m>[39m
                [0mShove the Box[0m
              [36m</button>[39m
              [36m<div[39m
                [33mdata-testid[39m=[32m"moveable-box"[39m
                [33mstyle[39m=[32m"width: 50px; height: 50px; background-color: lightblue; border: 1px solid blue; display: inline-block; vertical-align: bottom; margin-left: 10px;"[39m
              [36m/>[39m
            [36m</div>[39m
          [36m</div>[39m
          [36m<hr />[39m
          [36m<span>[39m
            [36m<button[39m
              [33mclass[39m=[32m"btn btn-primary"[39m
              [33mtype[39m=[32m"button"[39m
            [36m>[39m
              [0mAdd One[0m
            [36m</button>[39m
            [0mto [0m
            [0m0[0m
            [0m.[0m
          [36m</span>[39m
          [36m<hr />[39m
          [36m<div>[39m
            [36m<button[39m
              [33mclass[39m=[32m"btn btn-primary"[39m
              [33mtype[39m=[32m"button"[39m
            [36m>[39m
              [0mReveal Answer[0m
            [36m</button>[39m
            [36m<hr />[39m
          [36m</div>[39m
          [36m<hr />[39m
          [36m<div>[39m
            [0mCurrent Attempt: [0m
            [36m<span>[39m
              [0m4[0m
            [36m</span>[39m
            [36m<button[39m
              [33mclass[39m=[32m"btn btn-primary"[39m
              [33mtype[39m=[32m"button"[39m
            [36m>[39m
              [0mMulligan[0m
            [36m</button>[39m
            [36m<div>[39m
              [36m<button[39m
                [33mclass[39m=[32m"btn btn-primary"[39m
                [33mtype[39m=[32m"button"[39m
              [36m>[39m
                [0mStart Quiz[0m
              [36m</button>[39m
            [36m</div>[39m
            [36m<div>[39m
              [36m<button[39m
                [33mclass[39m=[32m"btn btn-primary"[39m
                [33mdisabled[39m=[32m""[39m
                [33mtype[39m=[32m"button"[39m
              [36m>[39m
                [0mStop Quiz[0m
              [36m</button>[39m
            [36m</div>[39m
          [36m</div>[39m
          [36m<hr />[39m
          [36m<div>[39m
            [36m<span[39m
              [33mdata-testid[39m=[32m"left-die"[39m
            [36m>[39m
              [0m0[0m
            [36m</span>[39m
            [36m<button[39m
              [33mclass[39m=[32m"btn btn-primary"[39m
              [33mtype[39m=[32m"button"[39m
            [36m>[39m
              [0mRoll Left[0m
            [36m</button>[39m
            [36m<button[39m
              [33mclass[39m=[32m"btn btn-primary"[39m
              [33mtype[39m=[32m"button"[39m
            [36m>[39m
              [0mRoll Right[0m
            [36m</button>[39m
            [36m<span[39m
              [33mdata-testid[39m=[32m"right-die"[39m
            [36m>[39m
              [0m1[0m
            [36m</span>[39m
          [36m</div>[39m
          [36m<hr />[39m
          [36m<div>[39m
            [36m<button[39m
              [33mclass[39m=[32m"btn btn-primary"[39m
              [33mtype[39m=[32m"button"[39m
            [36m>[39m
              [0mChange Type[0m
            [36m</button>[39m
            [36m<div>[39m
              [0mShort Answer[0m
            [36m</div>[39m
          [36m</div>[39m
          [36m<hr />[39m
          [36m<div>[39m
            [36m<button[39m
              [33mclass[39m=[32m"btn btn-primary"[39m
              [33mtype[39m=[32m"button"[39m
            [36m>[39m
              [0mAdvance by Alphabet[0m
            [36m</button>[39m
            [36m<button[39m
              [33mclass[39m=[32m"btn btn-primary"[39m
              [33mtype[39m=[32m"button"[39m
            [36m>[39m
              [0mAdvance by Year[0m
            [36m</button>[39m
            [36m<hr />[39m
            [36m<span>[39m
              [0mHoliday: [0m
              [0m��[0m
            [36m</span>[39m
          [36m</div>[39m
        [36m</div>[39m
      [36m</div>[39m
    [36m</body>[39m

      54 |         const consoleSpy = jest.spyOn(console, "log");
      55 |         render(<App />);
    > 56 |         const button = screen.getByRole("button", { name: /Log Hello World/i });
         |                               ^
      57 |         userEvent.click(button);
      58 |         expect(consoleSpy).toHaveBeenCalledWith("Hello World!");
      59 |     });

      at Object.getElementError (node_modules/@testing-library/dom/dist/config.js:38:19)
      at node_modules/@testing-library/dom/dist/query-helpers.js:90:38
      at node_modules/@testing-library/dom/dist/query-helpers.js:62:17
      at getByRole (node_modules/@testing-library/dom/dist/query-helpers.js:111:19)
      at Object.<anonymous> (src/HtmlCss.test.tsx:56:31)


Test Suites: 1 failed, 21 passed, 22 total
Tests:       5 failed, 137 passed, 142 total
Snapshots:   0 total
Time:        10.064 s
Ran all test suites.
